Archive member included to satisfy reference by file (symbol)

/Applications/STM32CubeIDE.app/Contents/Eclipse/plugins/com.st.stm32cube.ide.mcu.externaltools.gnu-tools-for-stm32.10.3-2021.10.macos64_1.0.0.202111181127/tools/bin/../lib/gcc/arm-none-eabi/10.3.1/../../../../arm-none-eabi/lib/thumb/v7-m/nofp/libc_nano.a(lib_a-errno.o)
                              ./Core/Src/syscalls.o (__errno)
/Applications/STM32CubeIDE.app/Contents/Eclipse/plugins/com.st.stm32cube.ide.mcu.externaltools.gnu-tools-for-stm32.10.3-2021.10.macos64_1.0.0.202111181127/tools/bin/../lib/gcc/arm-none-eabi/10.3.1/../../../../arm-none-eabi/lib/thumb/v7-m/nofp/libc_nano.a(lib_a-exit.o)
                              /Applications/STM32CubeIDE.app/Contents/Eclipse/plugins/com.st.stm32cube.ide.mcu.externaltools.gnu-tools-for-stm32.10.3-2021.10.macos64_1.0.0.202111181127/tools/bin/../lib/gcc/arm-none-eabi/10.3.1/../../../../arm-none-eabi/lib/thumb/v7-m/nofp/crt0.o (exit)
/Applications/STM32CubeIDE.app/Contents/Eclipse/plugins/com.st.stm32cube.ide.mcu.externaltools.gnu-tools-for-stm32.10.3-2021.10.macos64_1.0.0.202111181127/tools/bin/../lib/gcc/arm-none-eabi/10.3.1/../../../../arm-none-eabi/lib/thumb/v7-m/nofp/libc_nano.a(lib_a-impure.o)
                              /Applications/STM32CubeIDE.app/Contents/Eclipse/plugins/com.st.stm32cube.ide.mcu.externaltools.gnu-tools-for-stm32.10.3-2021.10.macos64_1.0.0.202111181127/tools/bin/../lib/gcc/arm-none-eabi/10.3.1/../../../../arm-none-eabi/lib/thumb/v7-m/nofp/libc_nano.a(lib_a-exit.o) (_global_impure_ptr)
/Applications/STM32CubeIDE.app/Contents/Eclipse/plugins/com.st.stm32cube.ide.mcu.externaltools.gnu-tools-for-stm32.10.3-2021.10.macos64_1.0.0.202111181127/tools/bin/../lib/gcc/arm-none-eabi/10.3.1/../../../../arm-none-eabi/lib/thumb/v7-m/nofp/libc_nano.a(lib_a-init.o)
                              /Applications/STM32CubeIDE.app/Contents/Eclipse/plugins/com.st.stm32cube.ide.mcu.externaltools.gnu-tools-for-stm32.10.3-2021.10.macos64_1.0.0.202111181127/tools/bin/../lib/gcc/arm-none-eabi/10.3.1/../../../../arm-none-eabi/lib/thumb/v7-m/nofp/crt0.o (__libc_init_array)
/Applications/STM32CubeIDE.app/Contents/Eclipse/plugins/com.st.stm32cube.ide.mcu.externaltools.gnu-tools-for-stm32.10.3-2021.10.macos64_1.0.0.202111181127/tools/bin/../lib/gcc/arm-none-eabi/10.3.1/../../../../arm-none-eabi/lib/thumb/v7-m/nofp/libc_nano.a(lib_a-memcpy-stub.o)
                              ./Drivers/VL53L1X/core/src/vl53l1_api.o (memcpy)
/Applications/STM32CubeIDE.app/Contents/Eclipse/plugins/com.st.stm32cube.ide.mcu.externaltools.gnu-tools-for-stm32.10.3-2021.10.macos64_1.0.0.202111181127/tools/bin/../lib/gcc/arm-none-eabi/10.3.1/../../../../arm-none-eabi/lib/thumb/v7-m/nofp/libc_nano.a(lib_a-memset.o)
                              /Applications/STM32CubeIDE.app/Contents/Eclipse/plugins/com.st.stm32cube.ide.mcu.externaltools.gnu-tools-for-stm32.10.3-2021.10.macos64_1.0.0.202111181127/tools/bin/../lib/gcc/arm-none-eabi/10.3.1/../../../../arm-none-eabi/lib/thumb/v7-m/nofp/crt0.o (memset)
/Applications/STM32CubeIDE.app/Contents/Eclipse/plugins/com.st.stm32cube.ide.mcu.externaltools.gnu-tools-for-stm32.10.3-2021.10.macos64_1.0.0.202111181127/tools/bin/../lib/gcc/arm-none-eabi/10.3.1/../../../../arm-none-eabi/lib/thumb/v7-m/nofp/libc_nano.a(lib_a-nano-vfprintf_float.o)
                              (_printf_float)
/Applications/STM32CubeIDE.app/Contents/Eclipse/plugins/com.st.stm32cube.ide.mcu.externaltools.gnu-tools-for-stm32.10.3-2021.10.macos64_1.0.0.202111181127/tools/bin/../lib/gcc/arm-none-eabi/10.3.1/../../../../arm-none-eabi/lib/thumb/v7-m/nofp/libc_nano.a(lib_a-nano-vfprintf_i.o)
                              /Applications/STM32CubeIDE.app/Contents/Eclipse/plugins/com.st.stm32cube.ide.mcu.externaltools.gnu-tools-for-stm32.10.3-2021.10.macos64_1.0.0.202111181127/tools/bin/../lib/gcc/arm-none-eabi/10.3.1/../../../../arm-none-eabi/lib/thumb/v7-m/nofp/libc_nano.a(lib_a-nano-vfprintf_float.o) (_printf_common)
/Applications/STM32CubeIDE.app/Contents/Eclipse/plugins/com.st.stm32cube.ide.mcu.externaltools.gnu-tools-for-stm32.10.3-2021.10.macos64_1.0.0.202111181127/tools/bin/../lib/gcc/arm-none-eabi/10.3.1/../../../../arm-none-eabi/lib/thumb/v7-m/nofp/libc_nano.a(lib_a-sprintf.o)
                              ./Core/Src/main.o (sprintf)
/Applications/STM32CubeIDE.app/Contents/Eclipse/plugins/com.st.stm32cube.ide.mcu.externaltools.gnu-tools-for-stm32.10.3-2021.10.macos64_1.0.0.202111181127/tools/bin/../lib/gcc/arm-none-eabi/10.3.1/../../../../arm-none-eabi/lib/thumb/v7-m/nofp/libc_nano.a(lib_a-strlen.o)
                              ./Core/Src/xpt2046.o (strlen)
/Applications/STM32CubeIDE.app/Contents/Eclipse/plugins/com.st.stm32cube.ide.mcu.externaltools.gnu-tools-for-stm32.10.3-2021.10.macos64_1.0.0.202111181127/tools/bin/../lib/gcc/arm-none-eabi/10.3.1/../../../../arm-none-eabi/lib/thumb/v7-m/nofp/libc_nano.a(lib_a-strncpy.o)
                              ./Drivers/VL53L1X/core/src/vl53l1_api.o (strncpy)
[...]
Memory Configuration

Name             Origin             Length             Attributes
RAM              0x0000000020000000 0x0000000000010000 xrw
FLASH            0x0000000008000000 0x0000000000080000 xr
*default*        0x0000000000000000 0xffffffffffffffff

Linker script and memory map

LOAD /Applications/STM32CubeIDE.app/Contents/Eclipse/plugins/com.st.stm32cube.ide.mcu.externaltools.gnu-tools-for-stm32.10.3-2021.10.macos64_1.0.0.202111181127/tools/bin/../lib/gcc/arm-none-eabi/10.3.1/thumb/v7-m/nofp/crti.o
LOAD /Applications/STM32CubeIDE.app/Contents/Eclipse/plugins/com.st.stm32cube.ide.mcu.externaltools.gnu-tools-for-stm32.10.3-2021.10.macos64_1.0.0.202111181127/tools/bin/../lib/gcc/arm-none-eabi/10.3.1/thumb/v7-m/nofp/crtbegin.o
LOAD /Applications/STM32CubeIDE.app/Contents/Eclipse/plugins/com.st.stm32cube.ide.mcu.externaltools.gnu-tools-for-stm32.10.3-2021.10.macos64_1.0.0.202111181127/tools/bin/../lib/gcc/arm-none-eabi/10.3.1/../../../../arm-none-eabi/lib/thumb/v7-m/nofp/crt0.o
LOAD ./Core/Src/a3144.o
LOAD ./Core/Src/i2c-lcd.o
LOAD ./Core/Src/lcdtp.o
LOAD ./Core/Src/main.o
LOAD ./Core/Src/stm32f1xx_hal_msp.o
LOAD ./Core/Src/stm32f1xx_it.o
LOAD ./Core/Src/syscalls.o
LOAD ./Core/Src/sysmem.o
LOAD ./Core/Src/system_stm32f1xx.o
LOAD ./Core/Src/ws2812.o
LOAD ./Core/Src/xpt2046.o
LOAD ./Core/Startup/startup_stm32f103vetx.o
LOAD ./Drivers/STM32F1xx_HAL_Driver/Src/stm32f1xx_hal.o
LOAD ./Drivers/STM32F1xx_HAL_Driver/Src/stm32f1xx_hal_cortex.o
LOAD ./Drivers/STM32F1xx_HAL_Driver/Src/stm32f1xx_hal_dma.o
LOAD ./Drivers/STM32F1xx_HAL_Driver/Src/stm32f1xx_hal_exti.o
LOAD ./Drivers/STM32F1xx_HAL_Driver/Src/stm32f1xx_hal_flash.o
LOAD ./Drivers/STM32F1xx_HAL_Driver/Src/stm32f1xx_hal_flash_ex.o
LOAD ./Drivers/STM32F1xx_HAL_Driver/Src/stm32f1xx_hal_gpio.o
LOAD ./Drivers/STM32F1xx_HAL_Driver/Src/stm32f1xx_hal_gpio_ex.o
LOAD ./Drivers/STM32F1xx_HAL_Driver/Src/stm32f1xx_hal_i2c.o
LOAD ./Drivers/STM32F1xx_HAL_Driver/Src/stm32f1xx_hal_pwr.o
LOAD ./Drivers/STM32F1xx_HAL_Driver/Src/stm32f1xx_hal_rcc.o
LOAD ./Drivers/STM32F1xx_HAL_Driver/Src/stm32f1xx_hal_rcc_ex.o
LOAD ./Drivers/STM32F1xx_HAL_Driver/Src/stm32f1xx_hal_sram.o
LOAD ./Drivers/STM32F1xx_HAL_Driver/Src/stm32f1xx_hal_tim.o
LOAD ./Drivers/STM32F1xx_HAL_Driver/Src/stm32f1xx_hal_tim_ex.o
LOAD ./Drivers/STM32F1xx_HAL_Driver/Src/stm32f1xx_ll_fsmc.o
LOAD ./Drivers/VL53L1X/core/src/vl53l1_api.o
LOAD ./Drivers/VL53L1X/core/src/vl53l1_api_calibration.o
LOAD ./Drivers/VL53L1X/core/src/vl53l1_api_core.o
LOAD ./Drivers/VL53L1X/core/src/vl53l1_api_debug.o
LOAD ./Drivers/VL53L1X/core/src/vl53l1_api_preset_modes.o
LOAD ./Drivers/VL53L1X/core/src/vl53l1_api_strings.o
LOAD ./Drivers/VL53L1X/core/src/vl53l1_core.o
LOAD ./Drivers/VL53L1X/core/src/vl53l1_core_support.o
LOAD ./Drivers/VL53L1X/core/src/vl53l1_error_strings.o
LOAD ./Drivers/VL53L1X/core/src/vl53l1_register_funcs.o
LOAD ./Drivers/VL53L1X/core/src/vl53l1_silicon_core.o
LOAD ./Drivers/VL53L1X/core/src/vl53l1_wait.o
LOAD ./Drivers/VL53L1X/platform/src/vl53l1_platform.o
LOAD ./Drivers/VL53L1X/platform/src/vl53l1_platform_log.o
LOAD ./Library_Code/MPU6050.o
START GROUP
LOAD /Applications/STM32CubeIDE.app/Contents/Eclipse/plugins/com.st.stm32cube.ide.mcu.externaltools.gnu-tools-for-stm32.10.3-2021.10.macos64_1.0.0.202111181127/tools/bin/../lib/gcc/arm-none-eabi/10.3.1/../../../../arm-none-eabi/lib/thumb/v7-m/nofp/libc_nano.a
LOAD /Applications/STM32CubeIDE.app/Contents/Eclipse/plugins/com.st.stm32cube.ide.mcu.externaltools.gnu-tools-for-stm32.10.3-2021.10.macos64_1.0.0.202111181127/tools/bin/../lib/gcc/arm-none-eabi/10.3.1/../../../../arm-none-eabi/lib/thumb/v7-m/nofp/libm.a
END GROUP
START GROUP
LOAD /Applications/STM32CubeIDE.app/Contents/Eclipse/plugins/com.st.stm32cube.ide.mcu.externaltools.gnu-tools-for-stm32.10.3-2021.10.macos64_1.0.0.202111181127/tools/bin/../lib/gcc/arm-none-eabi/10.3.1/thumb/v7-m/nofp/libgcc.a
LOAD /Applications/STM32CubeIDE.app/Contents/Eclipse/plugins/com.st.stm32cube.ide.mcu.externaltools.gnu-tools-for-stm32.10.3-2021.10.macos64_1.0.0.202111181127/tools/bin/../lib/gcc/arm-none-eabi/10.3.1/../../../../arm-none-eabi/lib/thumb/v7-m/nofp/libc_nano.a
END GROUP
START GROUP
LOAD /Applications/STM32CubeIDE.app/Contents/Eclipse/plugins/com.st.stm32cube.ide.mcu.externaltools.gnu-tools-for-stm32.10.3-2021.10.macos64_1.0.0.202111181127/tools/bin/../lib/gcc/arm-none-eabi/10.3.1/thumb/v7-m/nofp/libgcc.a
LOAD /Applications/STM32CubeIDE.app/Contents/Eclipse/plugins/com.st.stm32cube.ide.mcu.externaltools.gnu-tools-for-stm32.10.3-2021.10.macos64_1.0.0.202111181127/tools/bin/../lib/gcc/arm-none-eabi/10.3.1/../../../../arm-none-eabi/lib/thumb/v7-m/nofp/libc_nano.a
LOAD /Applications/STM32CubeIDE.app/Contents/Eclipse/plugins/com.st.stm32cube.ide.mcu.externaltools.gnu-tools-for-stm32.10.3-2021.10.macos64_1.0.0.202111181127/tools/bin/../lib/gcc/arm-none-eabi/10.3.1/../../../../arm-none-eabi/lib/thumb/v7-m/nofp/libnosys.a
END GROUP
START GROUP
LOAD /Applications/STM32CubeIDE.app/Contents/Eclipse/plugins/com.st.stm32cube.ide.mcu.externaltools.gnu-tools-for-stm32.10.3-2021.10.macos64_1.0.0.202111181127/tools/bin/../lib/gcc/arm-none-eabi/10.3.1/thumb/v7-m/nofp/libgcc.a
LOAD /Applications/STM32CubeIDE.app/Contents/Eclipse/plugins/com.st.stm32cube.ide.mcu.externaltools.gnu-tools-for-stm32.10.3-2021.10.macos64_1.0.0.202111181127/tools/bin/../lib/gcc/arm-none-eabi/10.3.1/../../../../arm-none-eabi/lib/thumb/v7-m/nofp/libc_nano.a
LOAD /Applications/STM32CubeIDE.app/Contents/Eclipse/plugins/com.st.stm32cube.ide.mcu.externaltools.gnu-tools-for-stm32.10.3-2021.10.macos64_1.0.0.202111181127/tools/bin/../lib/gcc/arm-none-eabi/10.3.1/../../../../arm-none-eabi/lib/thumb/v7-m/nofp/libnosys.a
END GROUP
LOAD /Applications/STM32CubeIDE.app/Contents/Eclipse/plugins/com.st.stm32cube.ide.mcu.externaltools.gnu-tools-for-stm32.10.3-2021.10.macos64_1.0.0.202111181127/tools/bin/../lib/gcc/arm-none-eabi/10.3.1/thumb/v7-m/nofp/crtend.o
LOAD /Applications/STM32CubeIDE.app/Contents/Eclipse/plugins/com.st.stm32cube.ide.mcu.externaltools.gnu-tools-for-stm32.10.3-2021.10.macos64_1.0.0.202111181127/tools/bin/../lib/gcc/arm-none-eabi/10.3.1/thumb/v7-m/nofp/crtn.o
                0x0000000020010000                _estack = (ORIGIN (RAM) + LENGTH (RAM))
                0x0000000000000200                _Min_Heap_Size = 0x200
                0x0000000000000400                _Min_Stack_Size = 0x400

.isr_vector     0x0000000008000000      0x1e4
                0x0000000008000000                . = ALIGN (0x4)
 *(.isr_vector)
 .isr_vector    0x0000000008000000      0x1e4 ./Core/Startup/startup_stm32f103vetx.o
                0x0000000008000000                g_pfnVectors
                0x00000000080001e4                . = ALIGN (0x4)

.text           0x00000000080001e8     0xfc94
                0x00000000080001e8                . = ALIGN (0x4)
 *(.text)
 .text          0x00000000080001e8       0x40 /Applications/STM32CubeIDE.app/Contents/Eclipse/plugins/com.st.stm32cube.ide.mcu.externaltools.gnu-tools-for-stm32.10.3-2021.10.macos64_1.0.0.202111181127/tools/bin/../lib/gcc/arm-none-eabi/10.3.1/thumb/v7-m/nofp/crtbegin.o
 .text          0x0000000008000228       0x10 /Applications/STM32CubeIDE.app/Contents/Eclipse/plugins/com.st.stm32cube.ide.mcu.externaltools.gnu-tools-for-stm32.10.3-2021.10.macos64_1.0.0.202111181127/tools/bin/../lib/gcc/arm-none-eabi/10.3.1/../../../../arm-none-eabi/lib/thumb/v7-m/nofp/libc_nano.a(lib_a-strlen.o)
                0x0000000008000228                strlen
 .text          0x0000000008000238      0x378 /Applications/STM32CubeIDE.app/Contents/Eclipse/plugins/com.st.stm32cube.ide.mcu.externaltools.gnu-tools-for-stm32.10.3-2021.10.macos64_1.0.0.202111181127/tools/bin/../lib/gcc/arm-none-eabi/10.3.1/thumb/v7-m/nofp/libgcc.a(_arm_addsubdf3.o)
                0x0000000008000238                __aeabi_drsub
                0x0000000008000240                __subdf3
                0x0000000008000240                __aeabi_dsub
                0x0000000008000244                __aeabi_dadd
                0x0000000008000244                __adddf3
                0x00000000080004bc                __aeabi_ui2d
                0x00000000080004bc                __floatunsidf
                0x00000000080004dc                __floatsidf
                0x00000000080004dc                __aeabi_i2d
                0x0000000008000500                __extendsfdf2
                0x0000000008000500                __aeabi_f2d
                0x0000000008000544                __aeabi_ul2d
                0x0000000008000544                __floatundidf
                0x0000000008000554                __aeabi_l2d
                0x0000000008000554                __floatdidf
 .text          0x00000000080005b0      0x424 /Applications/STM32CubeIDE.app/Contents/Eclipse/plugins/com.st.stm32cube.ide.mcu.externaltools.gnu-tools-for-stm32.10.3-2021.10.macos64_1.0.0.202111181127/tools/bin/../lib/gcc/arm-none-eabi/10.3.1/thumb/v7-m/nofp/libgcc.a(_arm_muldivdf3.o)
                0x00000000080005b0                __aeabi_dmul
                0x00000000080005b0                __muldf3
                0x0000000008000804                __aeabi_ddiv
                0x0000000008000804                __divdf3
 .text          0x00000000080009d4      0x110 /Applications/STM32CubeIDE.app/Contents/Eclipse/plugins/com.st.stm32cube.ide.mcu.externaltools.gnu-tools-for-stm32.10.3-2021.10.macos64_1.0.0.202111181127/tools/bin/../lib/gcc/arm-none-eabi/10.3.1/thumb/v7-m/nofp/libgcc.a(_arm_cmpdf2.o)
                0x00000000080009d4                __gedf2
                0x00000000080009d4                __gtdf2
                0x00000000080009dc                __ledf2
                0x00000000080009dc                __ltdf2
                0x00000000080009e4                __cmpdf2
                0x00000000080009e4                __eqdf2
                0x00000000080009e4                __nedf2
                0x0000000008000a60                __aeabi_cdrcmple
                0x0000000008000a70                __aeabi_cdcmple
                0x0000000008000a70                __aeabi_cdcmpeq
                0x0000000008000a80                __aeabi_dcmpeq
                0x0000000008000a94                __aeabi_dcmplt
                0x0000000008000aa8                __aeabi_dcmple
                0x0000000008000abc                __aeabi_dcmpge
                0x0000000008000ad0                __aeabi_dcmpgt
 .text          0x0000000008000ae4       0x2c /Applications/STM32CubeIDE.app/Contents/Eclipse/plugins/com.st.stm32cube.ide.mcu.externaltools.gnu-tools-for-stm32.10.3-2021.10.macos64_1.0.0.202111181127/tools/bin/../lib/gcc/arm-none-eabi/10.3.1/thumb/v7-m/nofp/libgcc.a(_arm_unorddf2.o)
                0x0000000008000ae4                __aeabi_dcmpun
                0x0000000008000ae4                __unorddf2
 .text          0x0000000008000b10       0x50 /Applications/STM32CubeIDE.app/Contents/Eclipse/plugins/com.st.stm32cube.ide.mcu.externaltools.gnu-tools-for-stm32.10.3-2021.10.macos64_1.0.0.202111181127/tools/bin/../lib/gcc/arm-none-eabi/10.3.1/thumb/v7-m/nofp/libgcc.a(_arm_fixdfsi.o)
                0x0000000008000b10                __fixdfsi
                0x0000000008000b10                __aeabi_d2iz
 .text          0x0000000008000b60       0x40 /Applications/STM32CubeIDE.app/Contents/Eclipse/plugins/com.st.stm32cube.ide.mcu.externaltools.gnu-tools-for-stm32.10.3-2021.10.macos64_1.0.0.202111181127/tools/bin/../lib/gcc/arm-none-eabi/10.3.1/thumb/v7-m/nofp/libgcc.a(_arm_fixunsdfsi.o)
                0x0000000008000b60                __fixunsdfsi
                0x0000000008000b60                __aeabi_d2uiz
 .text          0x0000000008000ba0       0xa0 /Applications/STM32CubeIDE.app/Contents/Eclipse/plugins/com.st.stm32cube.ide.mcu.externaltools.gnu-tools-for-stm32.10.3-2021.10.macos64_1.0.0.202111181127/tools/bin/../lib/gcc/arm-none-eabi/10.3.1/thumb/v7-m/nofp/libgcc.a(_arm_truncdfsf2.o)
                0x0000000008000ba0                __aeabi_d2f
                0x0000000008000ba0                __truncdfsf2
 .text          0x0000000008000c40      0x21c /Applications/STM32CubeIDE.app/Contents/Eclipse/plugins/com.st.stm32cube.ide.mcu.externaltools.gnu-tools-for-stm32.10.3-2021.10.macos64_1.0.0.202111181127/tools/bin/../lib/gcc/arm-none-eabi/10.3.1/thumb/v7-m/nofp/libgcc.a(_arm_addsubsf3.o)
                0x0000000008000c40                __aeabi_frsub
                0x0000000008000c48                __aeabi_fsub
                0x0000000008000c48                __subsf3
                0x0000000008000c4c                __aeabi_fadd
                0x0000000008000c4c                __addsf3
                0x0000000008000dac                __aeabi_ui2f
                0x0000000008000dac                __floatunsisf
                0x0000000008000db4                __floatsisf
                0x0000000008000db4                __aeabi_i2f
                0x0000000008000dd0                __aeabi_ul2f
                0x0000000008000dd0                __floatundisf
                0x0000000008000de0                __aeabi_l2f
                0x0000000008000de0                __floatdisf
 .text          0x0000000008000e5c      0x2a0 /Applications/STM32CubeIDE.app/Contents/Eclipse/plugins/com.st.stm32cube.ide.mcu.externaltools.gnu-tools-for-stm32.10.3-2021.10.macos64_1.0.0.202111181127/tools/bin/../lib/gcc/arm-none-eabi/10.3.1/thumb/v7-m/nofp/libgcc.a(_arm_muldivsf3.o)
                0x0000000008000e5c                __mulsf3
                0x0000000008000e5c                __aeabi_fmul
                0x0000000008000fc4                __divsf3
                0x0000000008000fc4                __aeabi_fdiv
 .text          0x00000000080010fc       0xec /Applications/STM32CubeIDE.app/Contents/Eclipse/plugins/com.st.stm32cube.ide.mcu.externaltools.gnu-tools-for-stm32.10.3-2021.10.macos64_1.0.0.202111181127/tools/bin/../lib/gcc/arm-none-eabi/10.3.1/thumb/v7-m/nofp/libgcc.a(_arm_cmpsf2.o)
                0x00000000080010fc                __gesf2
                0x00000000080010fc                __gtsf2
                0x0000000008001104                __ltsf2
                0x0000000008001104                __lesf2
                0x000000000800110c                __nesf2
                0x000000000800110c                __eqsf2
                0x000000000800110c                __cmpsf2
                0x000000000800116c                __aeabi_cfrcmple
                0x0000000008001174                __aeabi_cfcmpeq
                0x0000000008001174                __aeabi_cfcmple
                0x0000000008001184                __aeabi_fcmpeq
                0x0000000008001198                __aeabi_fcmplt
                0x00000000080011ac                __aeabi_fcmple
                0x00000000080011c0                __aeabi_fcmpge
                0x00000000080011d4                __aeabi_fcmpgt
 *(.text*)
 .text.CountRPM
                0x00000000080011e8       0xb4 ./Core/Src/a3144.o
                0x00000000080011e8                CountRPM
 *fill*         0x000000000800129c        0x4 
 .text.GetRotationSpeed
                0x00000000080012a0       0x6c ./Core/Src/a3144.o
                0x00000000080012a0                GetRotationSpeed
 .text.a3144_Init
                0x000000000800130c       0x14 ./Core/Src/a3144.o
                0x000000000800130c                a3144_Init
 .text.HAL_TIM_PeriodElapsedCallback
                0x0000000008001320       0x38 ./Core/Src/a3144.o
                0x0000000008001320                HAL_TIM_PeriodElapsedCallback
 .text.Delay    0x0000000008001358       0x22 ./Core/Src/lcdtp.o
                0x0000000008001358                Delay
 .text.LCD_INIT
                0x000000000800137a       0x2e ./Core/Src/lcdtp.o
                0x000000000800137a                LCD_INIT
 .text.LCD_Rst  0x00000000080013a8       0x30 ./Core/Src/lcdtp.o
                0x00000000080013a8                LCD_Rst
 .text.LCD_BackLed_Control
                0x00000000080013d8       0x38 ./Core/Src/lcdtp.o
                0x00000000080013d8                LCD_BackLed_Control
 .text.LCD_Write_Cmd
                0x0000000008001410       0x1c ./Core/Src/lcdtp.o
                0x0000000008001410                LCD_Write_Cmd
 .text.LCD_Write_Data
                0x000000000800142c       0x20 ./Core/Src/lcdtp.o
                0x000000000800142c                LCD_Write_Data
 .text.LCD_REG_Config
                0x000000000800144c      0x234 ./Core/Src/lcdtp.o
                0x000000000800144c                LCD_REG_Config
 .text.LCD_OpenWindow
                0x0000000008001680       0xb2 ./Core/Src/lcdtp.o
                0x0000000008001680                LCD_OpenWindow
 .text.LCD_FillColor
                0x0000000008001732       0x3c ./Core/Src/lcdtp.o
                0x0000000008001732                LCD_FillColor
 .text.LCD_Clear
                0x000000000800176e       0x46 ./Core/Src/lcdtp.o
                0x000000000800176e                LCD_Clear
 .text.LCD_DrawChar
                0x00000000080017b4       0x8c ./Core/Src/lcdtp.o
                0x00000000080017b4                LCD_DrawChar
 .text.LCD_DrawString
                0x0000000008001840       0x5e ./Core/Src/lcdtp.o
                0x0000000008001840                LCD_DrawString
 *fill*         0x000000000800189e        0x2 
 .text.LCD_DrawChar_Color
                0x00000000080018a0       0x9c ./Core/Src/lcdtp.o
                0x00000000080018a0                LCD_DrawChar_Color
 .text.LCD_DrawCross
                0x000000000800193c       0x44 ./Core/Src/lcdtp.o
                0x000000000800193c                LCD_DrawCross
 .text.LCD_DrawString_Color
                0x0000000008001980       0x6a ./Core/Src/lcdtp.o
                0x0000000008001980                LCD_DrawString_Color
 *fill*         0x00000000080019ea        0x2 
 .text.LCD_GramScan
                0x00000000080019ec      0x164 ./Core/Src/lcdtp.o
                0x00000000080019ec                LCD_GramScan
 .text.main     0x0000000008001b50      0x4b4 ./Core/Src/main.o
                0x0000000008001b50                main
 .text.SystemClock_Config
                0x0000000008002004       0x8c ./Core/Src/main.o
                0x0000000008002004                SystemClock_Config
 .text.MX_I2C1_Init
                0x0000000008002090       0x5c ./Core/Src/main.o
 .text.MX_I2C2_Init
                0x00000000080020ec       0x5c ./Core/Src/main.o
 .text.MX_TIM1_Init
                0x0000000008002148      0x140 ./Core/Src/main.o
 .text.MX_TIM3_Init
                0x0000000008002288       0x9c ./Core/Src/main.o
 .text.MX_DMA_Init
                0x0000000008002324       0x3c ./Core/Src/main.o
 .text.MX_GPIO_Init
                0x0000000008002360      0x158 ./Core/Src/main.o
 .text.MX_FSMC_Init
                0x00000000080024b8       0xfc ./Core/Src/main.o
 .text.Error_Handler
                0x00000000080025b4        0xa ./Core/Src/main.o
                0x00000000080025b4                Error_Handler
 *fill*         0x00000000080025be        0x2 
 .text.HAL_MspInit
                0x00000000080025c0       0x64 ./Core/Src/stm32f1xx_hal_msp.o
                0x00000000080025c0                HAL_MspInit
 .text.HAL_I2C_MspInit
                0x0000000008002624       0xd8 ./Core/Src/stm32f1xx_hal_msp.o
                0x0000000008002624                HAL_I2C_MspInit
 .text.HAL_TIM_Base_MspInit
                0x00000000080026fc       0xcc ./Core/Src/stm32f1xx_hal_msp.o
                0x00000000080026fc                HAL_TIM_Base_MspInit
 .text.HAL_TIM_MspPostInit
                0x00000000080027c8       0x68 ./Core/Src/stm32f1xx_hal_msp.o
                0x00000000080027c8                HAL_TIM_MspPostInit
 .text.HAL_FSMC_MspInit
                0x0000000008002830       0x88 ./Core/Src/stm32f1xx_hal_msp.o
 .text.HAL_SRAM_MspInit
                0x00000000080028b8       0x14 ./Core/Src/stm32f1xx_hal_msp.o
                0x00000000080028b8                HAL_SRAM_MspInit
 .text.NMI_Handler
                0x00000000080028cc        0xc ./Core/Src/stm32f1xx_it.o
                0x00000000080028cc                NMI_Handler
 .text.HardFault_Handler
                0x00000000080028d8        0x6 ./Core/Src/stm32f1xx_it.o
                0x00000000080028d8                HardFault_Handler
 .text.MemManage_Handler
                0x00000000080028de        0x6 ./Core/Src/stm32f1xx_it.o
                0x00000000080028de                MemManage_Handler
 .text.BusFault_Handler
                0x00000000080028e4        0x6 ./Core/Src/stm32f1xx_it.o
                0x00000000080028e4                BusFault_Handler
 .text.UsageFault_Handler
                0x00000000080028ea        0x6 ./Core/Src/stm32f1xx_it.o
                0x00000000080028ea                UsageFault_Handler
 .text.SVC_Handler
                0x00000000080028f0        0xc ./Core/Src/stm32f1xx_it.o
                0x00000000080028f0                SVC_Handler
 .text.DebugMon_Handler
                0x00000000080028fc        0xc ./Core/Src/stm32f1xx_it.o
                0x00000000080028fc                DebugMon_Handler
 .text.PendSV_Handler
                0x0000000008002908        0xc ./Core/Src/stm32f1xx_it.o
                0x0000000008002908                PendSV_Handler
 .text.SysTick_Handler
                0x0000000008002914        0xc ./Core/Src/stm32f1xx_it.o
                0x0000000008002914                SysTick_Handler
 .text.DMA1_Channel2_IRQHandler
                0x0000000008002920       0x14 ./Core/Src/stm32f1xx_it.o
                0x0000000008002920                DMA1_Channel2_IRQHandler
 .text.TIM3_IRQHandler
                0x0000000008002934       0x14 ./Core/Src/stm32f1xx_it.o
                0x0000000008002934                TIM3_IRQHandler
 .text._getpid  0x0000000008002948        0xe ./Core/Src/syscalls.o
                0x0000000008002948                _getpid
 .text._kill    0x0000000008002956       0x20 ./Core/Src/syscalls.o
                0x0000000008002956                _kill
 .text._exit    0x0000000008002976       0x14 ./Core/Src/syscalls.o
                0x0000000008002976                _exit
 .text._read    0x000000000800298a       0x3a ./Core/Src/syscalls.o
                0x000000000800298a                _read
 .text._write   0x00000000080029c4       0x38 ./Core/Src/syscalls.o
                0x00000000080029c4                _write
 .text._close   0x00000000080029fc       0x16 ./Core/Src/syscalls.o
                0x00000000080029fc                _close
 .text._fstat   0x0000000008002a12       0x1e ./Core/Src/syscalls.o
                0x0000000008002a12                _fstat
 .text._isatty  0x0000000008002a30       0x14 ./Core/Src/syscalls.o
                0x0000000008002a30                _isatty
 .text._lseek   0x0000000008002a44       0x18 ./Core/Src/syscalls.o
                0x0000000008002a44                _lseek
 .text._sbrk    0x0000000008002a5c       0x6c ./Core/Src/sysmem.o
                0x0000000008002a5c                _sbrk
 .text.SystemInit
                0x0000000008002ac8        0xc ./Core/Src/system_stm32f1xx.o
                0x0000000008002ac8                SystemInit
 .text.HAL_TIM_PWM_PulseFinishedCallback
                0x0000000008002ad4       0x28 ./Core/Src/ws2812.o
                0x0000000008002ad4                HAL_TIM_PWM_PulseFinishedCallback
 .text.Set_LED  0x0000000008002afc       0x58 ./Core/Src/ws2812.o
                0x0000000008002afc                Set_LED
 .text.WS2812_Send
                0x0000000008002b54       0xdc ./Core/Src/ws2812.o
                0x0000000008002b54                WS2812_Send
 .text.XPT2046_DelayUS
                0x0000000008002c30       0x38 ./Core/Src/xpt2046.o
 .text.XPT2046_WriteCMD
                0x0000000008002c68       0x88 ./Core/Src/xpt2046.o
 .text.XPT2046_ReadCMD
                0x0000000008002cf0       0x78 ./Core/Src/xpt2046.o
 .text.XPT2046_ReadAdc
                0x0000000008002d68       0x20 ./Core/Src/xpt2046.o
 .text.XPT2046_ReadAdc_XY
                0x0000000008002d88       0x38 ./Core/Src/xpt2046.o
 .text.XPT2046_ReadAdc_Smooth_XY
                0x0000000008002dc0      0x22c ./Core/Src/xpt2046.o
 .text.XPT2046_Calculate_CalibrationFactor
                0x0000000008002fec      0x31a ./Core/Src/xpt2046.o
 *fill*         0x0000000008003306        0x2 
 .text.XPT2046_Touch_Calibrate
                0x0000000008003308      0x480 ./Core/Src/xpt2046.o
                0x0000000008003308                XPT2046_Touch_Calibrate
 .text.XPT2046_Get_TouchedPoint
                0x0000000008003788      0x10e ./Core/Src/xpt2046.o
                0x0000000008003788                XPT2046_Get_TouchedPoint
 *fill*         0x0000000008003896        0x2 
 .text.Reset_Handler
                0x0000000008003898       0x48 ./Core/Startup/startup_stm32f103vetx.o
                0x0000000008003898                Reset_Handler
 .text.Default_Handler
                0x00000000080038e0        0x2 ./Core/Startup/startup_stm32f103vetx.o
                0x00000000080038e0                DMA2_Channel3_IRQHandler
                0x00000000080038e0                EXTI2_IRQHandler
                0x00000000080038e0                TIM8_TRG_COM_IRQHandler
                0x00000000080038e0                TIM8_CC_IRQHandler
                0x00000000080038e0                TIM1_CC_IRQHandler
                0x00000000080038e0                TIM6_IRQHandler
                0x00000000080038e0                PVD_IRQHandler
                0x00000000080038e0                SDIO_IRQHandler
                0x00000000080038e0                EXTI3_IRQHandler
                0x00000000080038e0                EXTI0_IRQHandler
                0x00000000080038e0                I2C2_EV_IRQHandler
                0x00000000080038e0                ADC1_2_IRQHandler
                0x00000000080038e0                SPI1_IRQHandler
                0x00000000080038e0                TAMPER_IRQHandler
                0x00000000080038e0                TIM8_UP_IRQHandler
                0x00000000080038e0                DMA2_Channel2_IRQHandler
                0x00000000080038e0                DMA1_Channel4_IRQHandler
                0x00000000080038e0                USART3_IRQHandler
                0x00000000080038e0                RTC_IRQHandler
                0x00000000080038e0                DMA1_Channel7_IRQHandler
                0x00000000080038e0                CAN1_RX1_IRQHandler
                0x00000000080038e0                UART5_IRQHandler
                0x00000000080038e0                ADC3_IRQHandler
                0x00000000080038e0                TIM4_IRQHandler
                0x00000000080038e0                DMA2_Channel1_IRQHandler
                0x00000000080038e0                I2C1_EV_IRQHandler
                0x00000000080038e0                DMA1_Channel6_IRQHandler
                0x00000000080038e0                UART4_IRQHandler
                0x00000000080038e0                RCC_IRQHandler
                0x00000000080038e0                TIM1_TRG_COM_IRQHandler
                0x00000000080038e0                DMA1_Channel1_IRQHandler
                0x00000000080038e0                Default_Handler
                0x00000000080038e0                EXTI15_10_IRQHandler
                0x00000000080038e0                TIM7_IRQHandler
                0x00000000080038e0                TIM5_IRQHandler
                0x00000000080038e0                EXTI9_5_IRQHandler
                0x00000000080038e0                SPI2_IRQHandler
                0x00000000080038e0                DMA1_Channel5_IRQHandler
                0x00000000080038e0                EXTI4_IRQHandler
                0x00000000080038e0                USB_LP_CAN1_RX0_IRQHandler
                0x00000000080038e0                USB_HP_CAN1_TX_IRQHandler
                0x00000000080038e0                DMA1_Channel3_IRQHandler
                0x00000000080038e0                FSMC_IRQHandler
                0x00000000080038e0                TIM1_UP_IRQHandler
                0x00000000080038e0                WWDG_IRQHandler
                0x00000000080038e0                TIM2_IRQHandler
                0x00000000080038e0                TIM1_BRK_IRQHandler
                0x00000000080038e0                EXTI1_IRQHandler
                0x00000000080038e0                DMA2_Channel4_5_IRQHandler
                0x00000000080038e0                USART2_IRQHandler
                0x00000000080038e0                I2C2_ER_IRQHandler
                0x00000000080038e0                TIM8_BRK_IRQHandler
                0x00000000080038e0                CAN1_SCE_IRQHandler
                0x00000000080038e0                FLASH_IRQHandler
                0x00000000080038e0                USART1_IRQHandler
                0x00000000080038e0                SPI3_IRQHandler
                0x00000000080038e0                I2C1_ER_IRQHandler
                0x00000000080038e0                USBWakeUp_IRQHandler
                0x00000000080038e0                RTC_Alarm_IRQHandler
 *fill*         0x00000000080038e2        0x2 
 .text.HAL_Init
                0x00000000080038e4       0x2c ./Drivers/STM32F1xx_HAL_Driver/Src/stm32f1xx_hal.o
                0x00000000080038e4                HAL_Init
 .text.HAL_InitTick
                0x0000000008003910       0x60 ./Drivers/STM32F1xx_HAL_Driver/Src/stm32f1xx_hal.o
                0x0000000008003910                HAL_InitTick
 .text.HAL_IncTick
                0x0000000008003970       0x24 ./Drivers/STM32F1xx_HAL_Driver/Src/stm32f1xx_hal.o
                0x0000000008003970                HAL_IncTick
 .text.HAL_GetTick
                0x0000000008003994       0x14 ./Drivers/STM32F1xx_HAL_Driver/Src/stm32f1xx_hal.o
                0x0000000008003994                HAL_GetTick
 .text.HAL_Delay
                0x00000000080039a8       0x48 ./Drivers/STM32F1xx_HAL_Driver/Src/stm32f1xx_hal.o
                0x00000000080039a8                HAL_Delay
 .text.__NVIC_SetPriorityGrouping
                0x00000000080039f0       0x48 ./Drivers/STM32F1xx_HAL_Driver/Src/stm32f1xx_hal_cortex.o
 .text.__NVIC_GetPriorityGrouping
                0x0000000008003a38       0x1c ./Drivers/STM32F1xx_HAL_Driver/Src/stm32f1xx_hal_cortex.o
 .text.__NVIC_EnableIRQ
                0x0000000008003a54       0x38 ./Drivers/STM32F1xx_HAL_Driver/Src/stm32f1xx_hal_cortex.o
 .text.__NVIC_SetPriority
                0x0000000008003a8c       0x54 ./Drivers/STM32F1xx_HAL_Driver/Src/stm32f1xx_hal_cortex.o
 .text.NVIC_EncodePriority
                0x0000000008003ae0       0x64 ./Drivers/STM32F1xx_HAL_Driver/Src/stm32f1xx_hal_cortex.o
 .text.SysTick_Config
                0x0000000008003b44       0x44 ./Drivers/STM32F1xx_HAL_Driver/Src/stm32f1xx_hal_cortex.o
 .text.HAL_NVIC_SetPriorityGrouping
                0x0000000008003b88       0x16 ./Drivers/STM32F1xx_HAL_Driver/Src/stm32f1xx_hal_cortex.o
                0x0000000008003b88                HAL_NVIC_SetPriorityGrouping
 .text.HAL_NVIC_SetPriority
                0x0000000008003b9e       0x38 ./Drivers/STM32F1xx_HAL_Driver/Src/stm32f1xx_hal_cortex.o
                0x0000000008003b9e                HAL_NVIC_SetPriority
 .text.HAL_NVIC_EnableIRQ
                0x0000000008003bd6       0x1c ./Drivers/STM32F1xx_HAL_Driver/Src/stm32f1xx_hal_cortex.o
                0x0000000008003bd6                HAL_NVIC_EnableIRQ
 .text.HAL_SYSTICK_Config
                0x0000000008003bf2       0x18 ./Drivers/STM32F1xx_HAL_Driver/Src/stm32f1xx_hal_cortex.o
                0x0000000008003bf2                HAL_SYSTICK_Config
 *fill*         0x0000000008003c0a        0x2 
 .text.HAL_DMA_Init
                0x0000000008003c0c       0xec ./Drivers/STM32F1xx_HAL_Driver/Src/stm32f1xx_hal_dma.o
                0x0000000008003c0c                HAL_DMA_Init
 .text.HAL_DMA_Start_IT
                0x0000000008003cf8       0xbe ./Drivers/STM32F1xx_HAL_Driver/Src/stm32f1xx_hal_dma.o
                0x0000000008003cf8                HAL_DMA_Start_IT
 *fill*         0x0000000008003db6        0x2 
 .text.HAL_DMA_Abort_IT
                0x0000000008003db8      0x210 ./Drivers/STM32F1xx_HAL_Driver/Src/stm32f1xx_hal_dma.o
                0x0000000008003db8                HAL_DMA_Abort_IT
 .text.HAL_DMA_IRQHandler
                0x0000000008003fc8      0x478 ./Drivers/STM32F1xx_HAL_Driver/Src/stm32f1xx_hal_dma.o
                0x0000000008003fc8                HAL_DMA_IRQHandler
 .text.DMA_SetConfig
                0x0000000008004440       0x5a ./Drivers/STM32F1xx_HAL_Driver/Src/stm32f1xx_hal_dma.o
 *fill*         0x000000000800449a        0x2 
 .text.HAL_GPIO_Init
                0x000000000800449c      0x328 ./Drivers/STM32F1xx_HAL_Driver/Src/stm32f1xx_hal_gpio.o
                0x000000000800449c                HAL_GPIO_Init
 .text.HAL_GPIO_ReadPin
                0x00000000080047c4       0x2e ./Drivers/STM32F1xx_HAL_Driver/Src/stm32f1xx_hal_gpio.o
                0x00000000080047c4                HAL_GPIO_ReadPin
 .text.HAL_GPIO_WritePin
                0x00000000080047f2       0x30 ./Drivers/STM32F1xx_HAL_Driver/Src/stm32f1xx_hal_gpio.o
                0x00000000080047f2                HAL_GPIO_WritePin
 *fill*         0x0000000008004822        0x2 
 .text.HAL_I2C_Init
                0x0000000008004824      0x288 ./Drivers/STM32F1xx_HAL_Driver/Src/stm32f1xx_hal_i2c.o
                0x0000000008004824                HAL_I2C_Init
 .text.HAL_I2C_Master_Transmit
                0x0000000008004aac      0x1fc ./Drivers/STM32F1xx_HAL_Driver/Src/stm32f1xx_hal_i2c.o
                0x0000000008004aac                HAL_I2C_Master_Transmit
 .text.HAL_I2C_Master_Receive
                0x0000000008004ca8      0x4c0 ./Drivers/STM32F1xx_HAL_Driver/Src/stm32f1xx_hal_i2c.o
                0x0000000008004ca8                HAL_I2C_Master_Receive
 .text.HAL_I2C_IsDeviceReady
                0x0000000008005168      0x25c ./Drivers/STM32F1xx_HAL_Driver/Src/stm32f1xx_hal_i2c.o
                0x0000000008005168                HAL_I2C_IsDeviceReady
 .text.I2C_MasterRequestWrite
                0x00000000080053c4      0x104 ./Drivers/STM32F1xx_HAL_Driver/Src/stm32f1xx_hal_i2c.o
 .text.I2C_MasterRequestRead
                0x00000000080054c8      0x19c ./Drivers/STM32F1xx_HAL_Driver/Src/stm32f1xx_hal_i2c.o
 .text.I2C_WaitOnFlagUntilTimeout
                0x0000000008005664       0xae ./Drivers/STM32F1xx_HAL_Driver/Src/stm32f1xx_hal_i2c.o
 .text.I2C_WaitOnMasterAddressFlagUntilTimeout
                0x0000000008005712       0xfe ./Drivers/STM32F1xx_HAL_Driver/Src/stm32f1xx_hal_i2c.o
 .text.I2C_WaitOnTXEFlagUntilTimeout
                0x0000000008005810       0x82 ./Drivers/STM32F1xx_HAL_Driver/Src/stm32f1xx_hal_i2c.o
 .text.I2C_WaitOnBTFFlagUntilTimeout
                0x0000000008005892       0x82 ./Drivers/STM32F1xx_HAL_Driver/Src/stm32f1xx_hal_i2c.o
 .text.I2C_WaitOnRXNEFlagUntilTimeout
                0x0000000008005914       0xac ./Drivers/STM32F1xx_HAL_Driver/Src/stm32f1xx_hal_i2c.o
 .text.I2C_IsAcknowledgeFailed
                0x00000000080059c0       0x5c ./Drivers/STM32F1xx_HAL_Driver/Src/stm32f1xx_hal_i2c.o
 .text.HAL_RCC_OscConfig
                0x0000000008005a1c      0x504 ./Drivers/STM32F1xx_HAL_Driver/Src/stm32f1xx_hal_rcc.o
                0x0000000008005a1c                HAL_RCC_OscConfig
 .text.HAL_RCC_ClockConfig
                0x0000000008005f20      0x1d4 ./Drivers/STM32F1xx_HAL_Driver/Src/stm32f1xx_hal_rcc.o
                0x0000000008005f20                HAL_RCC_ClockConfig
 .text.HAL_RCC_GetSysClockFreq
                0x00000000080060f4       0xbc ./Drivers/STM32F1xx_HAL_Driver/Src/stm32f1xx_hal_rcc.o
                0x00000000080060f4                HAL_RCC_GetSysClockFreq
 .text.HAL_RCC_GetHCLKFreq
                0x00000000080061b0       0x14 ./Drivers/STM32F1xx_HAL_Driver/Src/stm32f1xx_hal_rcc.o
                0x00000000080061b0                HAL_RCC_GetHCLKFreq
 .text.HAL_RCC_GetPCLK1Freq
                0x00000000080061c4       0x28 ./Drivers/STM32F1xx_HAL_Driver/Src/stm32f1xx_hal_rcc.o
                0x00000000080061c4                HAL_RCC_GetPCLK1Freq
 .text.RCC_Delay
                0x00000000080061ec       0x3c ./Drivers/STM32F1xx_HAL_Driver/Src/stm32f1xx_hal_rcc.o
 .text.HAL_SRAM_Init
                0x0000000008006228       0x9a ./Drivers/STM32F1xx_HAL_Driver/Src/stm32f1xx_hal_sram.o
                0x0000000008006228                HAL_SRAM_Init
 .text.HAL_TIM_Base_Init
                0x00000000080062c2       0x9e ./Drivers/STM32F1xx_HAL_Driver/Src/stm32f1xx_hal_tim.o
                0x00000000080062c2                HAL_TIM_Base_Init
 .text.HAL_TIM_Base_Start_IT
                0x0000000008006360       0xc0 ./Drivers/STM32F1xx_HAL_Driver/Src/stm32f1xx_hal_tim.o
                0x0000000008006360                HAL_TIM_Base_Start_IT
 .text.HAL_TIM_PWM_Init
                0x0000000008006420       0x9e ./Drivers/STM32F1xx_HAL_Driver/Src/stm32f1xx_hal_tim.o
                0x0000000008006420                HAL_TIM_PWM_Init
 .text.HAL_TIM_PWM_MspInit
                0x00000000080064be       0x12 ./Drivers/STM32F1xx_HAL_Driver/Src/stm32f1xx_hal_tim.o
                0x00000000080064be                HAL_TIM_PWM_MspInit
 .text.HAL_TIM_PWM_Start_DMA
                0x00000000080064d0      0x364 ./Drivers/STM32F1xx_HAL_Driver/Src/stm32f1xx_hal_tim.o
                0x00000000080064d0                HAL_TIM_PWM_Start_DMA
 .text.HAL_TIM_PWM_Stop_DMA
                0x0000000008006834      0x194 ./Drivers/STM32F1xx_HAL_Driver/Src/stm32f1xx_hal_tim.o
                0x0000000008006834                HAL_TIM_PWM_Stop_DMA
 .text.HAL_TIM_IRQHandler
                0x00000000080069c8      0x210 ./Drivers/STM32F1xx_HAL_Driver/Src/stm32f1xx_hal_tim.o
                0x00000000080069c8                HAL_TIM_IRQHandler
 .text.HAL_TIM_PWM_ConfigChannel
                0x0000000008006bd8      0x17c ./Drivers/STM32F1xx_HAL_Driver/Src/stm32f1xx_hal_tim.o
                0x0000000008006bd8                HAL_TIM_PWM_ConfigChannel
 .text.HAL_TIM_ConfigClockSource
                0x0000000008006d54      0x188 ./Drivers/STM32F1xx_HAL_Driver/Src/stm32f1xx_hal_tim.o
                0x0000000008006d54                HAL_TIM_ConfigClockSource
 .text.HAL_TIM_OC_DelayElapsedCallback
                0x0000000008006edc       0x12 ./Drivers/STM32F1xx_HAL_Driver/Src/stm32f1xx_hal_tim.o
                0x0000000008006edc                HAL_TIM_OC_DelayElapsedCallback
 .text.HAL_TIM_IC_CaptureCallback
                0x0000000008006eee       0x12 ./Drivers/STM32F1xx_HAL_Driver/Src/stm32f1xx_hal_tim.o
                0x0000000008006eee                HAL_TIM_IC_CaptureCallback
 .text.HAL_TIM_PWM_PulseFinishedHalfCpltCallback
                0x0000000008006f00       0x12 ./Drivers/STM32F1xx_HAL_Driver/Src/stm32f1xx_hal_tim.o
                0x0000000008006f00                HAL_TIM_PWM_PulseFinishedHalfCpltCallback
 .text.HAL_TIM_TriggerCallback
                0x0000000008006f12       0x12 ./Drivers/STM32F1xx_HAL_Driver/Src/stm32f1xx_hal_tim.o
                0x0000000008006f12                HAL_TIM_TriggerCallback
 .text.HAL_TIM_ErrorCallback
                0x0000000008006f24       0x12 ./Drivers/STM32F1xx_HAL_Driver/Src/stm32f1xx_hal_tim.o
                0x0000000008006f24                HAL_TIM_ErrorCallback
 .text.TIM_DMAError
                0x0000000008006f36       0x92 ./Drivers/STM32F1xx_HAL_Driver/Src/stm32f1xx_hal_tim.o
                0x0000000008006f36                TIM_DMAError
 .text.TIM_DMADelayPulseCplt
                0x0000000008006fc8       0xa8 ./Drivers/STM32F1xx_HAL_Driver/Src/stm32f1xx_hal_tim.o
 .text.TIM_DMADelayPulseHalfCplt
                0x0000000008007070       0x68 ./Drivers/STM32F1xx_HAL_Driver/Src/stm32f1xx_hal_tim.o
                0x0000000008007070                TIM_DMADelayPulseHalfCplt
 .text.TIM_Base_SetConfig
                0x00000000080070d8       0xf4 ./Drivers/STM32F1xx_HAL_Driver/Src/stm32f1xx_hal_tim.o
                0x00000000080070d8                TIM_Base_SetConfig
 .text.TIM_OC1_SetConfig
                0x00000000080071cc       0xe0 ./Drivers/STM32F1xx_HAL_Driver/Src/stm32f1xx_hal_tim.o
 .text.TIM_OC2_SetConfig
                0x00000000080072ac       0xe8 ./Drivers/STM32F1xx_HAL_Driver/Src/stm32f1xx_hal_tim.o
                0x00000000080072ac                TIM_OC2_SetConfig
 .text.TIM_OC3_SetConfig
                0x0000000008007394       0xe8 ./Drivers/STM32F1xx_HAL_Driver/Src/stm32f1xx_hal_tim.o
 .text.TIM_OC4_SetConfig
                0x000000000800747c       0xa8 ./Drivers/STM32F1xx_HAL_Driver/Src/stm32f1xx_hal_tim.o
 .text.TIM_TI1_ConfigInputStage
                0x0000000008007524       0x5c ./Drivers/STM32F1xx_HAL_Driver/Src/stm32f1xx_hal_tim.o
 .text.TIM_TI2_ConfigInputStage
                0x0000000008007580       0x5e ./Drivers/STM32F1xx_HAL_Driver/Src/stm32f1xx_hal_tim.o
 .text.TIM_ITRx_SetConfig
                0x00000000080075de       0x34 ./Drivers/STM32F1xx_HAL_Driver/Src/stm32f1xx_hal_tim.o
 .text.TIM_ETR_SetConfig
                0x0000000008007612       0x3e ./Drivers/STM32F1xx_HAL_Driver/Src/stm32f1xx_hal_tim.o
                0x0000000008007612                TIM_ETR_SetConfig
 .text.TIM_CCxChannelCmd
                0x0000000008007650       0x48 ./Drivers/STM32F1xx_HAL_Driver/Src/stm32f1xx_hal_tim.o
                0x0000000008007650                TIM_CCxChannelCmd
 .text.HAL_TIMEx_MasterConfigSynchronization
                0x0000000008007698       0xd8 ./Drivers/STM32F1xx_HAL_Driver/Src/stm32f1xx_hal_tim_ex.o
                0x0000000008007698                HAL_TIMEx_MasterConfigSynchronization
 .text.HAL_TIMEx_ConfigBreakDeadTime
                0x0000000008007770       0xa2 ./Drivers/STM32F1xx_HAL_Driver/Src/stm32f1xx_hal_tim_ex.o
                0x0000000008007770                HAL_TIMEx_ConfigBreakDeadTime
 .text.HAL_TIMEx_CommutCallback
                0x0000000008007812       0x12 ./Drivers/STM32F1xx_HAL_Driver/Src/stm32f1xx_hal_tim_ex.o
                0x0000000008007812                HAL_TIMEx_CommutCallback
 .text.HAL_TIMEx_BreakCallback
                0x0000000008007824       0x12 ./Drivers/STM32F1xx_HAL_Driver/Src/stm32f1xx_hal_tim_ex.o
                0x0000000008007824                HAL_TIMEx_BreakCallback
 *fill*         0x0000000008007836        0x2 
 .text.FSMC_NORSRAM_Init
                0x0000000008007838       0xd4 ./Drivers/STM32F1xx_HAL_Driver/Src/stm32f1xx_ll_fsmc.o
                0x0000000008007838                FSMC_NORSRAM_Init
 .text.FSMC_NORSRAM_Timing_Init
                0x000000000800790c       0x68 ./Drivers/STM32F1xx_HAL_Driver/Src/stm32f1xx_ll_fsmc.o
                0x000000000800790c                FSMC_NORSRAM_Timing_Init
 .text.FSMC_NORSRAM_Extended_Timing_Init
                0x0000000008007974       0x70 ./Drivers/STM32F1xx_HAL_Driver/Src/stm32f1xx_ll_fsmc.o
                0x0000000008007974                FSMC_NORSRAM_Extended_Timing_Init
 .text.VL53L1_DataInit
                0x00000000080079e4       0x72 ./Drivers/VL53L1X/core/src/vl53l1_api.o
                0x00000000080079e4                VL53L1_DataInit
 .text.VL53L1_StaticInit
                0x0000000008007a56       0x3e ./Drivers/VL53L1X/core/src/vl53l1_api.o
                0x0000000008007a56                VL53L1_StaticInit
 .text.VL53L1_WaitDeviceBooted
                0x0000000008007a94       0x26 ./Drivers/VL53L1X/core/src/vl53l1_api.o
                0x0000000008007a94                VL53L1_WaitDeviceBooted
 *fill*         0x0000000008007aba        0x2 
 .text.ComputeDevicePresetMode
                0x0000000008007abc       0xcc ./Drivers/VL53L1X/core/src/vl53l1_api.o
 .text.SetPresetMode
                0x0000000008007b88       0xde ./Drivers/VL53L1X/core/src/vl53l1_api.o
 .text.VL53L1_SetPresetMode
                0x0000000008007c66       0x8a ./Drivers/VL53L1X/core/src/vl53l1_api.o
                0x0000000008007c66                VL53L1_SetPresetMode
 .text.VL53L1_SetDistanceMode
                0x0000000008007cf0       0xea ./Drivers/VL53L1X/core/src/vl53l1_api.o
                0x0000000008007cf0                VL53L1_SetDistanceMode
 *fill*         0x0000000008007dda        0x2 
 .text.VL53L1_SetMeasurementTimingBudgetMicroSeconds
                0x0000000008007ddc      0x1c0 ./Drivers/VL53L1X/core/src/vl53l1_api.o
                0x0000000008007ddc                VL53L1_SetMeasurementTimingBudgetMicroSeconds
 .text.VL53L1_GetMeasurementTimingBudgetMicroSeconds
                0x0000000008007f9c      0x158 ./Drivers/VL53L1X/core/src/vl53l1_api.o
                0x0000000008007f9c                VL53L1_GetMeasurementTimingBudgetMicroSeconds
 .text.VL53L1_SetInterMeasurementPeriodMilliSeconds
                0x00000000080080f4       0x40 ./Drivers/VL53L1X/core/src/vl53l1_api.o
                0x00000000080080f4                VL53L1_SetInterMeasurementPeriodMilliSeconds
 .text.VL53L1_GetInterMeasurementPeriodMilliSeconds
                0x0000000008008134       0x48 ./Drivers/VL53L1X/core/src/vl53l1_api.o
                0x0000000008008134                VL53L1_GetInterMeasurementPeriodMilliSeconds
 .text.SetLimitValue
                0x000000000800817c       0x52 ./Drivers/VL53L1X/core/src/vl53l1_api.o
 .text.VL53L1_SetLimitCheckEnable
                0x00000000080081ce       0x7c ./Drivers/VL53L1X/core/src/vl53l1_api.o
                0x00000000080081ce                VL53L1_SetLimitCheckEnable
 .text.VL53L1_GetLimitCheckEnable
                0x000000000800824a       0x44 ./Drivers/VL53L1X/core/src/vl53l1_api.o
                0x000000000800824a                VL53L1_GetLimitCheckEnable
 .text.VL53L1_GetLimitCheckValue
                0x000000000800828e       0xb2 ./Drivers/VL53L1X/core/src/vl53l1_api.o
                0x000000000800828e                VL53L1_GetLimitCheckValue
 .text.VL53L1_GetSequenceStepEnable
                0x0000000008008340       0x2e ./Drivers/VL53L1X/core/src/vl53l1_api.o
                0x0000000008008340                VL53L1_GetSequenceStepEnable
 *fill*         0x000000000800836e        0x2 
 .text.VL53L1_StartMeasurement
                0x0000000008008370       0xd8 ./Drivers/VL53L1X/core/src/vl53l1_api.o
                0x0000000008008370                VL53L1_StartMeasurement
 .text.VL53L1_ClearInterruptAndStartMeasurement
                0x0000000008008448       0x2c ./Drivers/VL53L1X/core/src/vl53l1_api.o
                0x0000000008008448                VL53L1_ClearInterruptAndStartMeasurement
 .text.VL53L1_WaitMeasurementDataReady
                0x0000000008008474       0x26 ./Drivers/VL53L1X/core/src/vl53l1_api.o
                0x0000000008008474                VL53L1_WaitMeasurementDataReady
 *fill*         0x000000000800849a        0x2 
 .text.ComputeRQL
                0x000000000800849c       0xec ./Drivers/VL53L1X/core/src/vl53l1_api.o
 .text.ConvertStatusLite
                0x0000000008008588       0xa0 ./Drivers/VL53L1X/core/src/vl53l1_api.o
 .text.SetSimpleData
                0x0000000008008628      0x1c0 ./Drivers/VL53L1X/core/src/vl53l1_api.o
 .text.VL53L1_GetRangingMeasurementData
                0x00000000080087e8       0x78 ./Drivers/VL53L1X/core/src/vl53l1_api.o
                0x00000000080087e8                VL53L1_GetRangingMeasurementData
 .text.VL53L1_LoadPatch
                0x0000000008008860      0x250 ./Drivers/VL53L1X/core/src/vl53l1_api.o
 .text.VL53L1_data_init
                0x0000000008008ab0      0x13a ./Drivers/VL53L1X/core/src/vl53l1_api_core.o
                0x0000000008008ab0                VL53L1_data_init
 .text.VL53L1_read_p2p_data
                0x0000000008008bea      0x100 ./Drivers/VL53L1X/core/src/vl53l1_api_core.o
                0x0000000008008bea                VL53L1_read_p2p_data
 .text.VL53L1_set_inter_measurement_period_ms
                0x0000000008008cea       0x50 ./Drivers/VL53L1X/core/src/vl53l1_api_core.o
                0x0000000008008cea                VL53L1_set_inter_measurement_period_ms
 .text.VL53L1_get_inter_measurement_period_ms
                0x0000000008008d3a       0x4a ./Drivers/VL53L1X/core/src/vl53l1_api_core.o
                0x0000000008008d3a                VL53L1_get_inter_measurement_period_ms
 .text.VL53L1_set_timeouts_us
                0x0000000008008d84       0x70 ./Drivers/VL53L1X/core/src/vl53l1_api_core.o
                0x0000000008008d84                VL53L1_set_timeouts_us
 .text.VL53L1_get_timeouts_us
                0x0000000008008df4       0xd6 ./Drivers/VL53L1X/core/src/vl53l1_api_core.o
                0x0000000008008df4                VL53L1_get_timeouts_us
 .text.VL53L1_get_sequence_config_bit
                0x0000000008008eca       0x6c ./Drivers/VL53L1X/core/src/vl53l1_api_core.o
                0x0000000008008eca                VL53L1_get_sequence_config_bit
 .text.VL53L1_set_user_zone
                0x0000000008008f36       0x46 ./Drivers/VL53L1X/core/src/vl53l1_api_core.o
                0x0000000008008f36                VL53L1_set_user_zone
 .text.VL53L1_get_user_zone
                0x0000000008008f7c       0x44 ./Drivers/VL53L1X/core/src/vl53l1_api_core.o
                0x0000000008008f7c                VL53L1_get_user_zone
 .text.VL53L1_get_mode_mitigation_roi
                0x0000000008008fc0       0x68 ./Drivers/VL53L1X/core/src/vl53l1_api_core.o
                0x0000000008008fc0                VL53L1_get_mode_mitigation_roi
 .text.VL53L1_get_preset_mode_timing_cfg
                0x0000000008009028      0x154 ./Drivers/VL53L1X/core/src/vl53l1_api_core.o
                0x0000000008009028                VL53L1_get_preset_mode_timing_cfg
 .text.VL53L1_set_preset_mode
                0x000000000800917c      0x2ec ./Drivers/VL53L1X/core/src/vl53l1_api_core.o
                0x000000000800917c                VL53L1_set_preset_mode
 .text.VL53L1_get_lite_sigma_threshold
                0x0000000008009468       0x2a ./Drivers/VL53L1X/core/src/vl53l1_api_core.o
                0x0000000008009468                VL53L1_get_lite_sigma_threshold
 .text.VL53L1_set_lite_sigma_threshold
                0x0000000008009492       0x2a ./Drivers/VL53L1X/core/src/vl53l1_api_core.o
                0x0000000008009492                VL53L1_set_lite_sigma_threshold
 .text.VL53L1_get_lite_min_count_rate
                0x00000000080094bc       0x2a ./Drivers/VL53L1X/core/src/vl53l1_api_core.o
                0x00000000080094bc                VL53L1_get_lite_min_count_rate
 .text.VL53L1_set_lite_min_count_rate
                0x00000000080094e6       0x2a ./Drivers/VL53L1X/core/src/vl53l1_api_core.o
                0x00000000080094e6                VL53L1_set_lite_min_count_rate
 .text.VL53L1_set_vhv_loopbound
                0x0000000008009510       0x3e ./Drivers/VL53L1X/core/src/vl53l1_api_core.o
                0x0000000008009510                VL53L1_set_vhv_loopbound
 *fill*         0x000000000800954e        0x2 
 .text.VL53L1_init_and_start_range
                0x0000000008009550      0x4c4 ./Drivers/VL53L1X/core/src/vl53l1_api_core.o
                0x0000000008009550                VL53L1_init_and_start_range
 .text.VL53L1_get_measurement_results
                0x0000000008009a14      0x178 ./Drivers/VL53L1X/core/src/vl53l1_api_core.o
                0x0000000008009a14                VL53L1_get_measurement_results
 .text.VL53L1_get_device_results
                0x0000000008009b8c       0xe0 ./Drivers/VL53L1X/core/src/vl53l1_api_core.o
                0x0000000008009b8c                VL53L1_get_device_results
 .text.VL53L1_clear_interrupt_and_enable_next_range
                0x0000000008009c6c       0x34 ./Drivers/VL53L1X/core/src/vl53l1_api_core.o
                0x0000000008009c6c                VL53L1_clear_interrupt_and_enable_next_range
 .text.VL53L1_copy_sys_and_core_results_to_range_results
                0x0000000008009ca0      0x230 ./Drivers/VL53L1X/core/src/vl53l1_api_core.o
                0x0000000008009ca0                VL53L1_copy_sys_and_core_results_to_range_results
 .text.VL53L1_get_tuning_parm
                0x0000000008009ed0      0x448 ./Drivers/VL53L1X/core/src/vl53l1_api_core.o
                0x0000000008009ed0                VL53L1_get_tuning_parm
 .text.VL53L1_init_refspadchar_config_struct
                0x000000000800a318       0x46 ./Drivers/VL53L1X/core/src/vl53l1_api_preset_modes.o
                0x000000000800a318                VL53L1_init_refspadchar_config_struct
 .text.VL53L1_init_ssc_config_struct
                0x000000000800a35e       0x40 ./Drivers/VL53L1X/core/src/vl53l1_api_preset_modes.o
                0x000000000800a35e                VL53L1_init_ssc_config_struct
 .text.VL53L1_init_xtalk_config_struct
                0x000000000800a39e       0xc4 ./Drivers/VL53L1X/core/src/vl53l1_api_preset_modes.o
                0x000000000800a39e                VL53L1_init_xtalk_config_struct
 .text.VL53L1_init_offset_cal_config_struct
                0x000000000800a462       0x4c ./Drivers/VL53L1X/core/src/vl53l1_api_preset_modes.o
                0x000000000800a462                VL53L1_init_offset_cal_config_struct
 .text.VL53L1_init_tuning_parm_storage_struct
                0x000000000800a4ae      0x11c ./Drivers/VL53L1X/core/src/vl53l1_api_preset_modes.o
                0x000000000800a4ae                VL53L1_init_tuning_parm_storage_struct
 .text.VL53L1_preset_mode_standard_ranging
                0x000000000800a5ca      0x23a ./Drivers/VL53L1X/core/src/vl53l1_api_preset_modes.o
                0x000000000800a5ca                VL53L1_preset_mode_standard_ranging
 .text.VL53L1_preset_mode_standard_ranging_short_range
                0x000000000800a804       0x82 ./Drivers/VL53L1X/core/src/vl53l1_api_preset_modes.o
                0x000000000800a804                VL53L1_preset_mode_standard_ranging_short_range
 .text.VL53L1_preset_mode_standard_ranging_long_range
                0x000000000800a886       0x82 ./Drivers/VL53L1X/core/src/vl53l1_api_preset_modes.o
                0x000000000800a886                VL53L1_preset_mode_standard_ranging_long_range
 .text.VL53L1_preset_mode_standard_ranging_mm1_cal
                0x000000000800a908       0x4a ./Drivers/VL53L1X/core/src/vl53l1_api_preset_modes.o
                0x000000000800a908                VL53L1_preset_mode_standard_ranging_mm1_cal
 .text.VL53L1_preset_mode_standard_ranging_mm2_cal
                0x000000000800a952       0x4a ./Drivers/VL53L1X/core/src/vl53l1_api_preset_modes.o
                0x000000000800a952                VL53L1_preset_mode_standard_ranging_mm2_cal
 .text.VL53L1_preset_mode_timed_ranging
                0x000000000800a99c       0x74 ./Drivers/VL53L1X/core/src/vl53l1_api_preset_modes.o
                0x000000000800a99c                VL53L1_preset_mode_timed_ranging
 .text.VL53L1_preset_mode_timed_ranging_short_range
                0x000000000800aa10       0x74 ./Drivers/VL53L1X/core/src/vl53l1_api_preset_modes.o
                0x000000000800aa10                VL53L1_preset_mode_timed_ranging_short_range
 .text.VL53L1_preset_mode_timed_ranging_long_range
                0x000000000800aa84       0x74 ./Drivers/VL53L1X/core/src/vl53l1_api_preset_modes.o
                0x000000000800aa84                VL53L1_preset_mode_timed_ranging_long_range
 .text.VL53L1_preset_mode_low_power_auto_ranging
                0x000000000800aaf8       0x4c ./Drivers/VL53L1X/core/src/vl53l1_api_preset_modes.o
                0x000000000800aaf8                VL53L1_preset_mode_low_power_auto_ranging
 .text.VL53L1_preset_mode_low_power_auto_short_ranging
                0x000000000800ab44       0x4c ./Drivers/VL53L1X/core/src/vl53l1_api_preset_modes.o
                0x000000000800ab44                VL53L1_preset_mode_low_power_auto_short_ranging
 .text.VL53L1_preset_mode_low_power_auto_long_ranging
                0x000000000800ab90       0x4c ./Drivers/VL53L1X/core/src/vl53l1_api_preset_modes.o
                0x000000000800ab90                VL53L1_preset_mode_low_power_auto_long_ranging
 .text.VL53L1_preset_mode_singleshot_ranging
                0x000000000800abdc       0x6c ./Drivers/VL53L1X/core/src/vl53l1_api_preset_modes.o
                0x000000000800abdc                VL53L1_preset_mode_singleshot_ranging
 .text.VL53L1_preset_mode_olt
                0x000000000800ac48       0x44 ./Drivers/VL53L1X/core/src/vl53l1_api_preset_modes.o
                0x000000000800ac48                VL53L1_preset_mode_olt
 .text.VL53L1_init_version
                0x000000000800ac8c       0x36 ./Drivers/VL53L1X/core/src/vl53l1_core.o
                0x000000000800ac8c                VL53L1_init_version
 .text.VL53L1_init_ll_driver_state
                0x000000000800acc2       0x50 ./Drivers/VL53L1X/core/src/vl53l1_core.o
                0x000000000800acc2                VL53L1_init_ll_driver_state
 *fill*         0x000000000800ad12        0x2 
 .text.VL53L1_update_ll_driver_rd_state
                0x000000000800ad14      0x110 ./Drivers/VL53L1X/core/src/vl53l1_core.o
                0x000000000800ad14                VL53L1_update_ll_driver_rd_state
 .text.VL53L1_check_ll_driver_rd_state
                0x000000000800ae24       0x94 ./Drivers/VL53L1X/core/src/vl53l1_core.o
                0x000000000800ae24                VL53L1_check_ll_driver_rd_state
 .text.VL53L1_update_ll_driver_cfg_state
                0x000000000800aeb8       0xca ./Drivers/VL53L1X/core/src/vl53l1_core.o
                0x000000000800aeb8                VL53L1_update_ll_driver_cfg_state
 .text.VL53L1_copy_rtn_good_spads_to_buffer
                0x000000000800af82      0x172 ./Drivers/VL53L1X/core/src/vl53l1_core.o
                0x000000000800af82                VL53L1_copy_rtn_good_spads_to_buffer
 .text.VL53L1_i2c_encode_uint16_t
                0x000000000800b0f4       0x54 ./Drivers/VL53L1X/core/src/vl53l1_core.o
                0x000000000800b0f4                VL53L1_i2c_encode_uint16_t
 .text.VL53L1_i2c_decode_uint16_t
                0x000000000800b148       0x3e ./Drivers/VL53L1X/core/src/vl53l1_core.o
                0x000000000800b148                VL53L1_i2c_decode_uint16_t
 .text.VL53L1_i2c_encode_int16_t
                0x000000000800b186       0x56 ./Drivers/VL53L1X/core/src/vl53l1_core.o
                0x000000000800b186                VL53L1_i2c_encode_int16_t
 .text.VL53L1_i2c_decode_int16_t
                0x000000000800b1dc       0x50 ./Drivers/VL53L1X/core/src/vl53l1_core.o
                0x000000000800b1dc                VL53L1_i2c_decode_int16_t
 .text.VL53L1_i2c_encode_uint32_t
                0x000000000800b22c       0x52 ./Drivers/VL53L1X/core/src/vl53l1_core.o
                0x000000000800b22c                VL53L1_i2c_encode_uint32_t
 .text.VL53L1_i2c_decode_uint32_t
                0x000000000800b27e       0x38 ./Drivers/VL53L1X/core/src/vl53l1_core.o
                0x000000000800b27e                VL53L1_i2c_decode_uint32_t
 .text.VL53L1_i2c_decode_int32_t
                0x000000000800b2b6       0x48 ./Drivers/VL53L1X/core/src/vl53l1_core.o
                0x000000000800b2b6                VL53L1_i2c_decode_int32_t
 .text.VL53L1_set_powerforce_register
                0x000000000800b2fe       0x3c ./Drivers/VL53L1X/core/src/vl53l1_core.o
                0x000000000800b2fe                VL53L1_set_powerforce_register
 .text.VL53L1_enable_powerforce
                0x000000000800b33a       0x24 ./Drivers/VL53L1X/core/src/vl53l1_core.o
                0x000000000800b33a                VL53L1_enable_powerforce
 .text.VL53L1_calc_macro_period_us
                0x000000000800b35e       0x5e ./Drivers/VL53L1X/core/src/vl53l1_core.o
                0x000000000800b35e                VL53L1_calc_macro_period_us
 .text.VL53L1_calc_range_ignore_threshold
                0x000000000800b3bc       0xc4 ./Drivers/VL53L1X/core/src/vl53l1_core.o
                0x000000000800b3bc                VL53L1_calc_range_ignore_threshold
 .text.VL53L1_calc_timeout_mclks
                0x000000000800b480       0x2c ./Drivers/VL53L1X/core/src/vl53l1_core.o
                0x000000000800b480                VL53L1_calc_timeout_mclks
 .text.VL53L1_calc_encoded_timeout
                0x000000000800b4ac       0x30 ./Drivers/VL53L1X/core/src/vl53l1_core.o
                0x000000000800b4ac                VL53L1_calc_encoded_timeout
 .text.VL53L1_calc_timeout_us
                0x000000000800b4dc       0x80 ./Drivers/VL53L1X/core/src/vl53l1_core.o
                0x000000000800b4dc                VL53L1_calc_timeout_us
 .text.VL53L1_calc_decoded_timeout_us
                0x000000000800b55c       0x32 ./Drivers/VL53L1X/core/src/vl53l1_core.o
                0x000000000800b55c                VL53L1_calc_decoded_timeout_us
 .text.VL53L1_encode_timeout
                0x000000000800b58e       0x56 ./Drivers/VL53L1X/core/src/vl53l1_core.o
                0x000000000800b58e                VL53L1_encode_timeout
 .text.VL53L1_decode_timeout
                0x000000000800b5e4       0x2a ./Drivers/VL53L1X/core/src/vl53l1_core.o
                0x000000000800b5e4                VL53L1_decode_timeout
 .text.VL53L1_calc_timeout_register_values
                0x000000000800b60e       0xf2 ./Drivers/VL53L1X/core/src/vl53l1_core.o
                0x000000000800b60e                VL53L1_calc_timeout_register_values
 .text.VL53L1_encode_row_col
                0x000000000800b700       0x4c ./Drivers/VL53L1X/core/src/vl53l1_core.o
                0x000000000800b700                VL53L1_encode_row_col
 .text.VL53L1_decode_zone_size
                0x000000000800b74c       0x2e ./Drivers/VL53L1X/core/src/vl53l1_core.o
                0x000000000800b74c                VL53L1_decode_zone_size
 .text.VL53L1_encode_zone_size
                0x000000000800b77a       0x2a ./Drivers/VL53L1X/core/src/vl53l1_core.o
                0x000000000800b77a                VL53L1_encode_zone_size
 .text.VL53L1_low_power_auto_data_init
                0x000000000800b7a4       0x66 ./Drivers/VL53L1X/core/src/vl53l1_core.o
                0x000000000800b7a4                VL53L1_low_power_auto_data_init
 .text.VL53L1_config_low_power_auto_mode
                0x000000000800b80a       0x30 ./Drivers/VL53L1X/core/src/vl53l1_core.o
                0x000000000800b80a                VL53L1_config_low_power_auto_mode
 .text.VL53L1_low_power_auto_setup_manual_calibration
                0x000000000800b83a       0x88 ./Drivers/VL53L1X/core/src/vl53l1_core.o
                0x000000000800b83a                VL53L1_low_power_auto_setup_manual_calibration
 .text.VL53L1_calc_pll_period_us
                0x000000000800b8c2       0x26 ./Drivers/VL53L1X/core/src/vl53l1_core_support.o
                0x000000000800b8c2                VL53L1_calc_pll_period_us
 .text.VL53L1_decode_vcsel_period
                0x000000000800b8e8       0x24 ./Drivers/VL53L1X/core/src/vl53l1_core_support.o
                0x000000000800b8e8                VL53L1_decode_vcsel_period
 .text.VL53L1_decode_row_col
                0x000000000800b90c       0x5c ./Drivers/VL53L1X/core/src/vl53l1_core_support.o
                0x000000000800b90c                VL53L1_decode_row_col
 .text.VL53L1_i2c_encode_static_nvm_managed
                0x000000000800b968       0xb6 ./Drivers/VL53L1X/core/src/vl53l1_register_funcs.o
                0x000000000800b968                VL53L1_i2c_encode_static_nvm_managed
 .text.VL53L1_i2c_decode_static_nvm_managed
                0x000000000800ba1e       0xb4 ./Drivers/VL53L1X/core/src/vl53l1_register_funcs.o
                0x000000000800ba1e                VL53L1_i2c_decode_static_nvm_managed
 .text.VL53L1_get_static_nvm_managed
                0x000000000800bad2       0x4e ./Drivers/VL53L1X/core/src/vl53l1_register_funcs.o
                0x000000000800bad2                VL53L1_get_static_nvm_managed
 .text.VL53L1_i2c_encode_customer_nvm_managed
                0x000000000800bb20      0x114 ./Drivers/VL53L1X/core/src/vl53l1_register_funcs.o
                0x000000000800bb20                VL53L1_i2c_encode_customer_nvm_managed
 .text.VL53L1_i2c_decode_customer_nvm_managed
                0x000000000800bc34      0x11a ./Drivers/VL53L1X/core/src/vl53l1_register_funcs.o
                0x000000000800bc34                VL53L1_i2c_decode_customer_nvm_managed
 .text.VL53L1_get_customer_nvm_managed
                0x000000000800bd4e       0x4e ./Drivers/VL53L1X/core/src/vl53l1_register_funcs.o
                0x000000000800bd4e                VL53L1_get_customer_nvm_managed
 .text.VL53L1_i2c_encode_static_config
                0x000000000800bd9c      0x1c6 ./Drivers/VL53L1X/core/src/vl53l1_register_funcs.o
                0x000000000800bd9c                VL53L1_i2c_encode_static_config
 .text.VL53L1_i2c_encode_general_config
                0x000000000800bf62      0x108 ./Drivers/VL53L1X/core/src/vl53l1_register_funcs.o
                0x000000000800bf62                VL53L1_i2c_encode_general_config
 .text.VL53L1_i2c_encode_timing_config
                0x000000000800c06a      0x104 ./Drivers/VL53L1X/core/src/vl53l1_register_funcs.o
                0x000000000800c06a                VL53L1_i2c_encode_timing_config
 .text.VL53L1_i2c_encode_dynamic_config
                0x000000000800c16e      0x10a ./Drivers/VL53L1X/core/src/vl53l1_register_funcs.o
                0x000000000800c16e                VL53L1_i2c_encode_dynamic_config
 .text.VL53L1_i2c_encode_system_control
                0x000000000800c278       0x74 ./Drivers/VL53L1X/core/src/vl53l1_register_funcs.o
                0x000000000800c278                VL53L1_i2c_encode_system_control
 .text.VL53L1_i2c_decode_system_results
                0x000000000800c2ec      0x1ec ./Drivers/VL53L1X/core/src/vl53l1_register_funcs.o
                0x000000000800c2ec                VL53L1_i2c_decode_system_results
 .text.VL53L1_i2c_decode_core_results
                0x000000000800c4d8       0xc2 ./Drivers/VL53L1X/core/src/vl53l1_register_funcs.o
                0x000000000800c4d8                VL53L1_i2c_decode_core_results
 .text.VL53L1_i2c_decode_debug_results
                0x000000000800c59a      0x2e4 ./Drivers/VL53L1X/core/src/vl53l1_register_funcs.o
                0x000000000800c59a                VL53L1_i2c_decode_debug_results
 .text.VL53L1_i2c_decode_nvm_copy_data
                0x000000000800c87e      0x24c ./Drivers/VL53L1X/core/src/vl53l1_register_funcs.o
                0x000000000800c87e                VL53L1_i2c_decode_nvm_copy_data
 .text.VL53L1_get_nvm_copy_data
                0x000000000800caca       0x56 ./Drivers/VL53L1X/core/src/vl53l1_register_funcs.o
                0x000000000800caca                VL53L1_get_nvm_copy_data
 .text.VL53L1_poll_for_boot_completion
                0x000000000800cb20       0x58 ./Drivers/VL53L1X/core/src/vl53l1_wait.o
                0x000000000800cb20                VL53L1_poll_for_boot_completion
 .text.VL53L1_poll_for_range_completion
                0x000000000800cb78       0x5a ./Drivers/VL53L1X/core/src/vl53l1_wait.o
                0x000000000800cb78                VL53L1_poll_for_range_completion
 .text._I2CWrite
                0x000000000800cbd2       0x3e ./Drivers/VL53L1X/platform/src/vl53l1_platform.o
                0x000000000800cbd2                _I2CWrite
 .text._I2CRead
                0x000000000800cc10       0x44 ./Drivers/VL53L1X/platform/src/vl53l1_platform.o
                0x000000000800cc10                _I2CRead
 .text.VL53L1_WriteMulti
                0x000000000800cc54       0x6c ./Drivers/VL53L1X/platform/src/vl53l1_platform.o
                0x000000000800cc54                VL53L1_WriteMulti
 .text.VL53L1_ReadMulti
                0x000000000800ccc0       0x6c ./Drivers/VL53L1X/platform/src/vl53l1_platform.o
                0x000000000800ccc0                VL53L1_ReadMulti
 .text.VL53L1_WrByte
                0x000000000800cd2c       0x54 ./Drivers/VL53L1X/platform/src/vl53l1_platform.o
                0x000000000800cd2c                VL53L1_WrByte
 .text.VL53L1_RdByte
                0x000000000800cd80       0x68 ./Drivers/VL53L1X/platform/src/vl53l1_platform.o
                0x000000000800cd80                VL53L1_RdByte
 .text.VL53L1_RdWord
                0x000000000800cde8       0x80 ./Drivers/VL53L1X/platform/src/vl53l1_platform.o
                0x000000000800cde8                VL53L1_RdWord
 .text.VL53L1_GetTickCount
                0x000000000800ce68       0x20 ./Drivers/VL53L1X/platform/src/vl53l1_platform.o
                0x000000000800ce68                VL53L1_GetTickCount
 .text.VL53L1_WaitMs
                0x000000000800ce88       0x1c ./Drivers/VL53L1X/platform/src/vl53l1_platform.o
                0x000000000800ce88                VL53L1_WaitMs
 .text.VL53L1_WaitUs
                0x000000000800cea4       0x2c ./Drivers/VL53L1X/platform/src/vl53l1_platform.o
                0x000000000800cea4                VL53L1_WaitUs
 .text.VL53L1_WaitValueMaskEx
                0x000000000800ced0      0x154 ./Drivers/VL53L1X/platform/src/vl53l1_platform.o
                0x000000000800ced0                VL53L1_WaitValueMaskEx
 .text.__errno  0x000000000800d024        0xc /Applications/STM32CubeIDE.app/Contents/Eclipse/plugins/com.st.stm32cube.ide.mcu.externaltools.gnu-tools-for-stm32.10.3-2021.10.macos64_1.0.0.202111181127/tools/bin/../lib/gcc/arm-none-eabi/10.3.1/../../../../arm-none-eabi/lib/thumb/v7-m/nofp/libc_nano.a(lib_a-errno.o)
                0x000000000800d024                __errno
 .text.__libc_init_array
                0x000000000800d030       0x48 /Applications/STM32CubeIDE.app/Contents/Eclipse/plugins/com.st.stm32cube.ide.mcu.externaltools.gnu-tools-for-stm32.10.3-2021.10.macos64_1.0.0.202111181127/tools/bin/../lib/gcc/arm-none-eabi/10.3.1/../../../../arm-none-eabi/lib/thumb/v7-m/nofp/libc_nano.a(lib_a-init.o)
                0x000000000800d030                __libc_init_array
 .text.memcpy   0x000000000800d078       0x1c /Applications/STM32CubeIDE.app/Contents/Eclipse/plugins/com.st.stm32cube.ide.mcu.externaltools.gnu-tools-for-stm32.10.3-2021.10.macos64_1.0.0.202111181127/tools/bin/../lib/gcc/arm-none-eabi/10.3.1/../../../../arm-none-eabi/lib/thumb/v7-m/nofp/libc_nano.a(lib_a-memcpy-stub.o)
                0x000000000800d078                memcpy
 .text.memset   0x000000000800d094       0x10 /Applications/STM32CubeIDE.app/Contents/Eclipse/plugins/com.st.stm32cube.ide.mcu.externaltools.gnu-tools-for-stm32.10.3-2021.10.macos64_1.0.0.202111181127/tools/bin/../lib/gcc/arm-none-eabi/10.3.1/../../../../arm-none-eabi/lib/thumb/v7-m/nofp/libc_nano.a(lib_a-memset.o)
                0x000000000800d094                memset
 .text.__cvt    0x000000000800d0a4       0xbe /Applications/STM32CubeIDE.app/Contents/Eclipse/plugins/com.st.stm32cube.ide.mcu.externaltools.gnu-tools-for-stm32.10.3-2021.10.macos64_1.0.0.202111181127/tools/bin/../lib/gcc/arm-none-eabi/10.3.1/../../../../arm-none-eabi/lib/thumb/v7-m/nofp/libc_nano.a(lib_a-nano-vfprintf_float.o)
                0x000000000800d0a4                __cvt
 .text.__exponent
                0x000000000800d162       0x7c /Applications/STM32CubeIDE.app/Contents/Eclipse/plugins/com.st.stm32cube.ide.mcu.externaltools.gnu-tools-for-stm32.10.3-2021.10.macos64_1.0.0.202111181127/tools/bin/../lib/gcc/arm-none-eabi/10.3.1/../../../../arm-none-eabi/lib/thumb/v7-m/nofp/libc_nano.a(lib_a-nano-vfprintf_float.o)
                0x000000000800d162                __exponent
 *fill*         0x000000000800d1de        0x2 
 .text._printf_float
                0x000000000800d1e0      0x458 /Applications/STM32CubeIDE.app/Contents/Eclipse/plugins/com.st.stm32cube.ide.mcu.externaltools.gnu-tools-for-stm32.10.3-2021.10.macos64_1.0.0.202111181127/tools/bin/../lib/gcc/arm-none-eabi/10.3.1/../../../../arm-none-eabi/lib/thumb/v7-m/nofp/libc_nano.a(lib_a-nano-vfprintf_float.o)
                0x000000000800d1e0                _printf_float
 .text._printf_common
                0x000000000800d638       0xde /Applications/STM32CubeIDE.app/Contents/Eclipse/plugins/com.st.stm32cube.ide.mcu.externaltools.gnu-tools-for-stm32.10.3-2021.10.macos64_1.0.0.202111181127/tools/bin/../lib/gcc/arm-none-eabi/10.3.1/../../../../arm-none-eabi/lib/thumb/v7-m/nofp/libc_nano.a(lib_a-nano-vfprintf_i.o)
                0x000000000800d638                _printf_common
 *fill*         0x000000000800d716        0x2 
 .text._printf_i
                0x000000000800d718      0x24c /Applications/STM32CubeIDE.app/Contents/Eclipse/plugins/com.st.stm32cube.ide.mcu.externaltools.gnu-tools-for-stm32.10.3-2021.10.macos64_1.0.0.202111181127/tools/bin/../lib/gcc/arm-none-eabi/10.3.1/../../../../arm-none-eabi/lib/thumb/v7-m/nofp/libc_nano.a(lib_a-nano-vfprintf_i.o)
                0x000000000800d718                _printf_i
 .text.sprintf  0x000000000800d964       0x40 /Applications/STM32CubeIDE.app/Contents/Eclipse/plugins/com.st.stm32cube.ide.mcu.externaltools.gnu-tools-for-stm32.10.3-2021.10.macos64_1.0.0.202111181127/tools/bin/../lib/gcc/arm-none-eabi/10.3.1/../../../../arm-none-eabi/lib/thumb/v7-m/nofp/libc_nano.a(lib_a-sprintf.o)
                0x000000000800d964                sprintf
                0x000000000800d964                siprintf
 .text.strncpy  0x000000000800d9a4       0x26 /Applications/STM32CubeIDE.app/Contents/Eclipse/plugins/com.st.stm32cube.ide.mcu.externaltools.gnu-tools-for-stm32.10.3-2021.10.macos64_1.0.0.202111181127/tools/bin/../lib/gcc/arm-none-eabi/10.3.1/../../../../arm-none-eabi/lib/thumb/v7-m/nofp/libc_nano.a(lib_a-strncpy.o)
                0x000000000800d9a4                strncpy
 .text.quorem   0x000000000800d9ca      0x118 /Applications/STM32CubeIDE.app/Contents/Eclipse/plugins/com.st.stm32cube.ide.mcu.externaltools.gnu-tools-for-stm32.10.3-2021.10.macos64_1.0.0.202111181127/tools/bin/../lib/gcc/arm-none-eabi/10.3.1/../../../../arm-none-eabi/lib/thumb/v7-m/nofp/libc_nano.a(lib_a-dtoa.o)
 *fill*         0x000000000800dae2        0x6 
 .text._dtoa_r  0x000000000800dae8      0xbdc /Applications/STM32CubeIDE.app/Contents/Eclipse/plugins/com.st.stm32cube.ide.mcu.externaltools.gnu-tools-for-stm32.10.3-2021.10.macos64_1.0.0.202111181127/tools/bin/../lib/gcc/arm-none-eabi/10.3.1/../../../../arm-none-eabi/lib/thumb/v7-m/nofp/libc_nano.a(lib_a-dtoa.o)
                0x000000000800dae8                _dtoa_r
 .text._localeconv_r
                0x000000000800e6c4        0x8 /Applications/STM32CubeIDE.app/Contents/Eclipse/plugins/com.st.stm32cube.ide.mcu.externaltools.gnu-tools-for-stm32.10.3-2021.10.macos64_1.0.0.202111181127/tools/bin/../lib/gcc/arm-none-eabi/10.3.1/../../../../arm-none-eabi/lib/thumb/v7-m/nofp/libc_nano.a(lib_a-localeconv.o)
                0x000000000800e6c4                _localeconv_r
 .text.malloc   0x000000000800e6cc       0x10 /Applications/STM32CubeIDE.app/Contents/Eclipse/plugins/com.st.stm32cube.ide.mcu.externaltools.gnu-tools-for-stm32.10.3-2021.10.macos64_1.0.0.202111181127/tools/bin/../lib/gcc/arm-none-eabi/10.3.1/../../../../arm-none-eabi/lib/thumb/v7-m/nofp/libc_nano.a(lib_a-malloc.o)
                0x000000000800e6cc                malloc
 .text.memchr   0x000000000800e6dc       0x1c /Applications/STM32CubeIDE.app/Contents/Eclipse/plugins/com.st.stm32cube.ide.mcu.externaltools.gnu-tools-for-stm32.10.3-2021.10.macos64_1.0.0.202111181127/tools/bin/../lib/gcc/arm-none-eabi/10.3.1/../../../../arm-none-eabi/lib/thumb/v7-m/nofp/libc_nano.a(lib_a-memchr-stub.o)
                0x000000000800e6dc                memchr
 .text._Balloc  0x000000000800e6f8       0x80 /Applications/STM32CubeIDE.app/Contents/Eclipse/plugins/com.st.stm32cube.ide.mcu.externaltools.gnu-tools-for-stm32.10.3-2021.10.macos64_1.0.0.202111181127/tools/bin/../lib/gcc/arm-none-eabi/10.3.1/../../../../arm-none-eabi/lib/thumb/v7-m/nofp/libc_nano.a(lib_a-mprec.o)
                0x000000000800e6f8                _Balloc
 .text._Bfree   0x000000000800e778       0x44 /Applications/STM32CubeIDE.app/Contents/Eclipse/plugins/com.st.stm32cube.ide.mcu.externaltools.gnu-tools-for-stm32.10.3-2021.10.macos64_1.0.0.202111181127/tools/bin/../lib/gcc/arm-none-eabi/10.3.1/../../../../arm-none-eabi/lib/thumb/v7-m/nofp/libc_nano.a(lib_a-mprec.o)
                0x000000000800e778                _Bfree
 .text.__multadd
                0x000000000800e7bc       0x8c /Applications/STM32CubeIDE.app/Contents/Eclipse/plugins/com.st.stm32cube.ide.mcu.externaltools.gnu-tools-for-stm32.10.3-2021.10.macos64_1.0.0.202111181127/tools/bin/../lib/gcc/arm-none-eabi/10.3.1/../../../../arm-none-eabi/lib/thumb/v7-m/nofp/libc_nano.a(lib_a-mprec.o)
                0x000000000800e7bc                __multadd
 .text.__hi0bits
                0x000000000800e848       0x40 /Applications/STM32CubeIDE.app/Contents/Eclipse/plugins/com.st.stm32cube.ide.mcu.externaltools.gnu-tools-for-stm32.10.3-2021.10.macos64_1.0.0.202111181127/tools/bin/../lib/gcc/arm-none-eabi/10.3.1/../../../../arm-none-eabi/lib/thumb/v7-m/nofp/libc_nano.a(lib_a-mprec.o)
                0x000000000800e848                __hi0bits
 .text.__lo0bits
                0x000000000800e888       0x5a /Applications/STM32CubeIDE.app/Contents/Eclipse/plugins/com.st.stm32cube.ide.mcu.externaltools.gnu-tools-for-stm32.10.3-2021.10.macos64_1.0.0.202111181127/tools/bin/../lib/gcc/arm-none-eabi/10.3.1/../../../../arm-none-eabi/lib/thumb/v7-m/nofp/libc_nano.a(lib_a-mprec.o)
                0x000000000800e888                __lo0bits
 *fill*         0x000000000800e8e2        0x2 
 .text.__i2b    0x000000000800e8e4       0x2c /Applications/STM32CubeIDE.app/Contents/Eclipse/plugins/com.st.stm32cube.ide.mcu.externaltools.gnu-tools-for-stm32.10.3-2021.10.macos64_1.0.0.202111181127/tools/bin/../lib/gcc/arm-none-eabi/10.3.1/../../../../arm-none-eabi/lib/thumb/v7-m/nofp/libc_nano.a(lib_a-mprec.o)
                0x000000000800e8e4                __i2b
 .text.__multiply
                0x000000000800e910      0x150 /Applications/STM32CubeIDE.app/Contents/Eclipse/plugins/com.st.stm32cube.ide.mcu.externaltools.gnu-tools-for-stm32.10.3-2021.10.macos64_1.0.0.202111181127/tools/bin/../lib/gcc/arm-none-eabi/10.3.1/../../../../arm-none-eabi/lib/thumb/v7-m/nofp/libc_nano.a(lib_a-mprec.o)
                0x000000000800e910                __multiply
 .text.__pow5mult
                0x000000000800ea60       0xb4 /Applications/STM32CubeIDE.app/Contents/Eclipse/plugins/com.st.stm32cube.ide.mcu.externaltools.gnu-tools-for-stm32.10.3-2021.10.macos64_1.0.0.202111181127/tools/bin/../lib/gcc/arm-none-eabi/10.3.1/../../../../arm-none-eabi/lib/thumb/v7-m/nofp/libc_nano.a(lib_a-mprec.o)
                0x000000000800ea60                __pow5mult
 .text.__lshift
                0x000000000800eb14       0xe0 /Applications/STM32CubeIDE.app/Contents/Eclipse/plugins/com.st.stm32cube.ide.mcu.externaltools.gnu-tools-for-stm32.10.3-2021.10.macos64_1.0.0.202111181127/tools/bin/../lib/gcc/arm-none-eabi/10.3.1/../../../../arm-none-eabi/lib/thumb/v7-m/nofp/libc_nano.a(lib_a-mprec.o)
                0x000000000800eb14                __lshift
 .text.__mcmp   0x000000000800ebf4       0x36 /Applications/STM32CubeIDE.app/Contents/Eclipse/plugins/com.st.stm32cube.ide.mcu.externaltools.gnu-tools-for-stm32.10.3-2021.10.macos64_1.0.0.202111181127/tools/bin/../lib/gcc/arm-none-eabi/10.3.1/../../../../arm-none-eabi/lib/thumb/v7-m/nofp/libc_nano.a(lib_a-mprec.o)
                0x000000000800ebf4                __mcmp
 *fill*         0x000000000800ec2a        0x2 
 .text.__mdiff  0x000000000800ec2c      0x118 /Applications/STM32CubeIDE.app/Contents/Eclipse/plugins/com.st.stm32cube.ide.mcu.externaltools.gnu-tools-for-stm32.10.3-2021.10.macos64_1.0.0.202111181127/tools/bin/../lib/gcc/arm-none-eabi/10.3.1/../../../../arm-none-eabi/lib/thumb/v7-m/nofp/libc_nano.a(lib_a-mprec.o)
                0x000000000800ec2c                __mdiff
 .text.__d2b    0x000000000800ed44       0xb8 /Applications/STM32CubeIDE.app/Contents/Eclipse/plugins/com.st.stm32cube.ide.mcu.externaltools.gnu-tools-for-stm32.10.3-2021.10.macos64_1.0.0.202111181127/tools/bin/../lib/gcc/arm-none-eabi/10.3.1/../../../../arm-none-eabi/lib/thumb/v7-m/nofp/libc_nano.a(lib_a-mprec.o)
                0x000000000800ed44                __d2b
 .text._calloc_r
                0x000000000800edfc       0x28 /Applications/STM32CubeIDE.app/Contents/Eclipse/plugins/com.st.stm32cube.ide.mcu.externaltools.gnu-tools-for-stm32.10.3-2021.10.macos64_1.0.0.202111181127/tools/bin/../lib/gcc/arm-none-eabi/10.3.1/../../../../arm-none-eabi/lib/thumb/v7-m/nofp/libc_nano.a(lib_a-nano-callocr.o)
                0x000000000800edfc                _calloc_r
 .text._free_r  0x000000000800ee24       0x90 /Applications/STM32CubeIDE.app/Contents/Eclipse/plugins/com.st.stm32cube.ide.mcu.externaltools.gnu-tools-for-stm32.10.3-2021.10.macos64_1.0.0.202111181127/tools/bin/../lib/gcc/arm-none-eabi/10.3.1/../../../../arm-none-eabi/lib/thumb/v7-m/nofp/libc_nano.a(lib_a-nano-freer.o)
                0x000000000800ee24                _free_r
 .text.sbrk_aligned
                0x000000000800eeb4       0x40 /Applications/STM32CubeIDE.app/Contents/Eclipse/plugins/com.st.stm32cube.ide.mcu.externaltools.gnu-tools-for-stm32.10.3-2021.10.macos64_1.0.0.202111181127/tools/bin/../lib/gcc/arm-none-eabi/10.3.1/../../../../arm-none-eabi/lib/thumb/v7-m/nofp/libc_nano.a(lib_a-nano-mallocr.o)
 .text._malloc_r
                0x000000000800eef4       0xe8 /Applications/STM32CubeIDE.app/Contents/Eclipse/plugins/com.st.stm32cube.ide.mcu.externaltools.gnu-tools-for-stm32.10.3-2021.10.macos64_1.0.0.202111181127/tools/bin/../lib/gcc/arm-none-eabi/10.3.1/../../../../arm-none-eabi/lib/thumb/v7-m/nofp/libc_nano.a(lib_a-nano-mallocr.o)
                0x000000000800eef4                _malloc_r
 .text.__ssputs_r
                0x000000000800efdc       0xb6 /Applications/STM32CubeIDE.app/Contents/Eclipse/plugins/com.st.stm32cube.ide.mcu.externaltools.gnu-tools-for-stm32.10.3-2021.10.macos64_1.0.0.202111181127/tools/bin/../lib/gcc/arm-none-eabi/10.3.1/../../../../arm-none-eabi/lib/thumb/v7-m/nofp/libc_nano.a(lib_a-nano-svfprintf.o)
                0x000000000800efdc                __ssputs_r
 *fill*         0x000000000800f092        0x2 
 .text._svfprintf_r
                0x000000000800f094      0x200 /Applications/STM32CubeIDE.app/Contents/Eclipse/plugins/com.st.stm32cube.ide.mcu.externaltools.gnu-tools-for-stm32.10.3-2021.10.macos64_1.0.0.202111181127/tools/bin/../lib/gcc/arm-none-eabi/10.3.1/../../../../arm-none-eabi/lib/thumb/v7-m/nofp/libc_nano.a(lib_a-nano-svfprintf.o)
                0x000000000800f094                _svfprintf_r
                0x000000000800f094                _svfiprintf_r
 .text._sbrk_r  0x000000000800f294       0x20 /Applications/STM32CubeIDE.app/Contents/Eclipse/plugins/com.st.stm32cube.ide.mcu.externaltools.gnu-tools-for-stm32.10.3-2021.10.macos64_1.0.0.202111181127/tools/bin/../lib/gcc/arm-none-eabi/10.3.1/../../../../arm-none-eabi/lib/thumb/v7-m/nofp/libc_nano.a(lib_a-sbrkr.o)
                0x000000000800f294                _sbrk_r
 .text.__assert_func
                0x000000000800f2b4       0x3c /Applications/STM32CubeIDE.app/Contents/Eclipse/plugins/com.st.stm32cube.ide.mcu.externaltools.gnu-tools-for-stm32.10.3-2021.10.macos64_1.0.0.202111181127/tools/bin/../lib/gcc/arm-none-eabi/10.3.1/../../../../arm-none-eabi/lib/thumb/v7-m/nofp/libc_nano.a(lib_a-assert.o)
                0x000000000800f2b4                __assert_func
 .text.fprintf  0x000000000800f2f0       0x24 /Applications/STM32CubeIDE.app/Contents/Eclipse/plugins/com.st.stm32cube.ide.mcu.externaltools.gnu-tools-for-stm32.10.3-2021.10.macos64_1.0.0.202111181127/tools/bin/../lib/gcc/arm-none-eabi/10.3.1/../../../../arm-none-eabi/lib/thumb/v7-m/nofp/libc_nano.a(lib_a-fprintf.o)
                0x000000000800f2f0                fprintf
                0x000000000800f2f0                fiprintf
 .text.__ascii_mbtowc
                0x000000000800f314       0x24 /Applications/STM32CubeIDE.app/Contents/Eclipse/plugins/com.st.stm32cube.ide.mcu.externaltools.gnu-tools-for-stm32.10.3-2021.10.macos64_1.0.0.202111181127/tools/bin/../lib/gcc/arm-none-eabi/10.3.1/../../../../arm-none-eabi/lib/thumb/v7-m/nofp/libc_nano.a(lib_a-mbtowc_r.o)
                0x000000000800f314                __ascii_mbtowc
 .text.memmove  0x000000000800f338       0x34 /Applications/STM32CubeIDE.app/Contents/Eclipse/plugins/com.st.stm32cube.ide.mcu.externaltools.gnu-tools-for-stm32.10.3-2021.10.macos64_1.0.0.202111181127/tools/bin/../lib/gcc/arm-none-eabi/10.3.1/../../../../arm-none-eabi/lib/thumb/v7-m/nofp/libc_nano.a(lib_a-memmove.o)
                0x000000000800f338                memmove
 .text.__malloc_lock
                0x000000000800f36c        0xc /Applications/STM32CubeIDE.app/Contents/Eclipse/plugins/com.st.stm32cube.ide.mcu.externaltools.gnu-tools-for-stm32.10.3-2021.10.macos64_1.0.0.202111181127/tools/bin/../lib/gcc/arm-none-eabi/10.3.1/../../../../arm-none-eabi/lib/thumb/v7-m/nofp/libc_nano.a(lib_a-mlock.o)
                0x000000000800f36c                __malloc_lock
 .text.__malloc_unlock
                0x000000000800f378        0xc /Applications/STM32CubeIDE.app/Contents/Eclipse/plugins/com.st.stm32cube.ide.mcu.externaltools.gnu-tools-for-stm32.10.3-2021.10.macos64_1.0.0.202111181127/tools/bin/../lib/gcc/arm-none-eabi/10.3.1/../../../../arm-none-eabi/lib/thumb/v7-m/nofp/libc_nano.a(lib_a-mlock.o)
                0x000000000800f378                __malloc_unlock
 .text._realloc_r
                0x000000000800f384       0x5e /Applications/STM32CubeIDE.app/Contents/Eclipse/plugins/com.st.stm32cube.ide.mcu.externaltools.gnu-tools-for-stm32.10.3-2021.10.macos64_1.0.0.202111181127/tools/bin/../lib/gcc/arm-none-eabi/10.3.1/../../../../arm-none-eabi/lib/thumb/v7-m/nofp/libc_nano.a(lib_a-nano-reallocr.o)
                0x000000000800f384                _realloc_r
 .text.__sfputc_r
                0x000000000800f3e2       0x2a /Applications/STM32CubeIDE.app/Contents/Eclipse/plugins/com.st.stm32cube.ide.mcu.externaltools.gnu-tools-for-stm32.10.3-2021.10.macos64_1.0.0.202111181127/tools/bin/../lib/gcc/arm-none-eabi/10.3.1/../../../../arm-none-eabi/lib/thumb/v7-m/nofp/libc_nano.a(lib_a-nano-vfprintf.o)
 .text.__sfputs_r
                0x000000000800f40c       0x24 /Applications/STM32CubeIDE.app/Contents/Eclipse/plugins/com.st.stm32cube.ide.mcu.externaltools.gnu-tools-for-stm32.10.3-2021.10.macos64_1.0.0.202111181127/tools/bin/../lib/gcc/arm-none-eabi/10.3.1/../../../../arm-none-eabi/lib/thumb/v7-m/nofp/libc_nano.a(lib_a-nano-vfprintf.o)
                0x000000000800f40c                __sfputs_r
 .text._vfprintf_r
                0x000000000800f430      0x260 /Applications/STM32CubeIDE.app/Contents/Eclipse/plugins/com.st.stm32cube.ide.mcu.externaltools.gnu-tools-for-stm32.10.3-2021.10.macos64_1.0.0.202111181127/tools/bin/../lib/gcc/arm-none-eabi/10.3.1/../../../../arm-none-eabi/lib/thumb/v7-m/nofp/libc_nano.a(lib_a-nano-vfprintf.o)
                0x000000000800f430                _vfiprintf_r
                0x000000000800f430                _vfprintf_r
 .text.__swbuf_r
                0x000000000800f690       0xa4 /Applications/STM32CubeIDE.app/Contents/Eclipse/plugins/com.st.stm32cube.ide.mcu.externaltools.gnu-tools-for-stm32.10.3-2021.10.macos64_1.0.0.202111181127/tools/bin/../lib/gcc/arm-none-eabi/10.3.1/../../../../arm-none-eabi/lib/thumb/v7-m/nofp/libc_nano.a(lib_a-wbuf.o)
                0x000000000800f690                __swbuf_r
 .text.__ascii_wctomb
                0x000000000800f734       0x1a /Applications/STM32CubeIDE.app/Contents/Eclipse/plugins/com.st.stm32cube.ide.mcu.externaltools.gnu-tools-for-stm32.10.3-2021.10.macos64_1.0.0.202111181127/tools/bin/../lib/gcc/arm-none-eabi/10.3.1/../../../../arm-none-eabi/lib/thumb/v7-m/nofp/libc_nano.a(lib_a-wctomb_r.o)
                0x000000000800f734                __ascii_wctomb
 *fill*         0x000000000800f74e        0x2 
 .text.__swsetup_r
                0x000000000800f750       0xdc /Applications/STM32CubeIDE.app/Contents/Eclipse/plugins/com.st.stm32cube.ide.mcu.externaltools.gnu-tools-for-stm32.10.3-2021.10.macos64_1.0.0.202111181127/tools/bin/../lib/gcc/arm-none-eabi/10.3.1/../../../../arm-none-eabi/lib/thumb/v7-m/nofp/libc_nano.a(lib_a-wsetup.o)
                0x000000000800f750                __swsetup_r
 .text.abort    0x000000000800f82c        0xe /Applications/STM32CubeIDE.app/Contents/Eclipse/plugins/com.st.stm32cube.ide.mcu.externaltools.gnu-tools-for-stm32.10.3-2021.10.macos64_1.0.0.202111181127/tools/bin/../lib/gcc/arm-none-eabi/10.3.1/../../../../arm-none-eabi/lib/thumb/v7-m/nofp/libc_nano.a(lib_a-abort.o)
                0x000000000800f82c                abort
 *fill*         0x000000000800f83a        0x2 
 .text.__sflush_r
                0x000000000800f83c      0x104 /Applications/STM32CubeIDE.app/Contents/Eclipse/plugins/com.st.stm32cube.ide.mcu.externaltools.gnu-tools-for-stm32.10.3-2021.10.macos64_1.0.0.202111181127/tools/bin/../lib/gcc/arm-none-eabi/10.3.1/../../../../arm-none-eabi/lib/thumb/v7-m/nofp/libc_nano.a(lib_a-fflush.o)
                0x000000000800f83c                __sflush_r
 .text._fflush_r
                0x000000000800f940       0x78 /Applications/STM32CubeIDE.app/Contents/Eclipse/plugins/com.st.stm32cube.ide.mcu.externaltools.gnu-tools-for-stm32.10.3-2021.10.macos64_1.0.0.202111181127/tools/bin/../lib/gcc/arm-none-eabi/10.3.1/../../../../arm-none-eabi/lib/thumb/v7-m/nofp/libc_nano.a(lib_a-fflush.o)
                0x000000000800f940                _fflush_r
 .text.std      0x000000000800f9b8       0x48 /Applications/STM32CubeIDE.app/Contents/Eclipse/plugins/com.st.stm32cube.ide.mcu.externaltools.gnu-tools-for-stm32.10.3-2021.10.macos64_1.0.0.202111181127/tools/bin/../lib/gcc/arm-none-eabi/10.3.1/../../../../arm-none-eabi/lib/thumb/v7-m/nofp/libc_nano.a(lib_a-findfp.o)
 .text._cleanup_r
                0x000000000800fa00        0xc /Applications/STM32CubeIDE.app/Contents/Eclipse/plugins/com.st.stm32cube.ide.mcu.externaltools.gnu-tools-for-stm32.10.3-2021.10.macos64_1.0.0.202111181127/tools/bin/../lib/gcc/arm-none-eabi/10.3.1/../../../../arm-none-eabi/lib/thumb/v7-m/nofp/libc_nano.a(lib_a-findfp.o)
                0x000000000800fa00                _cleanup_r
 .text.__sfmoreglue
                0x000000000800fa0c       0x2c /Applications/STM32CubeIDE.app/Contents/Eclipse/plugins/com.st.stm32cube.ide.mcu.externaltools.gnu-tools-for-stm32.10.3-2021.10.macos64_1.0.0.202111181127/tools/bin/../lib/gcc/arm-none-eabi/10.3.1/../../../../arm-none-eabi/lib/thumb/v7-m/nofp/libc_nano.a(lib_a-findfp.o)
                0x000000000800fa0c                __sfmoreglue
 .text.__sfp_lock_acquire
                0x000000000800fa38        0xc /Applications/STM32CubeIDE.app/Contents/Eclipse/plugins/com.st.stm32cube.ide.mcu.externaltools.gnu-tools-for-stm32.10.3-2021.10.macos64_1.0.0.202111181127/tools/bin/../lib/gcc/arm-none-eabi/10.3.1/../../../../arm-none-eabi/lib/thumb/v7-m/nofp/libc_nano.a(lib_a-findfp.o)
                0x000000000800fa38                __sfp_lock_acquire
 .text.__sfp_lock_release
                0x000000000800fa44        0xc /Applications/STM32CubeIDE.app/Contents/Eclipse/plugins/com.st.stm32cube.ide.mcu.externaltools.gnu-tools-for-stm32.10.3-2021.10.macos64_1.0.0.202111181127/tools/bin/../lib/gcc/arm-none-eabi/10.3.1/../../../../arm-none-eabi/lib/thumb/v7-m/nofp/libc_nano.a(lib_a-findfp.o)
                0x000000000800fa44                __sfp_lock_release
 .text.__sinit_lock_acquire
                0x000000000800fa50        0xc /Applications/STM32CubeIDE.app/Contents/Eclipse/plugins/com.st.stm32cube.ide.mcu.externaltools.gnu-tools-for-stm32.10.3-2021.10.macos64_1.0.0.202111181127/tools/bin/../lib/gcc/arm-none-eabi/10.3.1/../../../../arm-none-eabi/lib/thumb/v7-m/nofp/libc_nano.a(lib_a-findfp.o)
                0x000000000800fa50                __sinit_lock_acquire
 .text.__sinit_lock_release
                0x000000000800fa5c        0xc /Applications/STM32CubeIDE.app/Contents/Eclipse/plugins/com.st.stm32cube.ide.mcu.externaltools.gnu-tools-for-stm32.10.3-2021.10.macos64_1.0.0.202111181127/tools/bin/../lib/gcc/arm-none-eabi/10.3.1/../../../../arm-none-eabi/lib/thumb/v7-m/nofp/libc_nano.a(lib_a-findfp.o)
                0x000000000800fa5c                __sinit_lock_release
 .text.__sinit  0x000000000800fa68       0x70 /Applications/STM32CubeIDE.app/Contents/Eclipse/plugins/com.st.stm32cube.ide.mcu.externaltools.gnu-tools-for-stm32.10.3-2021.10.macos64_1.0.0.202111181127/tools/bin/../lib/gcc/arm-none-eabi/10.3.1/../../../../arm-none-eabi/lib/thumb/v7-m/nofp/libc_nano.a(lib_a-findfp.o)
                0x000000000800fa68                __sinit
 .text.__sfp    0x000000000800fad8       0x8c /Applications/STM32CubeIDE.app/Contents/Eclipse/plugins/com.st.stm32cube.ide.mcu.externaltools.gnu-tools-for-stm32.10.3-2021.10.macos64_1.0.0.202111181127/tools/bin/../lib/gcc/arm-none-eabi/10.3.1/../../../../arm-none-eabi/lib/thumb/v7-m/nofp/libc_nano.a(lib_a-findfp.o)
                0x000000000800fad8                __sfp
 .text._fwalk_reent
                0x000000000800fb64       0x3e /Applications/STM32CubeIDE.app/Contents/Eclipse/plugins/com.st.stm32cube.ide.mcu.externaltools.gnu-tools-for-stm32.10.3-2021.10.macos64_1.0.0.202111181127/tools/bin/../lib/gcc/arm-none-eabi/10.3.1/../../../../arm-none-eabi/lib/thumb/v7-m/nofp/libc_nano.a(lib_a-fwalk.o)
                0x000000000800fb64                _fwalk_reent
 .text.__retarget_lock_init_recursive
                0x000000000800fba2        0x2 /Applications/STM32CubeIDE.app/Contents/Eclipse/plugins/com.st.stm32cube.ide.mcu.externaltools.gnu-tools-for-stm32.10.3-2021.10.macos64_1.0.0.202111181127/tools/bin/../lib/gcc/arm-none-eabi/10.3.1/../../../../arm-none-eabi/lib/thumb/v7-m/nofp/libc_nano.a(lib_a-lock.o)
                0x000000000800fba2                __retarget_lock_init_recursive
 .text.__retarget_lock_acquire_recursive
                0x000000000800fba4        0x2 /Applications/STM32CubeIDE.app/Contents/Eclipse/plugins/com.st.stm32cube.ide.mcu.externaltools.gnu-tools-for-stm32.10.3-2021.10.macos64_1.0.0.202111181127/tools/bin/../lib/gcc/arm-none-eabi/10.3.1/../../../../arm-none-eabi/lib/thumb/v7-m/nofp/libc_nano.a(lib_a-lock.o)
                0x000000000800fba4                __retarget_lock_acquire_recursive
 .text.__retarget_lock_release_recursive
                0x000000000800fba6        0x2 /Applications/STM32CubeIDE.app/Contents/Eclipse/plugins/com.st.stm32cube.ide.mcu.externaltools.gnu-tools-for-stm32.10.3-2021.10.macos64_1.0.0.202111181127/tools/bin/../lib/gcc/arm-none-eabi/10.3.1/../../../../arm-none-eabi/lib/thumb/v7-m/nofp/libc_nano.a(lib_a-lock.o)
                0x000000000800fba6                __retarget_lock_release_recursive
 .text.__swhatbuf_r