Archive member included to satisfy reference by file (symbol)

/Applications/STM32CubeIDE.app/Contents/Eclipse/plugins/com.st.stm32cube.ide.mcu.externaltools.gnu-tools-for-stm32.10.3-2021.10.macos64_1.0.0.202111181127/tools/bin/../lib/gcc/arm-none-eabi/10.3.1/../../../../arm-none-eabi/lib/thumb/v7-m/nofp/libc_nano.a(lib_a-errno.o)
                              ./Core/Src/syscalls.o (__errno)
/Applications/STM32CubeIDE.app/Contents/Eclipse/plugins/com.st.stm32cube.ide.mcu.externaltools.gnu-tools-for-stm32.10.3-2021.10.macos64_1.0.0.202111181127/tools/bin/../lib/gcc/arm-none-eabi/10.3.1/../../../../arm-none-eabi/lib/thumb/v7-m/nofp/libc_nano.a(lib_a-exit.o)
                              /Applications/STM32CubeIDE.app/Contents/Eclipse/plugins/com.st.stm32cube.ide.mcu.externaltools.gnu-tools-for-stm32.10.3-2021.10.macos64_1.0.0.202111181127/tools/bin/../lib/gcc/arm-none-eabi/10.3.1/../../../../arm-none-eabi/lib/thumb/v7-m/nofp/crt0.o (exit)
/Applications/STM32CubeIDE.app/Contents/Eclipse/plugins/com.st.stm32cube.ide.mcu.externaltools.gnu-tools-for-stm32.10.3-2021.10.macos64_1.0.0.202111181127/tools/bin/../lib/gcc/arm-none-eabi/10.3.1/../../../../arm-none-eabi/lib/thumb/v7-m/nofp/libc_nano.a(lib_a-impure.o)
                              /Applications/STM32CubeIDE.app/Contents/Eclipse/plugins/com.st.stm32cube.ide.mcu.externaltools.gnu-tools-for-stm32.10.3-2021.10.macos64_1.0.0.202111181127/tools/bin/../lib/gcc/arm-none-eabi/10.3.1/../../../../arm-none-eabi/lib/thumb/v7-m/nofp/libc_nano.a(lib_a-exit.o) (_global_impure_ptr)
/Applications/STM32CubeIDE.app/Contents/Eclipse/plugins/com.st.stm32cube.ide.mcu.externaltools.gnu-tools-for-stm32.10.3-2021.10.macos64_1.0.0.202111181127/tools/bin/../lib/gcc/arm-none-eabi/10.3.1/../../../../arm-none-eabi/lib/thumb/v7-m/nofp/libc_nano.a(lib_a-init.o)
                              /Applications/STM32CubeIDE.app/Contents/Eclipse/plugins/com.st.stm32cube.ide.mcu.externaltools.gnu-tools-for-stm32.10.3-2021.10.macos64_1.0.0.202111181127/tools/bin/../lib/gcc/arm-none-eabi/10.3.1/../../../../arm-none-eabi/lib/thumb/v7-m/nofp/crt0.o (__libc_init_array)
/Applications/STM32CubeIDE.app/Contents/Eclipse/plugins/com.st.stm32cube.ide.mcu.externaltools.gnu-tools-for-stm32.10.3-2021.10.macos64_1.0.0.202111181127/tools/bin/../lib/gcc/arm-none-eabi/10.3.1/../../../../arm-none-eabi/lib/thumb/v7-m/nofp/libc_nano.a(lib_a-memcpy-stub.o)
                              ./Drivers/VL53L1X/core/src/vl53l1_api.o (memcpy)
/Applications/STM32CubeIDE.app/Contents/Eclipse/plugins/com.st.stm32cube.ide.mcu.externaltools.gnu-tools-for-stm32.10.3-2021.10.macos64_1.0.0.202111181127/tools/bin/../lib/gcc/arm-none-eabi/10.3.1/../../../../arm-none-eabi/lib/thumb/v7-m/nofp/libc_nano.a(lib_a-memset.o)
                              /Applications/STM32CubeIDE.app/Contents/Eclipse/plugins/com.st.stm32cube.ide.mcu.externaltools.gnu-tools-for-stm32.10.3-2021.10.macos64_1.0.0.202111181127/tools/bin/../lib/gcc/arm-none-eabi/10.3.1/../../../../arm-none-eabi/lib/thumb/v7-m/nofp/crt0.o (memset)
/Applications/STM32CubeIDE.app/Contents/Eclipse/plugins/com.st.stm32cube.ide.mcu.externaltools.gnu-tools-for-stm32.10.3-2021.10.macos64_1.0.0.202111181127/tools/bin/../lib/gcc/arm-none-eabi/10.3.1/../../../../arm-none-eabi/lib/thumb/v7-m/nofp/libc_nano.a(lib_a-nano-vfprintf_float.o)
                              (_printf_float)
/Applications/STM32CubeIDE.app/Contents/Eclipse/plugins/com.st.stm32cube.ide.mcu.externaltools.gnu-tools-for-stm32.10.3-2021.10.macos64_1.0.0.202111181127/tools/bin/../lib/gcc/arm-none-eabi/10.3.1/../../../../arm-none-eabi/lib/thumb/v7-m/nofp/libc_nano.a(lib_a-nano-vfprintf_i.o)
                              /Applications/STM32CubeIDE.app/Contents/Eclipse/plugins/com.st.stm32cube.ide.mcu.externaltools.gnu-tools-for-stm32.10.3-2021.10.macos64_1.0.0.202111181127/tools/bin/../lib/gcc/arm-none-eabi/10.3.1/../../../../arm-none-eabi/lib/thumb/v7-m/nofp/libc_nano.a(lib_a-nano-vfprintf_float.o) (_printf_common)
/Applications/STM32CubeIDE.app/Contents/Eclipse/plugins/com.st.stm32cube.ide.mcu.externaltools.gnu-tools-for-stm32.10.3-2021.10.macos64_1.0.0.202111181127/tools/bin/../lib/gcc/arm-none-eabi/10.3.1/../../../../arm-none-eabi/lib/thumb/v7-m/nofp/libc_nano.a(lib_a-sprintf.o)
                              ./Core/Src/main.o (sprintf)
/Applications/STM32CubeIDE.app/Contents/Eclipse/plugins/com.st.stm32cube.ide.mcu.externaltools.gnu-tools-for-stm32.10.3-2021.10.macos64_1.0.0.202111181127/tools/bin/../lib/gcc/arm-none-eabi/10.3.1/../../../../arm-none-eabi/lib/thumb/v7-m/nofp/libc_nano.a(lib_a-strlen.o)
                              ./Core/Src/xpt2046.o (strlen)
/Applications/STM32CubeIDE.app/Contents/Eclipse/plugins/com.st.stm32cube.ide.mcu.externaltools.gnu-tools-for-stm32.10.3-2021.10.macos64_1.0.0.202111181127/tools/bin/../lib/gcc/arm-none-eabi/10.3.1/../../../../arm-none-eabi/lib/thumb/v7-m/nofp/libc_nano.a(lib_a-strncpy.o)
                              ./Drivers/VL53L1X/core/src/vl53l1_api.o (strncpy)
[...]
Memory Configuration

Name             Origin             Length             Attributes
RAM              0x0000000020000000 0x0000000000010000 xrw
FLASH            0x0000000008000000 0x0000000000080000 xr
*default*        0x0000000000000000 0xffffffffffffffff

Linker script and memory map

LOAD /Applications/STM32CubeIDE.app/Contents/Eclipse/plugins/com.st.stm32cube.ide.mcu.externaltools.gnu-tools-for-stm32.10.3-2021.10.macos64_1.0.0.202111181127/tools/bin/../lib/gcc/arm-none-eabi/10.3.1/thumb/v7-m/nofp/crti.o
LOAD /Applications/STM32CubeIDE.app/Contents/Eclipse/plugins/com.st.stm32cube.ide.mcu.externaltools.gnu-tools-for-stm32.10.3-2021.10.macos64_1.0.0.202111181127/tools/bin/../lib/gcc/arm-none-eabi/10.3.1/thumb/v7-m/nofp/crtbegin.o
LOAD /Applications/STM32CubeIDE.app/Contents/Eclipse/plugins/com.st.stm32cube.ide.mcu.externaltools.gnu-tools-for-stm32.10.3-2021.10.macos64_1.0.0.202111181127/tools/bin/../lib/gcc/arm-none-eabi/10.3.1/../../../../arm-none-eabi/lib/thumb/v7-m/nofp/crt0.o
LOAD ./Core/Src/a3144.o
LOAD ./Core/Src/i2c-lcd.o
LOAD ./Core/Src/lcdtp.o
LOAD ./Core/Src/main.o
LOAD ./Core/Src/stm32f1xx_hal_msp.o
LOAD ./Core/Src/stm32f1xx_it.o
LOAD ./Core/Src/syscalls.o
LOAD ./Core/Src/sysmem.o
LOAD ./Core/Src/system_stm32f1xx.o
LOAD ./Core/Src/ws2812.o
LOAD ./Core/Src/xpt2046.o
LOAD ./Core/Startup/startup_stm32f103vetx.o
LOAD ./Drivers/STM32F1xx_HAL_Driver/Src/stm32f1xx_hal.o
LOAD ./Drivers/STM32F1xx_HAL_Driver/Src/stm32f1xx_hal_cortex.o
LOAD ./Drivers/STM32F1xx_HAL_Driver/Src/stm32f1xx_hal_dma.o
LOAD ./Drivers/STM32F1xx_HAL_Driver/Src/stm32f1xx_hal_exti.o
LOAD ./Drivers/STM32F1xx_HAL_Driver/Src/stm32f1xx_hal_flash.o
LOAD ./Drivers/STM32F1xx_HAL_Driver/Src/stm32f1xx_hal_flash_ex.o
LOAD ./Drivers/STM32F1xx_HAL_Driver/Src/stm32f1xx_hal_gpio.o
LOAD ./Drivers/STM32F1xx_HAL_Driver/Src/stm32f1xx_hal_gpio_ex.o
LOAD ./Drivers/STM32F1xx_HAL_Driver/Src/stm32f1xx_hal_i2c.o
LOAD ./Drivers/STM32F1xx_HAL_Driver/Src/stm32f1xx_hal_pwr.o
LOAD ./Drivers/STM32F1xx_HAL_Driver/Src/stm32f1xx_hal_rcc.o
LOAD ./Drivers/STM32F1xx_HAL_Driver/Src/stm32f1xx_hal_rcc_ex.o
LOAD ./Drivers/STM32F1xx_HAL_Driver/Src/stm32f1xx_hal_sram.o
LOAD ./Drivers/STM32F1xx_HAL_Driver/Src/stm32f1xx_hal_tim.o
LOAD ./Drivers/STM32F1xx_HAL_Driver/Src/stm32f1xx_hal_tim_ex.o
LOAD ./Drivers/STM32F1xx_HAL_Driver/Src/stm32f1xx_ll_fsmc.o
LOAD ./Drivers/VL53L1X/core/src/vl53l1_api.o
LOAD ./Drivers/VL53L1X/core/src/vl53l1_api_calibration.o
LOAD ./Drivers/VL53L1X/core/src/vl53l1_api_core.o
LOAD ./Drivers/VL53L1X/core/src/vl53l1_api_debug.o
LOAD ./Drivers/VL53L1X/core/src/vl53l1_api_preset_modes.o
LOAD ./Drivers/VL53L1X/core/src/vl53l1_api_strings.o
LOAD ./Drivers/VL53L1X/core/src/vl53l1_core.o
LOAD ./Drivers/VL53L1X/core/src/vl53l1_core_support.o
LOAD ./Drivers/VL53L1X/core/src/vl53l1_error_strings.o
LOAD ./Drivers/VL53L1X/core/src/vl53l1_register_funcs.o
LOAD ./Drivers/VL53L1X/core/src/vl53l1_silicon_core.o
LOAD ./Drivers/VL53L1X/core/src/vl53l1_wait.o
LOAD ./Drivers/VL53L1X/platform/src/vl53l1_platform.o
LOAD ./Drivers/VL53L1X/platform/src/vl53l1_platform_log.o
LOAD ./Library_Code/MPU6050.o
START GROUP
LOAD /Applications/STM32CubeIDE.app/Contents/Eclipse/plugins/com.st.stm32cube.ide.mcu.externaltools.gnu-tools-for-stm32.10.3-2021.10.macos64_1.0.0.202111181127/tools/bin/../lib/gcc/arm-none-eabi/10.3.1/../../../../arm-none-eabi/lib/thumb/v7-m/nofp/libc_nano.a
LOAD /Applications/STM32CubeIDE.app/Contents/Eclipse/plugins/com.st.stm32cube.ide.mcu.externaltools.gnu-tools-for-stm32.10.3-2021.10.macos64_1.0.0.202111181127/tools/bin/../lib/gcc/arm-none-eabi/10.3.1/../../../../arm-none-eabi/lib/thumb/v7-m/nofp/libm.a
END GROUP
START GROUP
LOAD /Applications/STM32CubeIDE.app/Contents/Eclipse/plugins/com.st.stm32cube.ide.mcu.externaltools.gnu-tools-for-stm32.10.3-2021.10.macos64_1.0.0.202111181127/tools/bin/../lib/gcc/arm-none-eabi/10.3.1/thumb/v7-m/nofp/libgcc.a
LOAD /Applications/STM32CubeIDE.app/Contents/Eclipse/plugins/com.st.stm32cube.ide.mcu.externaltools.gnu-tools-for-stm32.10.3-2021.10.macos64_1.0.0.202111181127/tools/bin/../lib/gcc/arm-none-eabi/10.3.1/../../../../arm-none-eabi/lib/thumb/v7-m/nofp/libc_nano.a
END GROUP
START GROUP
LOAD /Applications/STM32CubeIDE.app/Contents/Eclipse/plugins/com.st.stm32cube.ide.mcu.externaltools.gnu-tools-for-stm32.10.3-2021.10.macos64_1.0.0.202111181127/tools/bin/../lib/gcc/arm-none-eabi/10.3.1/thumb/v7-m/nofp/libgcc.a
LOAD /Applications/STM32CubeIDE.app/Contents/Eclipse/plugins/com.st.stm32cube.ide.mcu.externaltools.gnu-tools-for-stm32.10.3-2021.10.macos64_1.0.0.202111181127/tools/bin/../lib/gcc/arm-none-eabi/10.3.1/../../../../arm-none-eabi/lib/thumb/v7-m/nofp/libc_nano.a
LOAD /Applications/STM32CubeIDE.app/Contents/Eclipse/plugins/com.st.stm32cube.ide.mcu.externaltools.gnu-tools-for-stm32.10.3-2021.10.macos64_1.0.0.202111181127/tools/bin/../lib/gcc/arm-none-eabi/10.3.1/../../../../arm-none-eabi/lib/thumb/v7-m/nofp/libnosys.a
END GROUP
START GROUP
LOAD /Applications/STM32CubeIDE.app/Contents/Eclipse/plugins/com.st.stm32cube.ide.mcu.externaltools.gnu-tools-for-stm32.10.3-2021.10.macos64_1.0.0.202111181127/tools/bin/../lib/gcc/arm-none-eabi/10.3.1/thumb/v7-m/nofp/libgcc.a
LOAD /Applications/STM32CubeIDE.app/Contents/Eclipse/plugins/com.st.stm32cube.ide.mcu.externaltools.gnu-tools-for-stm32.10.3-2021.10.macos64_1.0.0.202111181127/tools/bin/../lib/gcc/arm-none-eabi/10.3.1/../../../../arm-none-eabi/lib/thumb/v7-m/nofp/libc_nano.a
LOAD /Applications/STM32CubeIDE.app/Contents/Eclipse/plugins/com.st.stm32cube.ide.mcu.externaltools.gnu-tools-for-stm32.10.3-2021.10.macos64_1.0.0.202111181127/tools/bin/../lib/gcc/arm-none-eabi/10.3.1/../../../../arm-none-eabi/lib/thumb/v7-m/nofp/libnosys.a
END GROUP
LOAD /Applications/STM32CubeIDE.app/Contents/Eclipse/plugins/com.st.stm32cube.ide.mcu.externaltools.gnu-tools-for-stm32.10.3-2021.10.macos64_1.0.0.202111181127/tools/bin/../lib/gcc/arm-none-eabi/10.3.1/thumb/v7-m/nofp/crtend.o
LOAD /Applications/STM32CubeIDE.app/Contents/Eclipse/plugins/com.st.stm32cube.ide.mcu.externaltools.gnu-tools-for-stm32.10.3-2021.10.macos64_1.0.0.202111181127/tools/bin/../lib/gcc/arm-none-eabi/10.3.1/thumb/v7-m/nofp/crtn.o
                0x0000000020010000                _estack = (ORIGIN (RAM) + LENGTH (RAM))
                0x0000000000000200                _Min_Heap_Size = 0x200
                0x0000000000000400                _Min_Stack_Size = 0x400

.isr_vector     0x0000000008000000      0x1e4
                0x0000000008000000                . = ALIGN (0x4)
 *(.isr_vector)
 .isr_vector    0x0000000008000000      0x1e4 ./Core/Startup/startup_stm32f103vetx.o
                0x0000000008000000                g_pfnVectors
                0x00000000080001e4                . = ALIGN (0x4)

.text           0x00000000080001e8    0x10f04
                0x00000000080001e8                . = ALIGN (0x4)
 *(.text)
 .text          0x00000000080001e8       0x40 /Applications/STM32CubeIDE.app/Contents/Eclipse/plugins/com.st.stm32cube.ide.mcu.externaltools.gnu-tools-for-stm32.10.3-2021.10.macos64_1.0.0.202111181127/tools/bin/../lib/gcc/arm-none-eabi/10.3.1/thumb/v7-m/nofp/crtbegin.o
 .text          0x0000000008000228       0x10 /Applications/STM32CubeIDE.app/Contents/Eclipse/plugins/com.st.stm32cube.ide.mcu.externaltools.gnu-tools-for-stm32.10.3-2021.10.macos64_1.0.0.202111181127/tools/bin/../lib/gcc/arm-none-eabi/10.3.1/../../../../arm-none-eabi/lib/thumb/v7-m/nofp/libc_nano.a(lib_a-strlen.o)
                0x0000000008000228                strlen
 .text          0x0000000008000238      0x378 /Applications/STM32CubeIDE.app/Contents/Eclipse/plugins/com.st.stm32cube.ide.mcu.externaltools.gnu-tools-for-stm32.10.3-2021.10.macos64_1.0.0.202111181127/tools/bin/../lib/gcc/arm-none-eabi/10.3.1/thumb/v7-m/nofp/libgcc.a(_arm_addsubdf3.o)
                0x0000000008000238                __aeabi_drsub
                0x0000000008000240                __subdf3
                0x0000000008000240                __aeabi_dsub
                0x0000000008000244                __aeabi_dadd
                0x0000000008000244                __adddf3
                0x00000000080004bc                __aeabi_ui2d
                0x00000000080004bc                __floatunsidf
                0x00000000080004dc                __floatsidf
                0x00000000080004dc                __aeabi_i2d
                0x0000000008000500                __extendsfdf2
                0x0000000008000500                __aeabi_f2d
                0x0000000008000544                __aeabi_ul2d
                0x0000000008000544                __floatundidf
                0x0000000008000554                __aeabi_l2d
                0x0000000008000554                __floatdidf
 .text          0x00000000080005b0      0x424 /Applications/STM32CubeIDE.app/Contents/Eclipse/plugins/com.st.stm32cube.ide.mcu.externaltools.gnu-tools-for-stm32.10.3-2021.10.macos64_1.0.0.202111181127/tools/bin/../lib/gcc/arm-none-eabi/10.3.1/thumb/v7-m/nofp/libgcc.a(_arm_muldivdf3.o)
                0x00000000080005b0                __aeabi_dmul
                0x00000000080005b0                __muldf3
                0x0000000008000804                __aeabi_ddiv
                0x0000000008000804                __divdf3
 .text          0x00000000080009d4      0x110 /Applications/STM32CubeIDE.app/Contents/Eclipse/plugins/com.st.stm32cube.ide.mcu.externaltools.gnu-tools-for-stm32.10.3-2021.10.macos64_1.0.0.202111181127/tools/bin/../lib/gcc/arm-none-eabi/10.3.1/thumb/v7-m/nofp/libgcc.a(_arm_cmpdf2.o)
                0x00000000080009d4                __gedf2
                0x00000000080009d4                __gtdf2
                0x00000000080009dc                __ledf2
                0x00000000080009dc                __ltdf2
                0x00000000080009e4                __cmpdf2
                0x00000000080009e4                __eqdf2
                0x00000000080009e4                __nedf2
                0x0000000008000a60                __aeabi_cdrcmple
                0x0000000008000a70                __aeabi_cdcmple
                0x0000000008000a70                __aeabi_cdcmpeq
                0x0000000008000a80                __aeabi_dcmpeq
                0x0000000008000a94                __aeabi_dcmplt
                0x0000000008000aa8                __aeabi_dcmple
                0x0000000008000abc                __aeabi_dcmpge
                0x0000000008000ad0                __aeabi_dcmpgt
 .text          0x0000000008000ae4       0x2c /Applications/STM32CubeIDE.app/Contents/Eclipse/plugins/com.st.stm32cube.ide.mcu.externaltools.gnu-tools-for-stm32.10.3-2021.10.macos64_1.0.0.202111181127/tools/bin/../lib/gcc/arm-none-eabi/10.3.1/thumb/v7-m/nofp/libgcc.a(_arm_unorddf2.o)
                0x0000000008000ae4                __aeabi_dcmpun
                0x0000000008000ae4                __unorddf2
 .text          0x0000000008000b10       0x50 /Applications/STM32CubeIDE.app/Contents/Eclipse/plugins/com.st.stm32cube.ide.mcu.externaltools.gnu-tools-for-stm32.10.3-2021.10.macos64_1.0.0.202111181127/tools/bin/../lib/gcc/arm-none-eabi/10.3.1/thumb/v7-m/nofp/libgcc.a(_arm_fixdfsi.o)
                0x0000000008000b10                __fixdfsi
                0x0000000008000b10                __aeabi_d2iz
 .text          0x0000000008000b60       0x40 /Applications/STM32CubeIDE.app/Contents/Eclipse/plugins/com.st.stm32cube.ide.mcu.externaltools.gnu-tools-for-stm32.10.3-2021.10.macos64_1.0.0.202111181127/tools/bin/../lib/gcc/arm-none-eabi/10.3.1/thumb/v7-m/nofp/libgcc.a(_arm_fixunsdfsi.o)
                0x0000000008000b60                __fixunsdfsi
                0x0000000008000b60                __aeabi_d2uiz
 .text          0x0000000008000ba0       0xa0 /Applications/STM32CubeIDE.app/Contents/Eclipse/plugins/com.st.stm32cube.ide.mcu.externaltools.gnu-tools-for-stm32.10.3-2021.10.macos64_1.0.0.202111181127/tools/bin/../lib/gcc/arm-none-eabi/10.3.1/thumb/v7-m/nofp/libgcc.a(_arm_truncdfsf2.o)
                0x0000000008000ba0                __aeabi_d2f
                0x0000000008000ba0                __truncdfsf2
 .text          0x0000000008000c40      0x21c /Applications/STM32CubeIDE.app/Contents/Eclipse/plugins/com.st.stm32cube.ide.mcu.externaltools.gnu-tools-for-stm32.10.3-2021.10.macos64_1.0.0.202111181127/tools/bin/../lib/gcc/arm-none-eabi/10.3.1/thumb/v7-m/nofp/libgcc.a(_arm_addsubsf3.o)
                0x0000000008000c40                __aeabi_frsub
                0x0000000008000c48                __aeabi_fsub
                0x0000000008000c48                __subsf3
                0x0000000008000c4c                __aeabi_fadd
                0x0000000008000c4c                __addsf3
                0x0000000008000dac                __aeabi_ui2f
                0x0000000008000dac                __floatunsisf
                0x0000000008000db4                __floatsisf
                0x0000000008000db4                __aeabi_i2f
                0x0000000008000dd0                __aeabi_ul2f
                0x0000000008000dd0                __floatundisf
                0x0000000008000de0                __aeabi_l2f
                0x0000000008000de0                __floatdisf
 .text          0x0000000008000e5c      0x2a0 /Applications/STM32CubeIDE.app/Contents/Eclipse/plugins/com.st.stm32cube.ide.mcu.externaltools.gnu-tools-for-stm32.10.3-2021.10.macos64_1.0.0.202111181127/tools/bin/../lib/gcc/arm-none-eabi/10.3.1/thumb/v7-m/nofp/libgcc.a(_arm_muldivsf3.o)
                0x0000000008000e5c                __mulsf3
                0x0000000008000e5c                __aeabi_fmul
                0x0000000008000fc4                __divsf3
                0x0000000008000fc4                __aeabi_fdiv
 .text          0x00000000080010fc       0xec /Applications/STM32CubeIDE.app/Contents/Eclipse/plugins/com.st.stm32cube.ide.mcu.externaltools.gnu-tools-for-stm32.10.3-2021.10.macos64_1.0.0.202111181127/tools/bin/../lib/gcc/arm-none-eabi/10.3.1/thumb/v7-m/nofp/libgcc.a(_arm_cmpsf2.o)
                0x00000000080010fc                __gesf2
                0x00000000080010fc                __gtsf2
                0x0000000008001104                __ltsf2
                0x0000000008001104                __lesf2
                0x000000000800110c                __nesf2
                0x000000000800110c                __eqsf2
                0x000000000800110c                __cmpsf2
                0x000000000800116c                __aeabi_cfrcmple
                0x0000000008001174                __aeabi_cfcmpeq
                0x0000000008001174                __aeabi_cfcmple
                0x0000000008001184                __aeabi_fcmpeq
                0x0000000008001198                __aeabi_fcmplt
                0x00000000080011ac                __aeabi_fcmple
                0x00000000080011c0                __aeabi_fcmpge
                0x00000000080011d4                __aeabi_fcmpgt
 *(.text*)
 .text.CountRPM
                0x00000000080011e8       0xb4 ./Core/Src/a3144.o
                0x00000000080011e8                CountRPM
 *fill*         0x000000000800129c        0x4 
 .text.GetRotationSpeed
                0x00000000080012a0       0x6c ./Core/Src/a3144.o
                0x00000000080012a0                GetRotationSpeed
 .text.a3144_Init
                0x000000000800130c       0x14 ./Core/Src/a3144.o
                0x000000000800130c                a3144_Init
 .text.HAL_TIM_PeriodElapsedCallback
                0x0000000008001320       0x38 ./Core/Src/a3144.o
                0x0000000008001320                HAL_TIM_PeriodElapsedCallback
 .text.Delay    0x0000000008001358       0x22 ./Core/Src/lcdtp.o
                0x0000000008001358                Delay
 .text.LCD_INIT
                0x000000000800137a       0x2e ./Core/Src/lcdtp.o
                0x000000000800137a                LCD_INIT
 .text.LCD_Rst  0x00000000080013a8       0x30 ./Core/Src/lcdtp.o
                0x00000000080013a8                LCD_Rst
 .text.LCD_BackLed_Control
                0x00000000080013d8       0x38 ./Core/Src/lcdtp.o
                0x00000000080013d8                LCD_BackLed_Control
 .text.LCD_Write_Cmd
                0x0000000008001410       0x1c ./Core/Src/lcdtp.o
                0x0000000008001410                LCD_Write_Cmd
 .text.LCD_Write_Data
                0x000000000800142c       0x20 ./Core/Src/lcdtp.o
                0x000000000800142c                LCD_Write_Data
 .text.LCD_REG_Config
                0x000000000800144c      0x234 ./Core/Src/lcdtp.o
                0x000000000800144c                LCD_REG_Config
 .text.LCD_OpenWindow
                0x0000000008001680       0xb2 ./Core/Src/lcdtp.o
                0x0000000008001680                LCD_OpenWindow
 .text.LCD_FillColor
                0x0000000008001732       0x3c ./Core/Src/lcdtp.o
                0x0000000008001732                LCD_FillColor
 .text.LCD_Clear
                0x000000000800176e       0x46 ./Core/Src/lcdtp.o
                0x000000000800176e                LCD_Clear
 .text.LCD_DrawChar
                0x00000000080017b4       0x8c ./Core/Src/lcdtp.o
                0x00000000080017b4                LCD_DrawChar
 .text.LCD_DrawString
                0x0000000008001840       0x5e ./Core/Src/lcdtp.o
                0x0000000008001840                LCD_DrawString
 *fill*         0x000000000800189e        0x2 
 .text.LCD_DrawChar_Color
                0x00000000080018a0       0x9c ./Core/Src/lcdtp.o
                0x00000000080018a0                LCD_DrawChar_Color
 .text.LCD_DrawCross
                0x000000000800193c       0x44 ./Core/Src/lcdtp.o
                0x000000000800193c                LCD_DrawCross
 .text.LCD_DrawString_Color
                0x0000000008001980       0x6a ./Core/Src/lcdtp.o
                0x0000000008001980                LCD_DrawString_Color
 *fill*         0x00000000080019ea        0x2 
 .text.LCD_GramScan
                0x00000000080019ec      0x164 ./Core/Src/lcdtp.o
                0x00000000080019ec                LCD_GramScan
 .text.main     0x0000000008001b50      0x650 ./Core/Src/main.o
                0x0000000008001b50                main
 .text.SystemClock_Config
                0x00000000080021a0       0x8c ./Core/Src/main.o
                0x00000000080021a0                SystemClock_Config
 .text.MX_I2C1_Init
                0x000000000800222c       0x5c ./Core/Src/main.o
 .text.MX_I2C2_Init
                0x0000000008002288       0x5c ./Core/Src/main.o
 .text.MX_TIM1_Init
                0x00000000080022e4      0x140 ./Core/Src/main.o
 .text.MX_TIM3_Init
                0x0000000008002424       0x9c ./Core/Src/main.o
 .text.MX_DMA_Init
                0x00000000080024c0       0x3c ./Core/Src/main.o
 .text.MX_GPIO_Init
                0x00000000080024fc      0x158 ./Core/Src/main.o
 .text.MX_FSMC_Init
                0x0000000008002654       0xfc ./Core/Src/main.o
 .text.Error_Handler
                0x0000000008002750        0xa ./Core/Src/main.o
                0x0000000008002750                Error_Handler
 *fill*         0x000000000800275a        0x2 
 .text.HAL_MspInit
                0x000000000800275c       0x64 ./Core/Src/stm32f1xx_hal_msp.o
                0x000000000800275c                HAL_MspInit
 .text.HAL_I2C_MspInit
                0x00000000080027c0       0xd8 ./Core/Src/stm32f1xx_hal_msp.o
                0x00000000080027c0                HAL_I2C_MspInit
 .text.HAL_TIM_Base_MspInit
                0x0000000008002898       0xcc ./Core/Src/stm32f1xx_hal_msp.o
                0x0000000008002898                HAL_TIM_Base_MspInit
 .text.HAL_TIM_MspPostInit
                0x0000000008002964       0x68 ./Core/Src/stm32f1xx_hal_msp.o
                0x0000000008002964                HAL_TIM_MspPostInit
 .text.HAL_FSMC_MspInit
                0x00000000080029cc       0x88 ./Core/Src/stm32f1xx_hal_msp.o
 .text.HAL_SRAM_MspInit
                0x0000000008002a54       0x14 ./Core/Src/stm32f1xx_hal_msp.o
                0x0000000008002a54                HAL_SRAM_MspInit
 .text.NMI_Handler
                0x0000000008002a68        0xc ./Core/Src/stm32f1xx_it.o
                0x0000000008002a68                NMI_Handler
 .text.HardFault_Handler
                0x0000000008002a74        0x6 ./Core/Src/stm32f1xx_it.o
                0x0000000008002a74                HardFault_Handler
 .text.MemManage_Handler
                0x0000000008002a7a        0x6 ./Core/Src/stm32f1xx_it.o
                0x0000000008002a7a                MemManage_Handler
 .text.BusFault_Handler
                0x0000000008002a80        0x6 ./Core/Src/stm32f1xx_it.o
                0x0000000008002a80                BusFault_Handler
 .text.UsageFault_Handler
                0x0000000008002a86        0x6 ./Core/Src/stm32f1xx_it.o
                0x0000000008002a86                UsageFault_Handler
 .text.SVC_Handler
                0x0000000008002a8c        0xc ./Core/Src/stm32f1xx_it.o
                0x0000000008002a8c                SVC_Handler
 .text.DebugMon_Handler
                0x0000000008002a98        0xc ./Core/Src/stm32f1xx_it.o
                0x0000000008002a98                DebugMon_Handler
 .text.PendSV_Handler
                0x0000000008002aa4        0xc ./Core/Src/stm32f1xx_it.o
                0x0000000008002aa4                PendSV_Handler
 .text.SysTick_Handler
                0x0000000008002ab0        0xc ./Core/Src/stm32f1xx_it.o
                0x0000000008002ab0                SysTick_Handler
 .text.DMA1_Channel2_IRQHandler
                0x0000000008002abc       0x14 ./Core/Src/stm32f1xx_it.o
                0x0000000008002abc                DMA1_Channel2_IRQHandler
 .text.TIM3_IRQHandler
                0x0000000008002ad0       0x14 ./Core/Src/stm32f1xx_it.o
                0x0000000008002ad0                TIM3_IRQHandler
 .text._getpid  0x0000000008002ae4        0xe ./Core/Src/syscalls.o
                0x0000000008002ae4                _getpid
 .text._kill    0x0000000008002af2       0x20 ./Core/Src/syscalls.o
                0x0000000008002af2                _kill
 .text._exit    0x0000000008002b12       0x14 ./Core/Src/syscalls.o
                0x0000000008002b12                _exit
 .text._read    0x0000000008002b26       0x3a ./Core/Src/syscalls.o
                0x0000000008002b26                _read
 .text._write   0x0000000008002b60       0x38 ./Core/Src/syscalls.o
                0x0000000008002b60                _write
 .text._close   0x0000000008002b98       0x16 ./Core/Src/syscalls.o
                0x0000000008002b98                _close
 .text._fstat   0x0000000008002bae       0x1e ./Core/Src/syscalls.o
                0x0000000008002bae                _fstat
 .text._isatty  0x0000000008002bcc       0x14 ./Core/Src/syscalls.o
                0x0000000008002bcc                _isatty
 .text._lseek   0x0000000008002be0       0x18 ./Core/Src/syscalls.o
                0x0000000008002be0                _lseek
 .text._sbrk    0x0000000008002bf8       0x6c ./Core/Src/sysmem.o
                0x0000000008002bf8                _sbrk
 .text.SystemInit
                0x0000000008002c64        0xc ./Core/Src/system_stm32f1xx.o
                0x0000000008002c64                SystemInit
 .text.HAL_TIM_PWM_PulseFinishedCallback
                0x0000000008002c70       0x28 ./Core/Src/ws2812.o
                0x0000000008002c70                HAL_TIM_PWM_PulseFinishedCallback
 .text.Set_LED  0x0000000008002c98       0x58 ./Core/Src/ws2812.o
                0x0000000008002c98                Set_LED
 .text.WS2812_Send
                0x0000000008002cf0       0xdc ./Core/Src/ws2812.o
                0x0000000008002cf0                WS2812_Send
 .text.XPT2046_DelayUS
                0x0000000008002dcc       0x38 ./Core/Src/xpt2046.o
 .text.XPT2046_WriteCMD
                0x0000000008002e04       0x88 ./Core/Src/xpt2046.o
 .text.XPT2046_ReadCMD
                0x0000000008002e8c       0x78 ./Core/Src/xpt2046.o
 .text.XPT2046_ReadAdc
                0x0000000008002f04       0x20 ./Core/Src/xpt2046.o
 .text.XPT2046_ReadAdc_XY
                0x0000000008002f24       0x38 ./Core/Src/xpt2046.o
 .text.XPT2046_ReadAdc_Smooth_XY
                0x0000000008002f5c      0x22c ./Core/Src/xpt2046.o
 .text.XPT2046_Calculate_CalibrationFactor
                0x0000000008003188      0x31a ./Core/Src/xpt2046.o
 *fill*         0x00000000080034a2        0x2 
 .text.XPT2046_Touch_Calibrate
                0x00000000080034a4      0x480 ./Core/Src/xpt2046.o
                0x00000000080034a4                XPT2046_Touch_Calibrate
 .text.XPT2046_Get_TouchedPoint
                0x0000000008003924      0x10e ./Core/Src/xpt2046.o
                0x0000000008003924                XPT2046_Get_TouchedPoint
 *fill*         0x0000000008003a32        0x2 
 .text.Reset_Handler
                0x0000000008003a34       0x48 ./Core/Startup/startup_stm32f103vetx.o
                0x0000000008003a34                Reset_Handler
 .text.Default_Handler
                0x0000000008003a7c        0x2 ./Core/Startup/startup_stm32f103vetx.o
                0x0000000008003a7c                DMA2_Channel3_IRQHandler
                0x0000000008003a7c                EXTI2_IRQHandler
                0x0000000008003a7c                TIM8_TRG_COM_IRQHandler
                0x0000000008003a7c                TIM8_CC_IRQHandler
                0x0000000008003a7c                TIM1_CC_IRQHandler
                0x0000000008003a7c                TIM6_IRQHandler
                0x0000000008003a7c                PVD_IRQHandler
                0x0000000008003a7c                SDIO_IRQHandler
                0x0000000008003a7c                EXTI3_IRQHandler
                0x0000000008003a7c                EXTI0_IRQHandler
                0x0000000008003a7c                I2C2_EV_IRQHandler
                0x0000000008003a7c                ADC1_2_IRQHandler
                0x0000000008003a7c                SPI1_IRQHandler
                0x0000000008003a7c                TAMPER_IRQHandler
                0x0000000008003a7c                TIM8_UP_IRQHandler
                0x0000000008003a7c                DMA2_Channel2_IRQHandler
                0x0000000008003a7c                DMA1_Channel4_IRQHandler
                0x0000000008003a7c                USART3_IRQHandler
                0x0000000008003a7c                RTC_IRQHandler
                0x0000000008003a7c                DMA1_Channel7_IRQHandler
                0x0000000008003a7c                CAN1_RX1_IRQHandler
                0x0000000008003a7c                UART5_IRQHandler
                0x0000000008003a7c                ADC3_IRQHandler
                0x0000000008003a7c                TIM4_IRQHandler
                0x0000000008003a7c                DMA2_Channel1_IRQHandler
                0x0000000008003a7c                I2C1_EV_IRQHandler
                0x0000000008003a7c                DMA1_Channel6_IRQHandler
                0x0000000008003a7c                UART4_IRQHandler
                0x0000000008003a7c                RCC_IRQHandler
                0x0000000008003a7c                TIM1_TRG_COM_IRQHandler
                0x0000000008003a7c                DMA1_Channel1_IRQHandler
                0x0000000008003a7c                Default_Handler
                0x0000000008003a7c                EXTI15_10_IRQHandler
                0x0000000008003a7c                TIM7_IRQHandler
                0x0000000008003a7c                TIM5_IRQHandler
                0x0000000008003a7c                EXTI9_5_IRQHandler
                0x0000000008003a7c                SPI2_IRQHandler
                0x0000000008003a7c                DMA1_Channel5_IRQHandler
                0x0000000008003a7c                EXTI4_IRQHandler
                0x0000000008003a7c                USB_LP_CAN1_RX0_IRQHandler
                0x0000000008003a7c                USB_HP_CAN1_TX_IRQHandler
                0x0000000008003a7c                DMA1_Channel3_IRQHandler
                0x0000000008003a7c                FSMC_IRQHandler
                0x0000000008003a7c                TIM1_UP_IRQHandler
                0x0000000008003a7c                WWDG_IRQHandler
                0x0000000008003a7c                TIM2_IRQHandler
                0x0000000008003a7c                TIM1_BRK_IRQHandler
                0x0000000008003a7c                EXTI1_IRQHandler
                0x0000000008003a7c                DMA2_Channel4_5_IRQHandler
                0x0000000008003a7c                USART2_IRQHandler
                0x0000000008003a7c                I2C2_ER_IRQHandler
                0x0000000008003a7c                TIM8_BRK_IRQHandler
                0x0000000008003a7c                CAN1_SCE_IRQHandler
                0x0000000008003a7c                FLASH_IRQHandler
                0x0000000008003a7c                USART1_IRQHandler
                0x0000000008003a7c                SPI3_IRQHandler
                0x0000000008003a7c                I2C1_ER_IRQHandler
                0x0000000008003a7c                USBWakeUp_IRQHandler
                0x0000000008003a7c                RTC_Alarm_IRQHandler
 *fill*         0x0000000008003a7e        0x2 
 .text.HAL_Init
                0x0000000008003a80       0x2c ./Drivers/STM32F1xx_HAL_Driver/Src/stm32f1xx_hal.o
                0x0000000008003a80                HAL_Init
 .text.HAL_InitTick
                0x0000000008003aac       0x60 ./Drivers/STM32F1xx_HAL_Driver/Src/stm32f1xx_hal.o
                0x0000000008003aac                HAL_InitTick
 .text.HAL_IncTick
                0x0000000008003b0c       0x24 ./Drivers/STM32F1xx_HAL_Driver/Src/stm32f1xx_hal.o
                0x0000000008003b0c                HAL_IncTick
 .text.HAL_GetTick
                0x0000000008003b30       0x14 ./Drivers/STM32F1xx_HAL_Driver/Src/stm32f1xx_hal.o
                0x0000000008003b30                HAL_GetTick
 .text.HAL_Delay
                0x0000000008003b44       0x48 ./Drivers/STM32F1xx_HAL_Driver/Src/stm32f1xx_hal.o
                0x0000000008003b44                HAL_Delay
 .text.__NVIC_SetPriorityGrouping
                0x0000000008003b8c       0x48 ./Drivers/STM32F1xx_HAL_Driver/Src/stm32f1xx_hal_cortex.o
 .text.__NVIC_GetPriorityGrouping
                0x0000000008003bd4       0x1c ./Drivers/STM32F1xx_HAL_Driver/Src/stm32f1xx_hal_cortex.o
 .text.__NVIC_EnableIRQ
                0x0000000008003bf0       0x38 ./Drivers/STM32F1xx_HAL_Driver/Src/stm32f1xx_hal_cortex.o
 .text.__NVIC_SetPriority
                0x0000000008003c28       0x54 ./Drivers/STM32F1xx_HAL_Driver/Src/stm32f1xx_hal_cortex.o
 .text.NVIC_EncodePriority
                0x0000000008003c7c       0x64 ./Drivers/STM32F1xx_HAL_Driver/Src/stm32f1xx_hal_cortex.o
 .text.SysTick_Config
                0x0000000008003ce0       0x44 ./Drivers/STM32F1xx_HAL_Driver/Src/stm32f1xx_hal_cortex.o
 .text.HAL_NVIC_SetPriorityGrouping
                0x0000000008003d24       0x16 ./Drivers/STM32F1xx_HAL_Driver/Src/stm32f1xx_hal_cortex.o
                0x0000000008003d24                HAL_NVIC_SetPriorityGrouping
 .text.HAL_NVIC_SetPriority
                0x0000000008003d3a       0x38 ./Drivers/STM32F1xx_HAL_Driver/Src/stm32f1xx_hal_cortex.o
                0x0000000008003d3a                HAL_NVIC_SetPriority
 .text.HAL_NVIC_EnableIRQ
                0x0000000008003d72       0x1c ./Drivers/STM32F1xx_HAL_Driver/Src/stm32f1xx_hal_cortex.o
                0x0000000008003d72                HAL_NVIC_EnableIRQ
 .text.HAL_SYSTICK_Config
                0x0000000008003d8e       0x18 ./Drivers/STM32F1xx_HAL_Driver/Src/stm32f1xx_hal_cortex.o
                0x0000000008003d8e                HAL_SYSTICK_Config
 *fill*         0x0000000008003da6        0x2 
 .text.HAL_DMA_Init
                0x0000000008003da8       0xec ./Drivers/STM32F1xx_HAL_Driver/Src/stm32f1xx_hal_dma.o
                0x0000000008003da8                HAL_DMA_Init
 .text.HAL_DMA_Start_IT
                0x0000000008003e94       0xbe ./Drivers/STM32F1xx_HAL_Driver/Src/stm32f1xx_hal_dma.o
                0x0000000008003e94                HAL_DMA_Start_IT
 *fill*         0x0000000008003f52        0x2 
 .text.HAL_DMA_Abort_IT
                0x0000000008003f54      0x210 ./Drivers/STM32F1xx_HAL_Driver/Src/stm32f1xx_hal_dma.o
                0x0000000008003f54                HAL_DMA_Abort_IT
 .text.HAL_DMA_IRQHandler
                0x0000000008004164      0x478 ./Drivers/STM32F1xx_HAL_Driver/Src/stm32f1xx_hal_dma.o
                0x0000000008004164                HAL_DMA_IRQHandler
 .text.DMA_SetConfig
                0x00000000080045dc       0x5a ./Drivers/STM32F1xx_HAL_Driver/Src/stm32f1xx_hal_dma.o
 *fill*         0x0000000008004636        0x2 
 .text.HAL_GPIO_Init
                0x0000000008004638      0x328 ./Drivers/STM32F1xx_HAL_Driver/Src/stm32f1xx_hal_gpio.o
                0x0000000008004638                HAL_GPIO_Init
 .text.HAL_GPIO_ReadPin
                0x0000000008004960       0x2e ./Drivers/STM32F1xx_HAL_Driver/Src/stm32f1xx_hal_gpio.o
                0x0000000008004960                HAL_GPIO_ReadPin
 .text.HAL_GPIO_WritePin
                0x000000000800498e       0x30 ./Drivers/STM32F1xx_HAL_Driver/Src/stm32f1xx_hal_gpio.o
                0x000000000800498e                HAL_GPIO_WritePin
 *fill*         0x00000000080049be        0x2 
 .text.HAL_I2C_Init
                0x00000000080049c0      0x288 ./Drivers/STM32F1xx_HAL_Driver/Src/stm32f1xx_hal_i2c.o
                0x00000000080049c0                HAL_I2C_Init
 .text.HAL_I2C_Master_Transmit
                0x0000000008004c48      0x1fc ./Drivers/STM32F1xx_HAL_Driver/Src/stm32f1xx_hal_i2c.o
                0x0000000008004c48                HAL_I2C_Master_Transmit
 .text.HAL_I2C_Master_Receive
                0x0000000008004e44      0x4c0 ./Drivers/STM32F1xx_HAL_Driver/Src/stm32f1xx_hal_i2c.o
                0x0000000008004e44                HAL_I2C_Master_Receive
 .text.HAL_I2C_Mem_Write
                0x0000000008005304      0x1f4 ./Drivers/STM32F1xx_HAL_Driver/Src/stm32f1xx_hal_i2c.o
                0x0000000008005304                HAL_I2C_Mem_Write
 .text.HAL_I2C_Mem_Read
                0x00000000080054f8      0x4d0 ./Drivers/STM32F1xx_HAL_Driver/Src/stm32f1xx_hal_i2c.o
                0x00000000080054f8                HAL_I2C_Mem_Read
 .text.HAL_I2C_IsDeviceReady
                0x00000000080059c8      0x25c ./Drivers/STM32F1xx_HAL_Driver/Src/stm32f1xx_hal_i2c.o
                0x00000000080059c8                HAL_I2C_IsDeviceReady
 .text.I2C_MasterRequestWrite
                0x0000000008005c24      0x104 ./Drivers/STM32F1xx_HAL_Driver/Src/stm32f1xx_hal_i2c.o
 .text.I2C_MasterRequestRead
                0x0000000008005d28      0x19c ./Drivers/STM32F1xx_HAL_Driver/Src/stm32f1xx_hal_i2c.o
 .text.I2C_RequestMemoryWrite
                0x0000000008005ec4      0x12c ./Drivers/STM32F1xx_HAL_Driver/Src/stm32f1xx_hal_i2c.o
 .text.I2C_RequestMemoryRead
                0x0000000008005ff0      0x1d0 ./Drivers/STM32F1xx_HAL_Driver/Src/stm32f1xx_hal_i2c.o
 .text.I2C_WaitOnFlagUntilTimeout
                0x00000000080061c0       0xae ./Drivers/STM32F1xx_HAL_Driver/Src/stm32f1xx_hal_i2c.o
 .text.I2C_WaitOnMasterAddressFlagUntilTimeout
                0x000000000800626e       0xfe ./Drivers/STM32F1xx_HAL_Driver/Src/stm32f1xx_hal_i2c.o
 .text.I2C_WaitOnTXEFlagUntilTimeout
                0x000000000800636c       0x82 ./Drivers/STM32F1xx_HAL_Driver/Src/stm32f1xx_hal_i2c.o
 .text.I2C_WaitOnBTFFlagUntilTimeout
                0x00000000080063ee       0x82 ./Drivers/STM32F1xx_HAL_Driver/Src/stm32f1xx_hal_i2c.o
 .text.I2C_WaitOnRXNEFlagUntilTimeout
                0x0000000008006470       0xac ./Drivers/STM32F1xx_HAL_Driver/Src/stm32f1xx_hal_i2c.o
 .text.I2C_IsAcknowledgeFailed
                0x000000000800651c       0x5c ./Drivers/STM32F1xx_HAL_Driver/Src/stm32f1xx_hal_i2c.o
 .text.HAL_RCC_OscConfig
                0x0000000008006578      0x504 ./Drivers/STM32F1xx_HAL_Driver/Src/stm32f1xx_hal_rcc.o
                0x0000000008006578                HAL_RCC_OscConfig
 .text.HAL_RCC_ClockConfig
                0x0000000008006a7c      0x1d4 ./Drivers/STM32F1xx_HAL_Driver/Src/stm32f1xx_hal_rcc.o
                0x0000000008006a7c                HAL_RCC_ClockConfig
 .text.HAL_RCC_GetSysClockFreq
                0x0000000008006c50       0xbc ./Drivers/STM32F1xx_HAL_Driver/Src/stm32f1xx_hal_rcc.o
                0x0000000008006c50                HAL_RCC_GetSysClockFreq
 .text.HAL_RCC_GetHCLKFreq
                0x0000000008006d0c       0x14 ./Drivers/STM32F1xx_HAL_Driver/Src/stm32f1xx_hal_rcc.o
                0x0000000008006d0c                HAL_RCC_GetHCLKFreq
 .text.HAL_RCC_GetPCLK1Freq
                0x0000000008006d20       0x28 ./Drivers/STM32F1xx_HAL_Driver/Src/stm32f1xx_hal_rcc.o
                0x0000000008006d20                HAL_RCC_GetPCLK1Freq
 .text.RCC_Delay
                0x0000000008006d48       0x3c ./Drivers/STM32F1xx_HAL_Driver/Src/stm32f1xx_hal_rcc.o
 .text.HAL_SRAM_Init
                0x0000000008006d84       0x9a ./Drivers/STM32F1xx_HAL_Driver/Src/stm32f1xx_hal_sram.o
                0x0000000008006d84                HAL_SRAM_Init
 .text.HAL_TIM_Base_Init
                0x0000000008006e1e       0x9e ./Drivers/STM32F1xx_HAL_Driver/Src/stm32f1xx_hal_tim.o
                0x0000000008006e1e                HAL_TIM_Base_Init
 .text.HAL_TIM_Base_Start_IT
                0x0000000008006ebc       0xc0 ./Drivers/STM32F1xx_HAL_Driver/Src/stm32f1xx_hal_tim.o
                0x0000000008006ebc                HAL_TIM_Base_Start_IT
 .text.HAL_TIM_PWM_Init
                0x0000000008006f7c       0x9e ./Drivers/STM32F1xx_HAL_Driver/Src/stm32f1xx_hal_tim.o
                0x0000000008006f7c                HAL_TIM_PWM_Init
 .text.HAL_TIM_PWM_MspInit
                0x000000000800701a       0x12 ./Drivers/STM32F1xx_HAL_Driver/Src/stm32f1xx_hal_tim.o
                0x000000000800701a                HAL_TIM_PWM_MspInit
 .text.HAL_TIM_PWM_Start_DMA
                0x000000000800702c      0x364 ./Drivers/STM32F1xx_HAL_Driver/Src/stm32f1xx_hal_tim.o
                0x000000000800702c                HAL_TIM_PWM_Start_DMA
 .text.HAL_TIM_PWM_Stop_DMA
                0x0000000008007390      0x194 ./Drivers/STM32F1xx_HAL_Driver/Src/stm32f1xx_hal_tim.o
                0x0000000008007390                HAL_TIM_PWM_Stop_DMA
 .text.HAL_TIM_IRQHandler
                0x0000000008007524      0x210 ./Drivers/STM32F1xx_HAL_Driver/Src/stm32f1xx_hal_tim.o
                0x0000000008007524                HAL_TIM_IRQHandler
 .text.HAL_TIM_PWM_ConfigChannel
                0x0000000008007734      0x17c ./Drivers/STM32F1xx_HAL_Driver/Src/stm32f1xx_hal_tim.o
                0x0000000008007734                HAL_TIM_PWM_ConfigChannel
 .text.HAL_TIM_ConfigClockSource
                0x00000000080078b0      0x188 ./Drivers/STM32F1xx_HAL_Driver/Src/stm32f1xx_hal_tim.o
                0x00000000080078b0                HAL_TIM_ConfigClockSource
 .text.HAL_TIM_OC_DelayElapsedCallback
                0x0000000008007a38       0x12 ./Drivers/STM32F1xx_HAL_Driver/Src/stm32f1xx_hal_tim.o
                0x0000000008007a38                HAL_TIM_OC_DelayElapsedCallback
 .text.HAL_TIM_IC_CaptureCallback
                0x0000000008007a4a       0x12 ./Drivers/STM32F1xx_HAL_Driver/Src/stm32f1xx_hal_tim.o
                0x0000000008007a4a                HAL_TIM_IC_CaptureCallback
 .text.HAL_TIM_PWM_PulseFinishedHalfCpltCallback
                0x0000000008007a5c       0x12 ./Drivers/STM32F1xx_HAL_Driver/Src/stm32f1xx_hal_tim.o
                0x0000000008007a5c                HAL_TIM_PWM_PulseFinishedHalfCpltCallback
 .text.HAL_TIM_TriggerCallback
                0x0000000008007a6e       0x12 ./Drivers/STM32F1xx_HAL_Driver/Src/stm32f1xx_hal_tim.o
                0x0000000008007a6e                HAL_TIM_TriggerCallback
 .text.HAL_TIM_ErrorCallback
                0x0000000008007a80       0x12 ./Drivers/STM32F1xx_HAL_Driver/Src/stm32f1xx_hal_tim.o
                0x0000000008007a80                HAL_TIM_ErrorCallback
 .text.TIM_DMAError
                0x0000000008007a92       0x92 ./Drivers/STM32F1xx_HAL_Driver/Src/stm32f1xx_hal_tim.o
                0x0000000008007a92                TIM_DMAError
 .text.TIM_DMADelayPulseCplt
                0x0000000008007b24       0xa8 ./Drivers/STM32F1xx_HAL_Driver/Src/stm32f1xx_hal_tim.o
 .text.TIM_DMADelayPulseHalfCplt
                0x0000000008007bcc       0x68 ./Drivers/STM32F1xx_HAL_Driver/Src/stm32f1xx_hal_tim.o
                0x0000000008007bcc                TIM_DMADelayPulseHalfCplt
 .text.TIM_Base_SetConfig
                0x0000000008007c34       0xf4 ./Drivers/STM32F1xx_HAL_Driver/Src/stm32f1xx_hal_tim.o
                0x0000000008007c34                TIM_Base_SetConfig
 .text.TIM_OC1_SetConfig
                0x0000000008007d28       0xe0 ./Drivers/STM32F1xx_HAL_Driver/Src/stm32f1xx_hal_tim.o
 .text.TIM_OC2_SetConfig
                0x0000000008007e08       0xe8 ./Drivers/STM32F1xx_HAL_Driver/Src/stm32f1xx_hal_tim.o
                0x0000000008007e08                TIM_OC2_SetConfig
 .text.TIM_OC3_SetConfig
                0x0000000008007ef0       0xe8 ./Drivers/STM32F1xx_HAL_Driver/Src/stm32f1xx_hal_tim.o
 .text.TIM_OC4_SetConfig
                0x0000000008007fd8       0xa8 ./Drivers/STM32F1xx_HAL_Driver/Src/stm32f1xx_hal_tim.o
 .text.TIM_TI1_ConfigInputStage
                0x0000000008008080       0x5c ./Drivers/STM32F1xx_HAL_Driver/Src/stm32f1xx_hal_tim.o
 .text.TIM_TI2_ConfigInputStage
                0x00000000080080dc       0x5e ./Drivers/STM32F1xx_HAL_Driver/Src/stm32f1xx_hal_tim.o
 .text.TIM_ITRx_SetConfig
                0x000000000800813a       0x34 ./Drivers/STM32F1xx_HAL_Driver/Src/stm32f1xx_hal_tim.o
 .text.TIM_ETR_SetConfig
                0x000000000800816e       0x3e ./Drivers/STM32F1xx_HAL_Driver/Src/stm32f1xx_hal_tim.o
                0x000000000800816e                TIM_ETR_SetConfig
 .text.TIM_CCxChannelCmd
                0x00000000080081ac       0x48 ./Drivers/STM32F1xx_HAL_Driver/Src/stm32f1xx_hal_tim.o
                0x00000000080081ac                TIM_CCxChannelCmd
 .text.HAL_TIMEx_MasterConfigSynchronization
                0x00000000080081f4       0xd8 ./Drivers/STM32F1xx_HAL_Driver/Src/stm32f1xx_hal_tim_ex.o
                0x00000000080081f4                HAL_TIMEx_MasterConfigSynchronization
 .text.HAL_TIMEx_ConfigBreakDeadTime
                0x00000000080082cc       0xa2 ./Drivers/STM32F1xx_HAL_Driver/Src/stm32f1xx_hal_tim_ex.o
                0x00000000080082cc                HAL_TIMEx_ConfigBreakDeadTime
 .text.HAL_TIMEx_CommutCallback
                0x000000000800836e       0x12 ./Drivers/STM32F1xx_HAL_Driver/Src/stm32f1xx_hal_tim_ex.o
                0x000000000800836e                HAL_TIMEx_CommutCallback
 .text.HAL_TIMEx_BreakCallback
                0x0000000008008380       0x12 ./Drivers/STM32F1xx_HAL_Driver/Src/stm32f1xx_hal_tim_ex.o
                0x0000000008008380                HAL_TIMEx_BreakCallback
 *fill*         0x0000000008008392        0x2 
 .text.FSMC_NORSRAM_Init
                0x0000000008008394       0xd4 ./Drivers/STM32F1xx_HAL_Driver/Src/stm32f1xx_ll_fsmc.o
                0x0000000008008394                FSMC_NORSRAM_Init
 .text.FSMC_NORSRAM_Timing_Init
                0x0000000008008468       0x68 ./Drivers/STM32F1xx_HAL_Driver/Src/stm32f1xx_ll_fsmc.o
                0x0000000008008468                FSMC_NORSRAM_Timing_Init
 .text.FSMC_NORSRAM_Extended_Timing_Init
                0x00000000080084d0       0x70 ./Drivers/STM32F1xx_HAL_Driver/Src/stm32f1xx_ll_fsmc.o
                0x00000000080084d0                FSMC_NORSRAM_Extended_Timing_Init
 .text.VL53L1_DataInit
                0x0000000008008540       0x72 ./Drivers/VL53L1X/core/src/vl53l1_api.o
                0x0000000008008540                VL53L1_DataInit
 .text.VL53L1_StaticInit
                0x00000000080085b2       0x3e ./Drivers/VL53L1X/core/src/vl53l1_api.o
                0x00000000080085b2                VL53L1_StaticInit
 .text.VL53L1_WaitDeviceBooted
                0x00000000080085f0       0x26 ./Drivers/VL53L1X/core/src/vl53l1_api.o
                0x00000000080085f0                VL53L1_WaitDeviceBooted
 *fill*         0x0000000008008616        0x2 
 .text.ComputeDevicePresetMode
                0x0000000008008618       0xcc ./Drivers/VL53L1X/core/src/vl53l1_api.o
 .text.SetPresetMode
                0x00000000080086e4       0xde ./Drivers/VL53L1X/core/src/vl53l1_api.o
 .text.VL53L1_SetPresetMode
                0x00000000080087c2       0x8a ./Drivers/VL53L1X/core/src/vl53l1_api.o
                0x00000000080087c2                VL53L1_SetPresetMode
 .text.VL53L1_SetDistanceMode
                0x000000000800884c       0xea ./Drivers/VL53L1X/core/src/vl53l1_api.o
                0x000000000800884c                VL53L1_SetDistanceMode
 *fill*         0x0000000008008936        0x2 
 .text.VL53L1_SetMeasurementTimingBudgetMicroSeconds
                0x0000000008008938      0x1c0 ./Drivers/VL53L1X/core/src/vl53l1_api.o
                0x0000000008008938                VL53L1_SetMeasurementTimingBudgetMicroSeconds
 .text.VL53L1_GetMeasurementTimingBudgetMicroSeconds
                0x0000000008008af8      0x158 ./Drivers/VL53L1X/core/src/vl53l1_api.o
                0x0000000008008af8                VL53L1_GetMeasurementTimingBudgetMicroSeconds
 .text.VL53L1_SetInterMeasurementPeriodMilliSeconds
                0x0000000008008c50       0x40 ./Drivers/VL53L1X/core/src/vl53l1_api.o
                0x0000000008008c50                VL53L1_SetInterMeasurementPeriodMilliSeconds
 .text.VL53L1_GetInterMeasurementPeriodMilliSeconds
                0x0000000008008c90       0x48 ./Drivers/VL53L1X/core/src/vl53l1_api.o
                0x0000000008008c90                VL53L1_GetInterMeasurementPeriodMilliSeconds
 .text.SetLimitValue
                0x0000000008008cd8       0x52 ./Drivers/VL53L1X/core/src/vl53l1_api.o
 .text.VL53L1_SetLimitCheckEnable
                0x0000000008008d2a       0x7c ./Drivers/VL53L1X/core/src/vl53l1_api.o
                0x0000000008008d2a                VL53L1_SetLimitCheckEnable
 .text.VL53L1_GetLimitCheckEnable
                0x0000000008008da6       0x44 ./Drivers/VL53L1X/core/src/vl53l1_api.o
                0x0000000008008da6                VL53L1_GetLimitCheckEnable
 .text.VL53L1_GetLimitCheckValue
                0x0000000008008dea       0xb2 ./Drivers/VL53L1X/core/src/vl53l1_api.o
                0x0000000008008dea                VL53L1_GetLimitCheckValue
 .text.VL53L1_GetSequenceStepEnable
                0x0000000008008e9c       0x2e ./Drivers/VL53L1X/core/src/vl53l1_api.o
                0x0000000008008e9c                VL53L1_GetSequenceStepEnable
 *fill*         0x0000000008008eca        0x2 
 .text.VL53L1_StartMeasurement
                0x0000000008008ecc       0xd8 ./Drivers/VL53L1X/core/src/vl53l1_api.o
                0x0000000008008ecc                VL53L1_StartMeasurement
 .text.VL53L1_ClearInterruptAndStartMeasurement
                0x0000000008008fa4       0x2c ./Drivers/VL53L1X/core/src/vl53l1_api.o
                0x0000000008008fa4                VL53L1_ClearInterruptAndStartMeasurement
 .text.VL53L1_WaitMeasurementDataReady
                0x0000000008008fd0       0x26 ./Drivers/VL53L1X/core/src/vl53l1_api.o
                0x0000000008008fd0                VL53L1_WaitMeasurementDataReady
 *fill*         0x0000000008008ff6        0x2 
 .text.ComputeRQL
                0x0000000008008ff8       0xec ./Drivers/VL53L1X/core/src/vl53l1_api.o
 .text.ConvertStatusLite
                0x00000000080090e4       0xa0 ./Drivers/VL53L1X/core/src/vl53l1_api.o
 .text.SetSimpleData
                0x0000000008009184      0x1c0 ./Drivers/VL53L1X/core/src/vl53l1_api.o
 .text.VL53L1_GetRangingMeasurementData
                0x0000000008009344       0x78 ./Drivers/VL53L1X/core/src/vl53l1_api.o
                0x0000000008009344                VL53L1_GetRangingMeasurementData
 .text.VL53L1_LoadPatch
                0x00000000080093bc      0x250 ./Drivers/VL53L1X/core/src/vl53l1_api.o
 .text.VL53L1_data_init
                0x000000000800960c      0x13a ./Drivers/VL53L1X/core/src/vl53l1_api_core.o
                0x000000000800960c                VL53L1_data_init
 .text.VL53L1_read_p2p_data
                0x0000000008009746      0x100 ./Drivers/VL53L1X/core/src/vl53l1_api_core.o
                0x0000000008009746                VL53L1_read_p2p_data
 .text.VL53L1_set_inter_measurement_period_ms
                0x0000000008009846       0x50 ./Drivers/VL53L1X/core/src/vl53l1_api_core.o
                0x0000000008009846                VL53L1_set_inter_measurement_period_ms
 .text.VL53L1_get_inter_measurement_period_ms
                0x0000000008009896       0x4a ./Drivers/VL53L1X/core/src/vl53l1_api_core.o
                0x0000000008009896                VL53L1_get_inter_measurement_period_ms
 .text.VL53L1_set_timeouts_us
                0x00000000080098e0       0x70 ./Drivers/VL53L1X/core/src/vl53l1_api_core.o
                0x00000000080098e0                VL53L1_set_timeouts_us
 .text.VL53L1_get_timeouts_us
                0x0000000008009950       0xd6 ./Drivers/VL53L1X/core/src/vl53l1_api_core.o
                0x0000000008009950                VL53L1_get_timeouts_us
 .text.VL53L1_get_sequence_config_bit
                0x0000000008009a26       0x6c ./Drivers/VL53L1X/core/src/vl53l1_api_core.o
                0x0000000008009a26                VL53L1_get_sequence_config_bit
 .text.VL53L1_set_user_zone
                0x0000000008009a92       0x46 ./Drivers/VL53L1X/core/src/vl53l1_api_core.o
                0x0000000008009a92                VL53L1_set_user_zone
 .text.VL53L1_get_user_zone
                0x0000000008009ad8       0x44 ./Drivers/VL53L1X/core/src/vl53l1_api_core.o
                0x0000000008009ad8                VL53L1_get_user_zone
 .text.VL53L1_get_mode_mitigation_roi
                0x0000000008009b1c       0x68 ./Drivers/VL53L1X/core/src/vl53l1_api_core.o
                0x0000000008009b1c                VL53L1_get_mode_mitigation_roi
 .text.VL53L1_get_preset_mode_timing_cfg
                0x0000000008009b84      0x154 ./Drivers/VL53L1X/core/src/vl53l1_api_core.o
                0x0000000008009b84                VL53L1_get_preset_mode_timing_cfg
 .text.VL53L1_set_preset_mode
                0x0000000008009cd8      0x2ec ./Drivers/VL53L1X/core/src/vl53l1_api_core.o
                0x0000000008009cd8                VL53L1_set_preset_mode
 .text.VL53L1_get_lite_sigma_threshold
                0x0000000008009fc4       0x2a ./Drivers/VL53L1X/core/src/vl53l1_api_core.o
                0x0000000008009fc4                VL53L1_get_lite_sigma_threshold
 .text.VL53L1_set_lite_sigma_threshold
                0x0000000008009fee       0x2a ./Drivers/VL53L1X/core/src/vl53l1_api_core.o
                0x0000000008009fee                VL53L1_set_lite_sigma_threshold
 .text.VL53L1_get_lite_min_count_rate
                0x000000000800a018       0x2a ./Drivers/VL53L1X/core/src/vl53l1_api_core.o
                0x000000000800a018                VL53L1_get_lite_min_count_rate
 .text.VL53L1_set_lite_min_count_rate
                0x000000000800a042       0x2a ./Drivers/VL53L1X/core/src/vl53l1_api_core.o
                0x000000000800a042                VL53L1_set_lite_min_count_rate
 .text.VL53L1_set_vhv_loopbound
                0x000000000800a06c       0x3e ./Drivers/VL53L1X/core/src/vl53l1_api_core.o
                0x000000000800a06c                VL53L1_set_vhv_loopbound
 *fill*         0x000000000800a0aa        0x2 
 .text.VL53L1_init_and_start_range
                0x000000000800a0ac      0x4c4 ./Drivers/VL53L1X/core/src/vl53l1_api_core.o
                0x000000000800a0ac                VL53L1_init_and_start_range
 .text.VL53L1_get_measurement_results
                0x000000000800a570      0x178 ./Drivers/VL53L1X/core/src/vl53l1_api_core.o
                0x000000000800a570                VL53L1_get_measurement_results
 .text.VL53L1_get_device_results
                0x000000000800a6e8       0xe0 ./Drivers/VL53L1X/core/src/vl53l1_api_core.o
                0x000000000800a6e8                VL53L1_get_device_results
 .text.VL53L1_clear_interrupt_and_enable_next_range
                0x000000000800a7c8       0x34 ./Drivers/VL53L1X/core/src/vl53l1_api_core.o
                0x000000000800a7c8                VL53L1_clear_interrupt_and_enable_next_range
 .text.VL53L1_copy_sys_and_core_results_to_range_results
                0x000000000800a7fc      0x230 ./Drivers/VL53L1X/core/src/vl53l1_api_core.o
                0x000000000800a7fc                VL53L1_copy_sys_and_core_results_to_range_results
 .text.VL53L1_get_tuning_parm
                0x000000000800aa2c      0x448 ./Drivers/VL53L1X/core/src/vl53l1_api_core.o
                0x000000000800aa2c                VL53L1_get_tuning_parm
 .text.VL53L1_init_refspadchar_config_struct
                0x000000000800ae74       0x46 ./Drivers/VL53L1X/core/src/vl53l1_api_preset_modes.o
                0x000000000800ae74                VL53L1_init_refspadchar_config_struct
 .text.VL53L1_init_ssc_config_struct
                0x000000000800aeba       0x40 ./Drivers/VL53L1X/core/src/vl53l1_api_preset_modes.o
                0x000000000800aeba                VL53L1_init_ssc_config_struct
 .text.VL53L1_init_xtalk_config_struct
                0x000000000800aefa       0xc4 ./Drivers/VL53L1X/core/src/vl53l1_api_preset_modes.o
                0x000000000800aefa                VL53L1_init_xtalk_config_struct
 .text.VL53L1_init_offset_cal_config_struct
                0x000000000800afbe       0x4c ./Drivers/VL53L1X/core/src/vl53l1_api_preset_modes.o
                0x000000000800afbe                VL53L1_init_offset_cal_config_struct
 .text.VL53L1_init_tuning_parm_storage_struct
                0x000000000800b00a      0x11c ./Drivers/VL53L1X/core/src/vl53l1_api_preset_modes.o
                0x000000000800b00a                VL53L1_init_tuning_parm_storage_struct
 .text.VL53L1_preset_mode_standard_ranging
                0x000000000800b126      0x23a ./Drivers/VL53L1X/core/src/vl53l1_api_preset_modes.o
                0x000000000800b126                VL53L1_preset_mode_standard_ranging
 .text.VL53L1_preset_mode_standard_ranging_short_range
                0x000000000800b360       0x82 ./Drivers/VL53L1X/core/src/vl53l1_api_preset_modes.o
                0x000000000800b360                VL53L1_preset_mode_standard_ranging_short_range
 .text.VL53L1_preset_mode_standard_ranging_long_range
                0x000000000800b3e2       0x82 ./Drivers/VL53L1X/core/src/vl53l1_api_preset_modes.o
                0x000000000800b3e2                VL53L1_preset_mode_standard_ranging_long_range
 .text.VL53L1_preset_mode_standard_ranging_mm1_cal
                0x000000000800b464       0x4a ./Drivers/VL53L1X/core/src/vl53l1_api_preset_modes.o
                0x000000000800b464                VL53L1_preset_mode_standard_ranging_mm1_cal
 .text.VL53L1_preset_mode_standard_ranging_mm2_cal
                0x000000000800b4ae       0x4a ./Drivers/VL53L1X/core/src/vl53l1_api_preset_modes.o
                0x000000000800b4ae                VL53L1_preset_mode_standard_ranging_mm2_cal
 .text.VL53L1_preset_mode_timed_ranging
                0x000000000800b4f8       0x74 ./Drivers/VL53L1X/core/src/vl53l1_api_preset_modes.o
                0x000000000800b4f8                VL53L1_preset_mode_timed_ranging
 .text.VL53L1_preset_mode_timed_ranging_short_range
                0x000000000800b56c       0x74 ./Drivers/VL53L1X/core/src/vl53l1_api_preset_modes.o
                0x000000000800b56c                VL53L1_preset_mode_timed_ranging_short_range
 .text.VL53L1_preset_mode_timed_ranging_long_range
                0x000000000800b5e0       0x74 ./Drivers/VL53L1X/core/src/vl53l1_api_preset_modes.o
                0x000000000800b5e0                VL53L1_preset_mode_timed_ranging_long_range
 .text.VL53L1_preset_mode_low_power_auto_ranging
                0x000000000800b654       0x4c ./Drivers/VL53L1X/core/src/vl53l1_api_preset_modes.o
                0x000000000800b654                VL53L1_preset_mode_low_power_auto_ranging
 .text.VL53L1_preset_mode_low_power_auto_short_ranging
                0x000000000800b6a0       0x4c ./Drivers/VL53L1X/core/src/vl53l1_api_preset_modes.o
                0x000000000800b6a0                VL53L1_preset_mode_low_power_auto_short_ranging
 .text.VL53L1_preset_mode_low_power_auto_long_ranging
                0x000000000800b6ec       0x4c ./Drivers/VL53L1X/core/src/vl53l1_api_preset_modes.o
                0x000000000800b6ec                VL53L1_preset_mode_low_power_auto_long_ranging
 .text.VL53L1_preset_mode_singleshot_ranging
                0x000000000800b738       0x6c ./Drivers/VL53L1X/core/src/vl53l1_api_preset_modes.o
                0x000000000800b738                VL53L1_preset_mode_singleshot_ranging
 .text.VL53L1_preset_mode_olt
                0x000000000800b7a4       0x44 ./Drivers/VL53L1X/core/src/vl53l1_api_preset_modes.o
                0x000000000800b7a4                VL53L1_preset_mode_olt
 .text.VL53L1_init_version
                0x000000000800b7e8       0x36 ./Drivers/VL53L1X/core/src/vl53l1_core.o
                0x000000000800b7e8                VL53L1_init_version
 .text.VL53L1_init_ll_driver_state
                0x000000000800b81e       0x50 ./Drivers/VL53L1X/core/src/vl53l1_core.o
                0x000000000800b81e                VL53L1_init_ll_driver_state
 *fill*         0x000000000800b86e        0x2 
 .text.VL53L1_update_ll_driver_rd_state
                0x000000000800b870      0x110 ./Drivers/VL53L1X/core/src/vl53l1_core.o
                0x000000000800b870                VL53L1_update_ll_driver_rd_state
 .text.VL53L1_check_ll_driver_rd_state
                0x000000000800b980       0x94 ./Drivers/VL53L1X/core/src/vl53l1_core.o
                0x000000000800b980                VL53L1_check_ll_driver_rd_state
 .text.VL53L1_update_ll_driver_cfg_state
                0x000000000800ba14       0xca ./Drivers/VL53L1X/core/src/vl53l1_core.o
                0x000000000800ba14                VL53L1_update_ll_driver_cfg_state
 .text.VL53L1_copy_rtn_good_spads_to_buffer
                0x000000000800bade      0x172 ./Drivers/VL53L1X/core/src/vl53l1_core.o
                0x000000000800bade                VL53L1_copy_rtn_good_spads_to_buffer
 .text.VL53L1_i2c_encode_uint16_t
                0x000000000800bc50       0x54 ./Drivers/VL53L1X/core/src/vl53l1_core.o
                0x000000000800bc50                VL53L1_i2c_encode_uint16_t
 .text.VL53L1_i2c_decode_uint16_t
                0x000000000800bca4       0x3e ./Drivers/VL53L1X/core/src/vl53l1_core.o
                0x000000000800bca4                VL53L1_i2c_decode_uint16_t
 .text.VL53L1_i2c_encode_int16_t
                0x000000000800bce2       0x56 ./Drivers/VL53L1X/core/src/vl53l1_core.o
                0x000000000800bce2                VL53L1_i2c_encode_int16_t
 .text.VL53L1_i2c_decode_int16_t
                0x000000000800bd38       0x50 ./Drivers/VL53L1X/core/src/vl53l1_core.o
                0x000000000800bd38                VL53L1_i2c_decode_int16_t
 .text.VL53L1_i2c_encode_uint32_t
                0x000000000800bd88       0x52 ./Drivers/VL53L1X/core/src/vl53l1_core.o
                0x000000000800bd88                VL53L1_i2c_encode_uint32_t
 .text.VL53L1_i2c_decode_uint32_t
                0x000000000800bdda       0x38 ./Drivers/VL53L1X/core/src/vl53l1_core.o
                0x000000000800bdda                VL53L1_i2c_decode_uint32_t
 .text.VL53L1_i2c_decode_int32_t
                0x000000000800be12       0x48 ./Drivers/VL53L1X/core/src/vl53l1_core.o
                0x000000000800be12                VL53L1_i2c_decode_int32_t
 .text.VL53L1_set_powerforce_register
                0x000000000800be5a       0x3c ./Drivers/VL53L1X/core/src/vl53l1_core.o
                0x000000000800be5a                VL53L1_set_powerforce_register
 .text.VL53L1_enable_powerforce
                0x000000000800be96       0x24 ./Drivers/VL53L1X/core/src/vl53l1_core.o
                0x000000000800be96                VL53L1_enable_powerforce
 .text.VL53L1_calc_macro_period_us
                0x000000000800beba       0x5e ./Drivers/VL53L1X/core/src/vl53l1_core.o
                0x000000000800beba                VL53L1_calc_macro_period_us
 .text.VL53L1_calc_range_ignore_threshold
                0x000000000800bf18       0xc4 ./Drivers/VL53L1X/core/src/vl53l1_core.o
                0x000000000800bf18                VL53L1_calc_range_ignore_threshold
 .text.VL53L1_calc_timeout_mclks
                0x000000000800bfdc       0x2c ./Drivers/VL53L1X/core/src/vl53l1_core.o
                0x000000000800bfdc                VL53L1_calc_timeout_mclks
 .text.VL53L1_calc_encoded_timeout
                0x000000000800c008       0x30 ./Drivers/VL53L1X/core/src/vl53l1_core.o
                0x000000000800c008                VL53L1_calc_encoded_timeout
 .text.VL53L1_calc_timeout_us
                0x000000000800c038       0x80 ./Drivers/VL53L1X/core/src/vl53l1_core.o
                0x000000000800c038                VL53L1_calc_timeout_us
 .text.VL53L1_calc_decoded_timeout_us
                0x000000000800c0b8       0x32 ./Drivers/VL53L1X/core/src/vl53l1_core.o
                0x000000000800c0b8                VL53L1_calc_decoded_timeout_us
 .text.VL53L1_encode_timeout
                0x000000000800c0ea       0x56 ./Drivers/VL53L1X/core/src/vl53l1_core.o
                0x000000000800c0ea                VL53L1_encode_timeout
 .text.VL53L1_decode_timeout
                0x000000000800c140       0x2a ./Drivers/VL53L1X/core/src/vl53l1_core.o
                0x000000000800c140                VL53L1_decode_timeout
 .text.VL53L1_calc_timeout_register_values
                0x000000000800c16a       0xf2 ./Drivers/VL53L1X/core/src/vl53l1_core.o
                0x000000000800c16a                VL53L1_calc_timeout_register_values
 .text.VL53L1_encode_row_col
                0x000000000800c25c       0x4c ./Drivers/VL53L1X/core/src/vl53l1_core.o
                0x000000000800c25c                VL53L1_encode_row_col
 .text.VL53L1_decode_zone_size
                0x000000000800c2a8       0x2e ./Drivers/VL53L1X/core/src/vl53l1_core.o
                0x000000000800c2a8                VL53L1_decode_zone_size
 .text.VL53L1_encode_zone_size
                0x000000000800c2d6       0x2a ./Drivers/VL53L1X/core/src/vl53l1_core.o
                0x000000000800c2d6                VL53L1_encode_zone_size
 .text.VL53L1_low_power_auto_data_init
                0x000000000800c300       0x66 ./Drivers/VL53L1X/core/src/vl53l1_core.o
                0x000000000800c300                VL53L1_low_power_auto_data_init
 .text.VL53L1_config_low_power_auto_mode
                0x000000000800c366       0x30 ./Drivers/VL53L1X/core/src/vl53l1_core.o
                0x000000000800c366                VL53L1_config_low_power_auto_mode
 .text.VL53L1_low_power_auto_setup_manual_calibration
                0x000000000800c396       0x88 ./Drivers/VL53L1X/core/src/vl53l1_core.o
                0x000000000800c396                VL53L1_low_power_auto_setup_manual_calibration
 .text.VL53L1_calc_pll_period_us
                0x000000000800c41e       0x26 ./Drivers/VL53L1X/core/src/vl53l1_core_support.o
                0x000000000800c41e                VL53L1_calc_pll_period_us
 .text.VL53L1_decode_vcsel_period
                0x000000000800c444       0x24 ./Drivers/VL53L1X/core/src/vl53l1_core_support.o
                0x000000000800c444                VL53L1_decode_vcsel_period
 .text.VL53L1_decode_row_col
                0x000000000800c468       0x5c ./Drivers/VL53L1X/core/src/vl53l1_core_support.o
                0x000000000800c468                VL53L1_decode_row_col
 .text.VL53L1_i2c_encode_static_nvm_managed
                0x000000000800c4c4       0xb6 ./Drivers/VL53L1X/core/src/vl53l1_register_funcs.o
                0x000000000800c4c4                VL53L1_i2c_encode_static_nvm_managed
 .text.VL53L1_i2c_decode_static_nvm_managed
                0x000000000800c57a       0xb4 ./Drivers/VL53L1X/core/src/vl53l1_register_funcs.o
                0x000000000800c57a                VL53L1_i2c_decode_static_nvm_managed
 .text.VL53L1_get_static_nvm_managed
                0x000000000800c62e       0x4e ./Drivers/VL53L1X/core/src/vl53l1_register_funcs.o
                0x000000000800c62e                VL53L1_get_static_nvm_managed
 .text.VL53L1_i2c_encode_customer_nvm_managed
                0x000000000800c67c      0x114 ./Drivers/VL53L1X/core/src/vl53l1_register_funcs.o
                0x000000000800c67c                VL53L1_i2c_encode_customer_nvm_managed
 .text.VL53L1_i2c_decode_customer_nvm_managed
                0x000000000800c790      0x11a ./Drivers/VL53L1X/core/src/vl53l1_register_funcs.o
                0x000000000800c790                VL53L1_i2c_decode_customer_nvm_managed
 .text.VL53L1_get_customer_nvm_managed
                0x000000000800c8aa       0x4e ./Drivers/VL53L1X/core/src/vl53l1_register_funcs.o
                0x000000000800c8aa                VL53L1_get_customer_nvm_managed
 .text.VL53L1_i2c_encode_static_config
                0x000000000800c8f8      0x1c6 ./Drivers/VL53L1X/core/src/vl53l1_register_funcs.o
                0x000000000800c8f8                VL53L1_i2c_encode_static_config
 .text.VL53L1_i2c_encode_general_config
                0x000000000800cabe      0x108 ./Drivers/VL53L1X/core/src/vl53l1_register_funcs.o
                0x000000000800cabe                VL53L1_i2c_encode_general_config
 .text.VL53L1_i2c_encode_timing_config
                0x000000000800cbc6      0x104 ./Drivers/VL53L1X/core/src/vl53l1_register_funcs.o
                0x000000000800cbc6                VL53L1_i2c_encode_timing_config
 .text.VL53L1_i2c_encode_dynamic_config
                0x000000000800ccca      0x10a ./Drivers/VL53L1X/core/src/vl53l1_register_funcs.o
                0x000000000800ccca                VL53L1_i2c_encode_dynamic_config
 .text.VL53L1_i2c_encode_system_control
                0x000000000800cdd4       0x74 ./Drivers/VL53L1X/core/src/vl53l1_register_funcs.o
                0x000000000800cdd4                VL53L1_i2c_encode_system_control
 .text.VL53L1_i2c_decode_system_results
                0x000000000800ce48      0x1ec ./Drivers/VL53L1X/core/src/vl53l1_register_funcs.o
                0x000000000800ce48                VL53L1_i2c_decode_system_results
 .text.VL53L1_i2c_decode_core_results
                0x000000000800d034       0xc2 ./Drivers/VL53L1X/core/src/vl53l1_register_funcs.o
                0x000000000800d034                VL53L1_i2c_decode_core_results
 .text.VL53L1_i2c_decode_debug_results
                0x000000000800d0f6      0x2e4 ./Drivers/VL53L1X/core/src/vl53l1_register_funcs.o
                0x000000000800d0f6                VL53L1_i2c_decode_debug_results
 .text.VL53L1_i2c_decode_nvm_copy_data
                0x000000000800d3da      0x24c ./Drivers/VL53L1X/core/src/vl53l1_register_funcs.o
                0x000000000800d3da                VL53L1_i2c_decode_nvm_copy_data
 .text.VL53L1_get_nvm_copy_data
                0x000000000800d626       0x56 ./Drivers/VL53L1X/core/src/vl53l1_register_funcs.o
                0x000000000800d626                VL53L1_get_nvm_copy_data
 .text.VL53L1_poll_for_boot_completion
                0x000000000800d67c       0x58 ./Drivers/VL53L1X/core/src/vl53l1_wait.o
                0x000000000800d67c                VL53L1_poll_for_boot_completion
 .text.VL53L1_poll_for_range_completion
                0x000000000800d6d4       0x5a ./Drivers/VL53L1X/core/src/vl53l1_wait.o
                0x000000000800d6d4                VL53L1_poll_for_range_completion
 .text._I2CWrite
                0x000000000800d72e       0x3e ./Drivers/VL53L1X/platform/src/vl53l1_platform.o
                0x000000000800d72e                _I2CWrite
 .text._I2CRead
                0x000000000800d76c       0x44 ./Drivers/VL53L1X/platform/src/vl53l1_platform.o
                0x000000000800d76c                _I2CRead
 .text.VL53L1_WriteMulti
                0x000000000800d7b0       0x6c ./Drivers/VL53L1X/platform/src/vl53l1_platform.o
                0x000000000800d7b0                VL53L1_WriteMulti
 .text.VL53L1_ReadMulti
                0x000000000800d81c       0x6c ./Drivers/VL53L1X/platform/src/vl53l1_platform.o
                0x000000000800d81c                VL53L1_ReadMulti
 .text.VL53L1_WrByte
                0x000000000800d888       0x54 ./Drivers/VL53L1X/platform/src/vl53l1_platform.o
                0x000000000800d888                VL53L1_WrByte
 .text.VL53L1_RdByte
                0x000000000800d8dc       0x68 ./Drivers/VL53L1X/platform/src/vl53l1_platform.o
                0x000000000800d8dc                VL53L1_RdByte
 .text.VL53L1_RdWord
                0x000000000800d944       0x80 ./Drivers/VL53L1X/platform/src/vl53l1_platform.o
                0x000000000800d944                VL53L1_RdWord
 .text.VL53L1_GetTickCount
                0x000000000800d9c4       0x20 ./Drivers/VL53L1X/platform/src/vl53l1_platform.o
                0x000000000800d9c4                VL53L1_GetTickCount
 .text.VL53L1_WaitMs
                0x000000000800d9e4       0x1c ./Drivers/VL53L1X/platform/src/vl53l1_platform.o
                0x000000000800d9e4                VL53L1_WaitMs
 .text.VL53L1_WaitUs
                0x000000000800da00       0x2c ./Drivers/VL53L1X/platform/src/vl53l1_platform.o
                0x000000000800da00                VL53L1_WaitUs
 .text.VL53L1_WaitValueMaskEx
                0x000000000800da2c      0x154 ./Drivers/VL53L1X/platform/src/vl53l1_platform.o
                0x000000000800da2c                VL53L1_WaitValueMaskEx
 .text.MPU6050_Initialize
                0x000000000800db80       0xbc ./Library_Code/MPU6050.o
                0x000000000800db80                MPU6050_Initialize
 .text.MPU6050_SetScaleAccelRange
                0x000000000800dc3c       0x38 ./Library_Code/MPU6050.o
                0x000000000800dc3c                MPU6050_SetScaleAccelRange
 .text.MPU6050_SetScaleGyroRange
                0x000000000800dc74       0x38 ./Library_Code/MPU6050.o
                0x000000000800dc74                MPU6050_SetScaleGyroRange
 .text.MPU6050_Read_Accel
                0x000000000800dcac      0x2ec ./Library_Code/MPU6050.o
                0x000000000800dcac                MPU6050_Read_Accel
 .text.MPU6050_Read_Gyro
                0x000000000800df98      0x2fc ./Library_Code/MPU6050.o
                0x000000000800df98                MPU6050_Read_Gyro
 .text.__errno  0x000000000800e294        0xc /Applications/STM32CubeIDE.app/Contents/Eclipse/plugins/com.st.stm32cube.ide.mcu.externaltools.gnu-tools-for-stm32.10.3-2021.10.macos64_1.0.0.202111181127/tools/bin/../lib/gcc/arm-none-eabi/10.3.1/../../../../arm-none-eabi/lib/thumb/v7-m/nofp/libc_nano.a(lib_a-errno.o)
                0x000000000800e294                __errno
 .text.__libc_init_array
                0x000000000800e2a0       0x48 /Applications/STM32CubeIDE.app/Contents/Eclipse/plugins/com.st.stm32cube.ide.mcu.externaltools.gnu-tools-for-stm32.10.3-2021.10.macos64_1.0.0.202111181127/tools/bin/../lib/gcc/arm-none-eabi/10.3.1/../../../../arm-none-eabi/lib/thumb/v7-m/nofp/libc_nano.a(lib_a-init.o)
                0x000000000800e2a0                __libc_init_array
 .text.memcpy   0x000000000800e2e8       0x1c /Applications/STM32CubeIDE.app/Contents/Eclipse/plugins/com.st.stm32cube.ide.mcu.externaltools.gnu-tools-for-stm32.10.3-2021.10.macos64_1.0.0.202111181127/tools/bin/../lib/gcc/arm-none-eabi/10.3.1/../../../../arm-none-eabi/lib/thumb/v7-m/nofp/libc_nano.a(lib_a-memcpy-stub.o)
                0x000000000800e2e8                memcpy
 .text.memset   0x000000000800e304       0x10 /Applications/STM32CubeIDE.app/Contents/Eclipse/plugins/com.st.stm32cube.ide.mcu.externaltools.gnu-tools-for-stm32.10.3-2021.10.macos64_1.0.0.202111181127/tools/bin/../lib/gcc/arm-none-eabi/10.3.1/../../../../arm-none-eabi/lib/thumb/v7-m/nofp/libc_nano.a(lib_a-memset.o)
                0x000000000800e304                memset
 .text.__cvt    0x000000000800e314       0xbe /Applications/STM32CubeIDE.app/Contents/Eclipse/plugins/com.st.stm32cube.ide.mcu.externaltools.gnu-tools-for-stm32.10.3-2021.10.macos64_1.0.0.202111181127/tools/bin/../lib/gcc/arm-none-eabi/10.3.1/../../../../arm-none-eabi/lib/thumb/v7-m/nofp/libc_nano.a(lib_a-nano-vfprintf_float.o)
                0x000000000800e314                __cvt
 .text.__exponent
                0x000000000800e3d2       0x7c /Applications/STM32CubeIDE.app/Contents/Eclipse/plugins/com.st.stm32cube.ide.mcu.externaltools.gnu-tools-for-stm32.10.3-2021.10.macos64_1.0.0.202111181127/tools/bin/../lib/gcc/arm-none-eabi/10.3.1/../../../../arm-none-eabi/lib/thumb/v7-m/nofp/libc_nano.a(lib_a-nano-vfprintf_float.o)
                0x000000000800e3d2                __exponent
 *fill*         0x000000000800e44e        0x2 
 .text._printf_float
                0x000000000800e450      0x458 /Applications/STM32CubeIDE.app/Contents/Eclipse/plugins/com.st.stm32cube.ide.mcu.externaltools.gnu-tools-for-stm32.10.3-2021.10.macos64_1.0.0.202111181127/tools/bin/../lib/gcc/arm-none-eabi/10.3.1/../../../../arm-none-eabi/lib/thumb/v7-m/nofp/libc_nano.a(lib_a-nano-vfprintf_float.o)
                0x000000000800e450                _printf_float
 .text._printf_common
                0x000000000800e8a8       0xde /Applications/STM32CubeIDE.app/Contents/Eclipse/plugins/com.st.stm32cube.ide.mcu.externaltools.gnu-tools-for-stm32.10.3-2021.10.macos64_1.0.0.202111181127/tools/bin/../lib/gcc/arm-none-eabi/10.3.1/../../../../arm-none-eabi/lib/thumb/v7-m/nofp/libc_nano.a(lib_a-nano-vfprintf_i.o)
                0x000000000800e8a8                _printf_common
 *fill*         0x000000000800e986        0x2 
 .text._printf_i
                0x000000000800e988      0x24c /Applications/STM32CubeIDE.app/Contents/Eclipse/plugins/com.st.stm32cube.ide.mcu.externaltools.gnu-tools-for-stm32.10.3-2021.10.macos64_1.0.0.202111181127/tools/bin/../lib/gcc/arm-none-eabi/10.3.1/../../../../arm-none-eabi/lib/thumb/v7-m/nofp/libc_nano.a(lib_a-nano-vfprintf_i.o)
                0x000000000800e988                _printf_i
 .text.sprintf  0x000000000800ebd4       0x40 /Applications/STM32CubeIDE.app/Contents/Eclipse/plugins/com.st.stm32cube.ide.mcu.externaltools.gnu-tools-for-stm32.10.3-2021.10.macos64_1.0.0.202111181127/tools/bin/../lib/gcc/arm-none-eabi/10.3.1/../../../../arm-none-eabi/lib/thumb/v7-m/nofp/libc_nano.a(lib_a-sprintf.o)
                0x000000000800ebd4                sprintf
                0x000000000800ebd4                siprintf
 .text.strncpy  0x000000000800ec14       0x26 /Applications/STM32CubeIDE.app/Contents/Eclipse/plugins/com.st.stm32cube.ide.mcu.externaltools.gnu-tools-for-stm32.10.3-2021.10.macos64_1.0.0.202111181127/tools/bin/../lib/gcc/arm-none-eabi/10.3.1/../../../../arm-none-eabi/lib/thumb/v7-m/nofp/libc_nano.a(lib_a-strncpy.o)
                0x000000000800ec14                strncpy
 .text.quorem   0x000000000800ec3a      0x118 /Applications/STM32CubeIDE.app/Contents/Eclipse/plugins/com.st.stm32cube.ide.mcu.externaltools.gnu-tools-for-stm32.10.3-2021.10.macos64_1.0.0.202111181127/tools/bin/../lib/gcc/arm-none-eabi/10.3.1/../../../../arm-none-eabi/lib/thumb/v7-m/nofp/libc_nano.a(lib_a-dtoa.o)
 *fill*         0x000000000800ed52        0x6 
 .text._dtoa_r  0x000000000800ed58      0xbdc /Applications/STM32CubeIDE.app/Contents/Eclipse/plugins/com.st.stm32cube.ide.mcu.externaltools.gnu-tools-for-stm32.10.3-2021.10.macos64_1.0.0.202111181127/tools/bin/../lib/gcc/arm-none-eabi/10.3.1/../../../../arm-none-eabi/lib/thumb/v7-m/nofp/libc_nano.a(lib_a-dtoa.o)
                0x000000000800ed58                _dtoa_r
 .text._localeconv_r
                0x000000000800f934        0x8 /Applications/STM32CubeIDE.app/Contents/Eclipse/plugins/com.st.stm32cube.ide.mcu.externaltools.gnu-tools-for-stm32.10.3-2021.10.macos64_1.0.0.202111181127/tools/bin/../lib/gcc/arm-none-eabi/10.3.1/../../../../arm-none-eabi/lib/thumb/v7-m/nofp/libc_nano.a(lib_a-localeconv.o)
                0x000000000800f934                _localeconv_r
 .text.malloc   0x000000000800f93c       0x10 /Applications/STM32CubeIDE.app/Contents/Eclipse/plugins/com.st.stm32cube.ide.mcu.externaltools.gnu-tools-for-stm32.10.3-2021.10.macos64_1.0.0.202111181127/tools/bin/../lib/gcc/arm-none-eabi/10.3.1/../../../../arm-none-eabi/lib/thumb/v7-m/nofp/libc_nano.a(lib_a-malloc.o)
                0x000000000800f93c                malloc
 .text.memchr   0x000000000800f94c       0x1c /Applications/STM32CubeIDE.app/Contents/Eclipse/plugins/com.st.stm32cube.ide.mcu.externaltools.gnu-tools-for-stm32.10.3-2021.10.macos64_1.0.0.202111181127/tools/bin/../lib/gcc/arm-none-eabi/10.3.1/../../../../arm-none-eabi/lib/thumb/v7-m/nofp/libc_nano.a(lib_a-memchr-stub.o)
                0x000000000800f94c                memchr
 .text._Balloc  0x000000000800f968       0x80 /Applications/STM32CubeIDE.app/Contents/Eclipse/plugins/com.st.stm32cube.ide.mcu.externaltools.gnu-tools-for-stm32.10.3-2021.10.macos64_1.0.0.202111181127/tools/bin/../lib/gcc/arm-none-eabi/10.3.1/../../../../arm-none-eabi/lib/thumb/v7-m/nofp/libc_nano.a(lib_a-mprec.o)
                0x000000000800f968                _Balloc
 .text._Bfree   0x000000000800f9e8       0x44 /Applications/STM32CubeIDE.app/Contents/Eclipse/plugins/com.st.stm32cube.ide.mcu.externaltools.gnu-tools-for-stm32.10.3-2021.10.macos64_1.0.0.202111181127/tools/bin/../lib/gcc/arm-none-eabi/10.3.1/../../../../arm-none-eabi/lib/thumb/v7-m/nofp/libc_nano.a(lib_a-mprec.o)
                0x000000000800f9e8                _Bfree
 .text.__multadd
                0x000000000800fa2c       0x8c /Applications/STM32CubeIDE.app/Contents/Eclipse/plugins/com.st.stm32cube.ide.mcu.externaltools.gnu-tools-for-stm32.10.3-2021.10.macos64_1.0.0.202111181127/tools/bin/../lib/gcc/arm-none-eabi/10.3.1/../../../../arm-none-eabi/lib/thumb/v7-m/nofp/libc_nano.a(lib_a-mprec.o)
                0x000000000800fa2c                __multadd
 .text.__hi0bits
                0x000000000800fab8       0x40 /Applications/STM32CubeIDE.app/Contents/Eclipse/plugins/com.st.stm32cube.ide.mcu.externaltools.gnu-tools-for-stm32.10.3-2021.10.macos64_1.0.0.202111181127/tools/bin/../lib/gcc/arm-none-eabi/10.3.1/../../../../arm-none-eabi/lib/thumb/v7-m/nofp/libc_nano.a(lib_a-mprec.o)
                0x000000000800fab8                __hi0bits
 .text.__lo0bits
                0x000000000800faf8       0x5a /Applications/STM32CubeIDE.app/Contents/Eclipse/plugins/com.st.stm32cube.ide.mcu.externaltools.gnu-tools-for-stm32.10.3-2021.10.macos64_1.0.0.202111181127/tools/bin/../lib/gcc/arm-none-eabi/10.3.1/../../../../arm-none-eabi/lib/thumb/v7-m/nofp/libc_nano.a(lib_a-mprec.o)
                0x000000000800faf8                __lo0bits
 *fill*         0x000000000800fb52        0x2 
 .text.__i2b    0x000000000800fb54       0x2c /Applications/STM32CubeIDE.app/Contents/Eclipse/plugins/com.st.stm32cube.ide.mcu.externaltools.gnu-tools-for-stm32.10.3-2021.10.macos64_1.0.0.202111181127/tools/bin/../lib/gcc/arm-none-eabi/10.3.1/../../../../arm-none-eabi/lib/thumb/v7-m/nofp/libc_nano.a(lib_a-mprec.o)
                0x000000000800fb54                __i2b
 .text.__multiply
                0x000000000800fb80      0x150 /Applications/STM32CubeIDE.app/Contents/Eclipse/plugins/com.st.stm32cube.ide.mcu.externaltools.gnu-tools-for-stm32.10.3-2021.10.macos64_1.0.0.202111181127/tools/bin/../lib/gcc/arm-none-eabi/10.3.1/../../../../arm-none-eabi/lib/thumb/v7-m/nofp/libc_nano.a(lib_a-mprec.o)
                0x000000000800fb80                __multiply
 .text.__pow5mult
                0x000000000800fcd0       0xb4 /Applications/STM32CubeIDE.app/Contents/Eclipse/plugins/com.st.stm32cube.ide.mcu.externaltools.gnu-tools-for-stm32.10.3-2021.10.macos64_1.0.0.202111181127/tools/bin/../lib/gcc/arm-none-eabi/10.3.1/../../../../arm-none-eabi/lib/thumb/v7-m/nofp/libc_nano.a(lib_a-mprec.o)
                0x000000000800fcd0                __pow5mult
 .text.__lshift
                0x000000000800fd84       0xe0 /Applications/STM32CubeIDE.app/Contents/Eclipse/plugins/com.st.stm32cube.ide.mcu.externaltools.gnu-tools-for-stm32.10.3-2021.10.macos64_1.0.0.202111181127/tools/bin/../lib/gcc/arm-none-eabi/10.3.1/../../../../arm-none-eabi/lib/thumb/v7-m/nofp/libc_nano.a(lib_a-mprec.o)
                0x000000000800fd84                __lshift
 .text.__mcmp   0x000000000800fe64       0x36 /Applications/STM32CubeIDE.app/Contents/Eclipse/plugins/com.st.stm32cube.ide.mcu.externaltools.gnu-tools-for-stm32.10.3-2021.10.macos64_1.0.0.202111181127/tools/bin/../lib/gcc/arm-none-eabi/10.3.1/../../../../arm-none-eabi/lib/thumb/v7-m/nofp/libc_nano.a(lib_a-mprec.o)
                0x000000000800fe64                __mcmp
 *fill*         0x000000000800fe9a        0x2 
 .text.__mdiff  0x000000000800fe9c      0x118 /Applications/STM32CubeIDE.app/Contents/Eclipse/plugins/com.st.stm32cube.ide.mcu.externaltools.gnu-tools-for-stm32.10.3-2021.10.macos64_1.0.0.202111181127/tools/bin/../lib/gcc/arm-none-eabi/10.3.1/../../../../arm-none-eabi/lib/thumb/v7-m/nofp/libc_nano.a(lib_a-mprec.o)
                0x000000000800fe9c                __mdiff
 .text.__d2b    0x000000000800ffb4       0xb8 /Applications/STM32CubeIDE.app/Contents/Eclipse/plugins/com.st.stm32cube.ide.mcu.externaltools.gnu-tools-for-stm32.10.3-2021.10.macos64_1.0.0.202111181127/tools/bin/../lib/gcc/arm-none-eabi/10.3.1/../../../../arm-none-eabi/lib/thumb/v7-m/nofp/libc_nano.a(lib_a-mprec.o)
                0x000000000800ffb4                __d2b
 .text._calloc_r
                0x000000000801006c       0x28 /Applications/STM32CubeIDE.app/Contents/Eclipse/plugins/com.st.stm32cube.ide.mcu.externaltools.gnu-tools-for-stm32.10.3-2021.10.macos64_1.0.0.202111181127/tools/bin/../lib/gcc/arm-none-eabi/10.3.1/../../../../arm-none-eabi/lib/thumb/v7-m/nofp/libc_nano.a(lib_a-nano-callocr.o)
                0x000000000801006c                _calloc_r
 .text._free_r  0x0000000008010094       0x90 /Applications/STM32CubeIDE.app/Contents/Eclipse/plugins/com.st.stm32cube.ide.mcu.externaltools.gnu-tools-for-stm32.10.3-2021.10.macos64_1.0.0.202111181127/tools/bin/../lib/gcc/arm-none-eabi/10.3.1/../../../../arm-none-eabi/lib/thumb/v7-m/nofp/libc_nano.a(lib_a-nano-freer.o)
                0x0000000008010094                _free_r
 .text.sbrk_aligned
                0x0000000008010124       0x40 /Applications/STM32CubeIDE.app/Contents/Eclipse/plugins/com.st.stm32cube.ide.mcu.externaltools.gnu-tools-for-stm32.10.3-2021.10.macos64_1.0.0.202111181127/tools/bin/../lib/gcc/arm-none-eabi/10.3.1/../../../../arm-none-eabi/lib/thumb/v7-m/nofp/libc_nano.a(lib_a-nano-mallocr.o)
 .text._malloc_r
                0x0000000008010164       0xe8 /Applications/STM32CubeIDE.app/Contents/Eclipse/plugins/com.st.stm32cube.ide.mcu.externaltools.gnu-tools-for-stm32.10.3-2021.10.macos64_1.0.0.202111181127/tools/bin/../lib/gcc/arm-none-eabi/10.3.1/../../../../arm-none-eabi/lib/thumb/v7-m/nofp/libc_nano.a(lib_a-nano-mallocr.o)
                0x0000000008010164                _malloc_r
 .text.__ssputs_r
                0x000000000801024c       0xb6 /Applications/STM32CubeIDE.app/Contents/Eclipse/plugins/com.st.stm32cube.ide.mcu.externaltools.gnu-tools-for-stm32.10.3-2021.10.macos64_1.0.0.202111181127/tools/bin/../lib/gcc/arm-none-eabi/10.3.1/../../../../arm-none-eabi/lib/thumb/v7-m/nofp/libc_nano.a(lib_a-nano-svfprintf.o)
                0x000000000801024c                __ssputs_r
 *fill*         0x0000000008010302        0x2 
 .text._svfprintf_r
                0x0000000008010304      0x200 /Applications/STM32CubeIDE.app/Contents/Eclipse/plugins/com.st.stm32cube.ide.mcu.externaltools.gnu-tools-for-stm32.10.3-2021.10.macos64_1.0.0.202111181127/tools/bin/../lib/gcc/arm-none-eabi/10.3.1/../../../../arm-none-eabi/lib/thumb/v7-m/nofp/libc_nano.a(lib_a-nano-svfprintf.o)
                0x0000000008010304                _svfprintf_r
                0x0000000008010304                _svfiprintf_r
 .text._sbrk_r  0x0000000008010504       0x20 /Applications/STM32CubeIDE.app/Contents/Eclipse/plugins/com.st.stm32cube.ide.mcu.externaltools.gnu-tools-for-stm32.10.3-2021.10.macos64_1.0.0.202111181127/tools/bin/../lib/gcc/arm-none-eabi/10.3.1/../../../../arm-none-eabi/lib/thumb/v7-m/nofp/libc_nano.a(lib_a-sbrkr.o)
                0x0000000008010504                _sbrk_r
 .text.__assert_func
                0x0000000008010524       0x3c /Applications/STM32CubeIDE.app/Contents/Eclipse/plugins/com.st.stm32cube.ide.mcu.externaltools.gnu-tools-for-stm32.10.3-2021.10.macos64_1.0.0.202111181127/tools/bin/../lib/gcc/arm-none-eabi/10.3.1/../../../../arm-none-eabi/lib/thumb/v7-m/nofp/libc_nano.a(lib_a-assert.o)
                0x0000000008010524                __assert_func
 .text.fprintf  0x0000000008010560       0x24 /Applications/STM32CubeIDE.app/Contents/Eclipse/plugins/com.st.stm32cube.ide.mcu.externaltools.gnu-tools-for-stm32.10.3-2021.10.macos64_1.0.0.202111181127/tools/bin/../lib/gcc/arm-none-eabi/10.3.1/../../../../arm-none-eabi/lib/thumb/v7-m/nofp/libc_nano.a(lib_a-fprintf.o)
                0x0000000008010560                fprintf
                0x0000000008010560                fiprintf
 .text.__ascii_mbtowc
                0x0000000008010584       0x24 /Applications/STM32CubeIDE.app/Contents/Eclipse/plugins/com.st.stm32cube.ide.mcu.externaltools.gnu-tools-for-stm32.10.3-2021.10.macos64_1.0.0.202111181127/tools/bin/../lib/gcc/arm-none-eabi/10.3.1/../../../../arm-none-eabi/lib/thumb/v7-m/nofp/libc_nano.a(lib_a-mbtowc_r.o)
                0x0000000008010584                __ascii_mbtowc
 .text.memmove  0x00000000080105a8       0x34 /Applications/STM32CubeIDE.app/Contents/Eclipse/plugins/com.st.stm32cube.ide.mcu.externaltools.gnu-tools-for-stm32.10.3-2021.10.macos64_1.0.0.202111181127/tools/bin/../lib/gcc/arm-none-eabi/10.3.1/../../../../arm-none-eabi/lib/thumb/v7-m/nofp/libc_nano.a(lib_a-memmove.o)
                0x00000000080105a8                memmove
 .text.__malloc_lock
                0x00000000080105dc        0xc /Applications/STM32CubeIDE.app/Contents/Eclipse/plugins/com.st.stm32cube.ide.mcu.externaltools.gnu-tools-for-stm32.10.3-2021.10.macos64_1.0.0.202111181127/tools/bin/../lib/gcc/arm-none-eabi/10.3.1/../../../../arm-none-eabi/lib/thumb/v7-m/nofp/libc_nano.a(lib_a-mlock.o)
                0x00000000080105dc                __malloc_lock
 .text.__malloc_unlock
                0x00000000080105e8        0xc /Applications/STM32CubeIDE.app/Contents/Eclipse/plugins/com.st.stm32cube.ide.mcu.externaltools.gnu-tools-for-stm32.10.3-2021.10.macos64_1.0.0.202111181127/tools/bin/../lib/gcc/arm-none-eabi/10.3.1/../../../../arm-none-eabi/lib/thumb/v7-m/nofp/libc_nano.a(lib_a-mlock.o)
                0x00000000080105e8                __malloc_unlock
 .text._realloc_r
                0x00000000080105f4       0x5e /Applications/STM32CubeIDE.app/Contents/Eclipse/plugins/com.st.stm32cube.ide.mcu.externaltools.gnu-tools-for-stm32.10.3-2021.10.macos64_1.0.0.202111181127/tools/bin/../lib/gcc/arm-none-eabi/10.3.1/../../../../arm-none-eabi/lib/thumb/v7-m/nofp/libc_nano.a(lib_a-nano-reallocr.o)
                0x00000000080105f4                _realloc_r
 .text.__sfputc_r
                0x0000000008010652       0x2a /Applications/STM32CubeIDE.app/Contents/Eclipse/plugins/com.st.stm32cube.ide.mcu.externaltools.gnu-tools-for-stm32.10.3-2021.10.macos64_1.0.0.202111181127/tools/bin/../lib/gcc/arm-none-eabi/10.3.1/../../../../arm-none-eabi/lib/thumb/v7-m/nofp/libc_nano.a(lib_a-nano-vfprintf.o)
 .text.__sfputs_r
                0x000000000801067c       0x24 /Applications/STM32CubeIDE.app/Contents/Eclipse/plugins/com.st.stm32cube.ide.mcu.externaltools.gnu-tools-for-stm32.10.3-2021.10.macos64_1.0.0.202111181127/tools/bin/../lib/gcc/arm-none-eabi/10.3.1/../../../../arm-none-eabi/lib/thumb/v7-m/nofp/libc_nano.a(lib_a-nano-vfprintf.o)
                0x000000000801067c                __sfputs_r
 .text._vfprintf_r
                0x00000000080106a0      0x260 /Applications/STM32CubeIDE.app/Contents/Eclipse/plugins/com.st.stm32cube.ide.mcu.externaltools.gnu-tools-for-stm32.10.3-2021.10.macos64_1.0.0.202111181127/tools/bin/../lib/gcc/arm-none-eabi/10.3.1/../../../../arm-none-eabi/lib/thumb/v7-m/nofp/libc_nano.a(lib_a-nano-vfprintf.o)
                0x00000000080106a0                _vfiprintf_r
                0x00000000080106a0                _vfprintf_r
 .text.__swbuf_r
                0x0000000008010900       0xa4 /Applications/STM32CubeIDE.app/Contents/Eclipse/plugins/com.st.stm32cube.ide.mcu.externaltools.gnu-tools-for-stm32.10.3-2021.10.macos64_1.0.0.202111181127/tools/bin/../lib/gcc/arm-none-eabi/10.3.1/../../../../arm-none-eabi/lib/thumb/v7-m/nofp/libc_nano.a(lib_a-wbuf.o)
                0x0000000008010900                __swbuf_r
 .text.__ascii_wctomb
                0x00000000080109a4       0x1a /Applications/STM32CubeIDE.app/Contents/Eclipse/plugins/com.st.stm32cube.ide.mcu.externaltools.gnu-tools-for-stm32.10.3-2021.10.macos64_1.0.0.202111181127/tools/bin/../lib/gcc/arm-none-eabi/10.3.1/../../../../arm-none-eabi/lib/thumb/v7-m/nofp/libc_nano.a(lib_a-wctomb_r.o)
                0x00000000080109a4                __ascii_wctomb
 *fill*         0x00000000080109be        0x2 
 .text.__swsetup_r
                0x00000000080109c0       0xdc /Applications/STM32CubeIDE.app/Contents/Eclipse/plugins/com.st.stm32cube.ide.mcu.externaltools.gnu-tools-for-stm32.10.3-2021.10.macos64_1.0.0.202111181127/tools/bin/../lib/gcc/arm-none-eabi/10.3.1/../../../../arm-none-eabi/lib/thumb/v7-m/nofp/libc_nano.a(lib_a-wsetup.o)
                0x00000000080109c0                __swsetup_r
 .text.abort    0x0000000008010a9c        0xe /Applications/STM32CubeIDE.app/Contents/Eclipse/plugins/com.st.stm32cube.ide.mcu.externaltools.gnu-tools-for-stm32.10.3-2021.10.macos64_1.0.0.202111181127/tools/bin/../lib/gcc/arm-none-eabi/10.3.1/../../../../arm-none-eabi/lib/thumb/v7-m/nofp/libc_nano.a(lib_a-abort.o)
                0x0000000008010a9c                abort
 *fill*         0x0000000008010aaa        0x2 
 .text.__sflush_r
                0x0000000008010aac      0x104 /Applications/STM32CubeIDE.app/Contents/Eclipse/plugins/com.st.stm32cube.ide.mcu.externaltools.gnu-tools-for-stm32.10.3-2021.10.macos64_1.0.0.202111181127/tools/bin/../lib/gcc/arm-none-eabi/10.3.1/../../../../arm-none-eabi/lib/thumb/v7-m/nofp/libc_nano.a(lib_a-fflush.o)
                0x0000000008010aac                __sflush_r
 .text._fflush_r
                0x0000000008010bb0       0x78 /Applications/STM32CubeIDE.app/Contents/Eclipse/plugins/com.st.stm32cube.ide.mcu.externaltools.gnu-tools-for-stm32.10.3-2021.10.macos64_1.0.0.202111181127/tools/bin/../lib/gcc/arm-none-eabi/10.3.1/../../../../arm-none-eabi/lib/thumb/v7-m/nofp/libc_nano.a(lib_a-fflush.o)
                0x0000000008010bb0                _fflush_r
 .text.std      0x0000000008010c28       0x48 /Applications/STM32CubeIDE.app/Contents/Eclipse/plugins/com.st.stm32cube.ide.mcu.externaltools.gnu-tools-for-stm32.10.3-2021.10.macos64_1.0.0.202111181127/tools/bin/../lib/gcc/arm-none-eabi/10.3.1/../../../../arm-none-eabi/lib/thumb/v7-m/nofp/libc_nano.a(lib_a-findfp.o)
 .text._cleanup_r
                0x0000000008010c70        0xc /Applications/STM32CubeIDE.app/Contents/Eclipse/plugins/com.st.stm32cube.ide.mcu.externaltools.gnu-tools-for-stm32.10.3-2021.10.macos64_1.0.0.202111181127/tools/bin/../lib/gcc/arm-none-eabi/10.3.1/../../../../arm-none-eabi/lib/thumb/v7-m/nofp/libc_nano.a(lib_a-findfp.o)
                0x0000000008010c70                _cleanup_r
 .text.__sfmoreglue
                0x0000000008010c7c       0x2c /Applications/STM32CubeIDE.app/Contents/Eclipse/plugins/com.st.stm32cube.ide.mcu.externaltools.gnu-tools-for-stm32.10.3-2021.10.macos64_1.0.0.202111181127/tools/bin/../lib/gcc/arm-none-eabi/10.3.1/../../../../arm-none-eabi/lib/thumb/v7-m/nofp/libc_nano.a(lib_a-findfp.o)
                0x0000000008010c7c                __sfmoreglue
 .text.__sfp_lock_acquire
                0x0000000008010ca8        0xc /Applications/STM32CubeIDE.app/Contents/Eclipse/plugins/com.st.stm32cube.ide.mcu.externaltools.gnu-tools-for-stm32.10.3-2021.10.macos64_1.0.0.202111181127/tools/bin/../lib/gcc/arm-none-eabi/10.3.1/../../../../arm-none-eabi/lib/thumb/v7-m/nofp/libc_nano.a(lib_a-findfp.o)
                0x0000000008010ca8                __sfp_lock_acquire
 .text.__sfp_lock_release
                0x0000000008010cb4        0xc /Applications/STM32CubeIDE.app/Contents/Eclipse/plugins/com.st.stm32cube.ide.mcu.externaltools.gnu-tools-for-stm32.10.3-2021.10.macos64_1.0.0.202111181127/tools/bin/../lib/gcc/arm-none-eabi/10.3.1/../../../../arm-none-eabi/lib/thumb/v7-m/nofp/libc_nano.a(lib_a-findfp.o)
                0x0000000008010cb4                __sfp_lock_release
 .text.__sinit_lock_acquire
                0x0000000008010cc0        0xc /Applications/STM32CubeIDE.app/Contents/Eclipse/plugins/com.st.stm32cube.ide.mcu.externaltools.gnu-tools-for-stm32.10.3-2021.10.macos64_1.0.0.202111181127/tools/bin/../lib/gcc/arm-none-eabi/10.3.1/../../../../arm-none-eabi/lib/thumb/v7-m/nofp/libc_nano.a(lib_a-findfp.o)
                0x0000000008010cc0                __sinit_lock_acquire
 .text.__sinit_lock_release
                0x0000000008010ccc        0xc /Applications/STM32CubeIDE.app/Contents/Eclipse/plugins/com.st.stm32cube.ide.mcu.externaltools.gnu-tools-for-stm32.10.3-2021.10.macos64_1.0.0.202111181127/tools/bin/../lib/gcc/arm-none-eabi/10.3.1/../../../../arm-none-eabi/lib/thumb/v7-m/nofp/libc_nano.a(lib_a-findfp.o)
                0x0000000008010ccc                __sinit_lock_release
 .text.__sinit  0x0000000008010cd8       0x70 /Applications/STM32CubeIDE.app/Contents/Eclipse/plugins/com.st.stm32cube.ide.mcu.externaltools.gnu-tools-for-stm32.10.3-2021.10.macos64_1.0.0.202111181127/tools/bin/../lib/gcc/arm-none-eabi/10.3.1/../../../../arm-none-eabi/lib/thumb/v7-m/nofp/libc_nano.a(lib_a-findfp.o)
                0x0000000008010cd8                __sinit
 .text.__sfp    0x0000000008010d48       0x8c /Applications/STM32CubeIDE.app/Contents/Eclipse/plugins/com.st.stm32cube.ide.mcu.externaltools.gnu-tools-for-stm32.10.3-2021.10.macos64_1.0.0.202111181127/tools/bin/../lib/gcc/arm-none-eabi/10.3.1/../../../../arm-none-eabi/lib/thumb/v7-m/nofp/libc_nano.a(lib_a-findfp.o)
                0x0000000008010d48                __sfp
 .text._fwalk_reent
                0x0000000008010dd4       0x3e /Applications/STM32CubeIDE.app/Contents/Eclipse/plugins/com.st.stm32cube.ide.mcu.externaltools.gnu-tools-for-stm32.10.3-2021.10.macos64_1.0.0.202111181127/tools/bin/../lib/gcc/arm-none-eabi/10.3.1/../../../../arm-none-eabi/lib/thumb/v7-m/nofp/libc_nano.a(lib_a-fwalk.o)
                0x0000000008010dd4                _fwalk_reent