../Core/Src/main.c:98:5:main	104	static
../Core/Src/main.c:346:6:SystemClock_Config	72	static
../Core/Src/main.c:386:13:MX_I2C1_Init	8	static
../Core/Src/main.c:420:13:MX_I2C2_Init	8	static
../Core/Src/main.c:454:13:MX_TIM1_Init	96	static
../Core/Src/main.c:529:13:MX_TIM3_Init	32	static
../Core/Src/main.c:572:13:MX_DMA_Init	16	static
../Core/Src/main.c:590:13:MX_GPIO_Init	48	static
../Core/Src/main.c:639:13:MX_FSMC_Init	64	static
../Core/Src/main.c:711:6:Error_Handler	4	static,ignoring_inline_asm
