../Core/Src/main.c:92:5:main	1232	static
../Core/Src/main.c:362:6:SystemClock_Config	72	static
../Core/Src/main.c:402:13:MX_I2C1_Init	8	static
../Core/Src/main.c:436:13:MX_I2C2_Init	8	static
../Core/Src/main.c:470:13:MX_TIM1_Init	96	static
../Core/Src/main.c:545:13:MX_TIM3_Init	32	static
../Core/Src/main.c:588:13:MX_DMA_Init	16	static
../Core/Src/main.c:606:13:MX_GPIO_Init	48	static
../Core/Src/main.c:665:13:MX_FSMC_Init	64	static
../Core/Src/main.c:737:6:Error_Handler	4	static,ignoring_inline_asm
