../Core/Src/stm32f1xx_hal_msp.c:68:6:HAL_MspInit	24	static
../Core/Src/stm32f1xx_hal_msp.c:94:6:HAL_I2C_MspInit	48	static
../Core/Src/stm32f1xx_hal_msp.c:150:6:HAL_I2C_MspDeInit	16	static
../Core/Src/stm32f1xx_hal_msp.c:201:6:HAL_TIM_Base_MspInit	32	static
../Core/Src/stm32f1xx_hal_msp.c:281:6:HAL_TIM_MspPostInit	40	static
../Core/Src/stm32f1xx_hal_msp.c:329:6:HAL_TIM_Base_MspDeInit	16	static
../Core/Src/stm32f1xx_hal_msp.c:379:13:HAL_FSMC_MspInit	32	static
../Core/Src/stm32f1xx_hal_msp.c:433:6:HAL_SRAM_MspInit	16	static
../Core/Src/stm32f1xx_hal_msp.c:445:13:HAL_FSMC_MspDeInit	8	static
../Core/Src/stm32f1xx_hal_msp.c:491:6:HAL_SRAM_MspDeInit	16	static
