../Core/Src/stm32f1xx_hal_msp.c:66:6:HAL_MspInit	24	static
../Core/Src/stm32f1xx_hal_msp.c:92:6:HAL_I2C_MspInit	48	static
../Core/Src/stm32f1xx_hal_msp.c:148:6:HAL_I2C_MspDeInit	16	static
../Core/Src/stm32f1xx_hal_msp.c:199:6:HAL_TIM_Base_MspInit	24	static
../Core/Src/stm32f1xx_hal_msp.c:247:6:HAL_TIM_MspPostInit	40	static
../Core/Src/stm32f1xx_hal_msp.c:277:6:HAL_TIM_Base_MspDeInit	16	static
../Core/Src/stm32f1xx_hal_msp.c:312:13:HAL_FSMC_MspInit	32	static
../Core/Src/stm32f1xx_hal_msp.c:366:6:HAL_SRAM_MspInit	16	static
../Core/Src/stm32f1xx_hal_msp.c:378:13:HAL_FSMC_MspDeInit	8	static
../Core/Src/stm32f1xx_hal_msp.c:424:6:HAL_SRAM_MspDeInit	16	static
